Archive member included because of file (symbol)

/home/airlab/robocom/Core/core/gcc-arm-none-eabi/bin/../lib/gcc/arm-none-eabi/4.9.3/../../../../arm-none-eabi/lib/armv7e-m/fpu/libstdc++.a(atexit_arm.o)
                              CMakeFiles/firmware.dir/home/airlab/robocom/robocom_controller/Robocom-firmware/generated/modules/usb/src/Module.cpp.obj (__aeabi_atexit)
/home/airlab/robocom/Core/core/gcc-arm-none-eabi/bin/../lib/gcc/arm-none-eabi/4.9.3/armv7e-m/fpu/libgcc.a(_arm_addsubdf3.o)
                              CMakeFiles/firmware.dir/home/airlab/robocom/Core/core/chibios_3/os/hal/lib/streams/chprintf.c.obj (__aeabi_dsub)
/home/airlab/robocom/Core/core/gcc-arm-none-eabi/bin/../lib/gcc/arm-none-eabi/4.9.3/armv7e-m/fpu/libgcc.a(_arm_muldivdf3.o)
                              CMakeFiles/firmware.dir/home/airlab/robocom/Core/core/chibios_3/os/hal/lib/streams/chprintf.c.obj (__aeabi_dmul)
/home/airlab/robocom/Core/core/gcc-arm-none-eabi/bin/../lib/gcc/arm-none-eabi/4.9.3/armv7e-m/fpu/libgcc.a(_arm_fixdfsi.o)
                              CMakeFiles/firmware.dir/home/airlab/robocom/Core/core/chibios_3/os/hal/lib/streams/chprintf.c.obj (__aeabi_d2iz)
/home/airlab/robocom/Core/core/gcc-arm-none-eabi/bin/../lib/gcc/arm-none-eabi/4.9.3/armv7e-m/fpu/libgcc.a(_arm_truncdfsf2.o)
                              CMakeFiles/firmware.dir/home/airlab/robocom/Core/core/chibios_3/os/hal/lib/streams/chprintf.c.obj (__aeabi_d2f)
/home/airlab/robocom/Core/core/gcc-arm-none-eabi/bin/../lib/gcc/arm-none-eabi/4.9.3/../../../../arm-none-eabi/lib/armv7e-m/fpu/libg.a(lib_a-cxa_atexit.o)
                              /home/airlab/robocom/Core/core/gcc-arm-none-eabi/bin/../lib/gcc/arm-none-eabi/4.9.3/../../../../arm-none-eabi/lib/armv7e-m/fpu/libstdc++.a(atexit_arm.o) (__cxa_atexit)
/home/airlab/robocom/Core/core/gcc-arm-none-eabi/bin/../lib/gcc/arm-none-eabi/4.9.3/../../../../arm-none-eabi/lib/armv7e-m/fpu/libg.a(lib_a-exit.o)
                              /home/airlab/robocom/Core/core/gcc-arm-none-eabi/bin/../lib/gcc/arm-none-eabi/4.9.3/../../../../arm-none-eabi/lib/armv7e-m/fpu/crt0.o (exit)
/home/airlab/robocom/Core/core/gcc-arm-none-eabi/bin/../lib/gcc/arm-none-eabi/4.9.3/../../../../arm-none-eabi/lib/armv7e-m/fpu/libg.a(lib_a-impure.o)
                              /home/airlab/robocom/Core/core/gcc-arm-none-eabi/bin/../lib/gcc/arm-none-eabi/4.9.3/../../../../arm-none-eabi/lib/armv7e-m/fpu/libg.a(lib_a-exit.o) (_global_impure_ptr)
/home/airlab/robocom/Core/core/gcc-arm-none-eabi/bin/../lib/gcc/arm-none-eabi/4.9.3/../../../../arm-none-eabi/lib/armv7e-m/fpu/libg.a(lib_a-init.o)
                              /home/airlab/robocom/Core/core/gcc-arm-none-eabi/bin/../lib/gcc/arm-none-eabi/4.9.3/../../../../arm-none-eabi/lib/armv7e-m/fpu/crt0.o (__libc_init_array)
/home/airlab/robocom/Core/core/gcc-arm-none-eabi/bin/../lib/gcc/arm-none-eabi/4.9.3/../../../../arm-none-eabi/lib/armv7e-m/fpu/libg.a(lib_a-memcpy.o)
                              CMakeFiles/firmware.dir/home/airlab/robocom/Core/core/core-mw/src/Message.cpp.obj (memcpy)
/home/airlab/robocom/Core/core/gcc-arm-none-eabi/bin/../lib/gcc/arm-none-eabi/4.9.3/../../../../arm-none-eabi/lib/armv7e-m/fpu/libg.a(lib_a-memset.o)
                              /home/airlab/robocom/Core/core/gcc-arm-none-eabi/bin/../lib/gcc/arm-none-eabi/4.9.3/../../../../arm-none-eabi/lib/armv7e-m/fpu/crt0.o (memset)
/home/airlab/robocom/Core/core/gcc-arm-none-eabi/bin/../lib/gcc/arm-none-eabi/4.9.3/../../../../arm-none-eabi/lib/armv7e-m/fpu/libg.a(lib_a-reent.o)
                              CMakeFiles/firmware.dir/home/airlab/robocom/Core/core/core-os/port/chibios/src/impl/Stubs.cpp.obj (errno)
/home/airlab/robocom/Core/core/gcc-arm-none-eabi/bin/../lib/gcc/arm-none-eabi/4.9.3/../../../../arm-none-eabi/lib/armv7e-m/fpu/libg.a(lib_a-strcasecmp.o)
                              CMakeFiles/firmware.dir/home/airlab/robocom/Core/core/chibios_3/os/various/shell.c.obj (strcasecmp)
/home/airlab/robocom/Core/core/gcc-arm-none-eabi/bin/../lib/gcc/arm-none-eabi/4.9.3/../../../../arm-none-eabi/lib/armv7e-m/fpu/libg.a(lib_a-strlen.o)
                              CMakeFiles/firmware.dir/home/airlab/robocom/Core/core/core-mw/src/CoreConfiguration.cpp.obj (strlen)
/home/airlab/robocom/Core/core/gcc-arm-none-eabi/bin/../lib/gcc/arm-none-eabi/4.9.3/../../../../arm-none-eabi/lib/armv7e-m/fpu/libg.a(lib_a-strncmp.o)
                              CMakeFiles/firmware.dir/home/airlab/robocom/Core/core/core-mw/src/BaseSubscriber.cpp.obj (strncmp)
/home/airlab/robocom/Core/core/gcc-arm-none-eabi/bin/../lib/gcc/arm-none-eabi/4.9.3/../../../../arm-none-eabi/lib/armv7e-m/fpu/libg.a(lib_a-strncpy.o)
                              CMakeFiles/firmware.dir/home/airlab/robocom/Core/core/core-mw/src/Middleware.cpp.obj (strncpy)
/home/airlab/robocom/Core/core/gcc-arm-none-eabi/bin/../lib/gcc/arm-none-eabi/4.9.3/../../../../arm-none-eabi/lib/armv7e-m/fpu/libg.a(lib_a-strpbrk.o)
[...]
Memory Configuration

Name             Origin             Length             Attributes
conf1            0x08000000         0x00000000
conf2            0x08000000         0x00000000
flash            0x08000000         0x00020000
ram0             0x20000000         0x00008000
ram1             0x00000000         0x00000000
ram2             0x00000000         0x00000000
ram3             0x00000000         0x00000000
ram4             0x10000000         0x00010000
ram5             0x00000000         0x00000000
ram6             0x00000000         0x00000000
ram7             0x00000000         0x00000000
*default*        0x00000000         0xffffffff

Linker script and memory map

LOAD /home/airlab/robocom/Core/core/gcc-arm-none-eabi/bin/../lib/gcc/arm-none-eabi/4.9.3/armv7e-m/fpu/crti.o
LOAD /home/airlab/robocom/Core/core/gcc-arm-none-eabi/bin/../lib/gcc/arm-none-eabi/4.9.3/armv7e-m/fpu/crtbegin.o
LOAD /home/airlab/robocom/Core/core/gcc-arm-none-eabi/bin/../lib/gcc/arm-none-eabi/4.9.3/../../../../arm-none-eabi/lib/armv7e-m/fpu/crt0.o
                0x00000400                __process_stack_size__ = 0x400
                0x00000400                __main_stack_size__ = 0x400
LOAD CMakeFiles/firmware.dir/home/airlab/robocom/robocom_controller/Robocom-firmware/generated/modules/usb/src/Module.cpp.obj
LOAD CMakeFiles/firmware.dir/home/airlab/robocom/robocom_controller/Robocom-firmware/generated/modules/usb/src/board.c.obj
LOAD CMakeFiles/firmware.dir/home/airlab/robocom/robocom_controller/Robocom-firmware/generated/modules/usb/src/usbcfg.c.obj
LOAD CMakeFiles/firmware.dir/home/airlab/robocom/Core/core/chibios_3/os/common/ports/ARMCMx/compilers/GCC/crt0_v7m.s.obj
LOAD CMakeFiles/firmware.dir/home/airlab/robocom/Core/core/chibios_3/os/common/ports/ARMCMx/compilers/GCC/crt1.c.obj
LOAD CMakeFiles/firmware.dir/home/airlab/robocom/Core/core/chibios_3/os/common/ports/ARMCMx/compilers/GCC/vectors.c.obj
LOAD CMakeFiles/firmware.dir/home/airlab/robocom/Core/core/chibios_3/os/rt/ports/ARMCMx/chcore.c.obj
LOAD CMakeFiles/firmware.dir/home/airlab/robocom/Core/core/chibios_3/os/rt/ports/ARMCMx/chcore_v7m.c.obj
LOAD CMakeFiles/firmware.dir/home/airlab/robocom/Core/core/chibios_3/os/rt/ports/ARMCMx/compilers/GCC/chcoreasm_v7m.s.obj
LOAD CMakeFiles/firmware.dir/home/airlab/robocom/Core/core/chibios_3/os/rt/src/chsys.c.obj
LOAD CMakeFiles/firmware.dir/home/airlab/robocom/Core/core/chibios_3/os/rt/src/chdebug.c.obj
LOAD CMakeFiles/firmware.dir/home/airlab/robocom/Core/core/chibios_3/os/rt/src/chvt.c.obj
LOAD CMakeFiles/firmware.dir/home/airlab/robocom/Core/core/chibios_3/os/rt/src/chschd.c.obj
LOAD CMakeFiles/firmware.dir/home/airlab/robocom/Core/core/chibios_3/os/rt/src/chthreads.c.obj
LOAD CMakeFiles/firmware.dir/home/airlab/robocom/Core/core/chibios_3/os/rt/src/chtm.c.obj
LOAD CMakeFiles/firmware.dir/home/airlab/robocom/Core/core/chibios_3/os/rt/src/chstats.c.obj
LOAD CMakeFiles/firmware.dir/home/airlab/robocom/Core/core/chibios_3/os/rt/src/chdynamic.c.obj
LOAD CMakeFiles/firmware.dir/home/airlab/robocom/Core/core/chibios_3/os/rt/src/chregistry.c.obj
LOAD CMakeFiles/firmware.dir/home/airlab/robocom/Core/core/chibios_3/os/rt/src/chsem.c.obj
LOAD CMakeFiles/firmware.dir/home/airlab/robocom/Core/core/chibios_3/os/rt/src/chmtx.c.obj
LOAD CMakeFiles/firmware.dir/home/airlab/robocom/Core/core/chibios_3/os/rt/src/chcond.c.obj
LOAD CMakeFiles/firmware.dir/home/airlab/robocom/Core/core/chibios_3/os/rt/src/chevents.c.obj
LOAD CMakeFiles/firmware.dir/home/airlab/robocom/Core/core/chibios_3/os/rt/src/chmsg.c.obj
LOAD CMakeFiles/firmware.dir/home/airlab/robocom/Core/core/chibios_3/os/rt/src/chmboxes.c.obj
LOAD CMakeFiles/firmware.dir/home/airlab/robocom/Core/core/chibios_3/os/rt/src/chqueues.c.obj
LOAD CMakeFiles/firmware.dir/home/airlab/robocom/Core/core/chibios_3/os/rt/src/chmemcore.c.obj
LOAD CMakeFiles/firmware.dir/home/airlab/robocom/Core/core/chibios_3/os/rt/src/chheap.c.obj
LOAD CMakeFiles/firmware.dir/home/airlab/robocom/Core/core/chibios_3/os/rt/src/chmempools.c.obj
LOAD CMakeFiles/firmware.dir/home/airlab/robocom/Core/core/chibios_3/os/hal/src/hal.c.obj
LOAD CMakeFiles/firmware.dir/home/airlab/robocom/Core/core/chibios_3/os/hal/src/hal_queues.c.obj
LOAD CMakeFiles/firmware.dir/home/airlab/robocom/Core/core/chibios_3/os/hal/osal/rt/osal.c.obj
LOAD CMakeFiles/firmware.dir/home/airlab/robocom/Core/core/chibios_3/os/hal/ports/STM32/STM32F3xx/hal_lld.c.obj
LOAD CMakeFiles/firmware.dir/home/airlab/robocom/Core/core/chibios_3/os/hal/ports/STM32/STM32F3xx/stm32_dma.c.obj
LOAD CMakeFiles/firmware.dir/home/airlab/robocom/Core/core/chibios_3/os/hal/ports/common/ARMCMx/nvic.c.obj
LOAD CMakeFiles/firmware.dir/home/airlab/robocom/Core/core/chibios_3/os/hal/src/pal.c.obj
LOAD CMakeFiles/firmware.dir/home/airlab/robocom/Core/core/chibios_3/os/hal/ports/STM32/LLD/GPIOv2/pal_lld.c.obj
LOAD CMakeFiles/firmware.dir/home/airlab/robocom/Core/core/chibios_3/os/hal/src/serial.c.obj
LOAD CMakeFiles/firmware.dir/home/airlab/robocom/Core/core/chibios_3/os/hal/ports/STM32/LLD/USARTv2/serial_lld.c.obj
LOAD CMakeFiles/firmware.dir/home/airlab/robocom/Core/core/chibios_3/os/hal/src/mmc_spi.c.obj
LOAD CMakeFiles/firmware.dir/home/airlab/robocom/Core/core/chibios_3/os/hal/src/spi.c.obj
LOAD CMakeFiles/firmware.dir/home/airlab/robocom/Core/core/chibios_3/os/hal/ports/STM32/LLD/SPIv2/spi_lld.c.obj
LOAD CMakeFiles/firmware.dir/home/airlab/robocom/Core/core/chibios_3/os/hal/src/serial_usb.c.obj
LOAD CMakeFiles/firmware.dir/home/airlab/robocom/Core/core/chibios_3/os/hal/src/usb.c.obj
LOAD CMakeFiles/firmware.dir/home/airlab/robocom/Core/core/chibios_3/os/hal/ports/STM32/LLD/USBv1/usb_lld.c.obj
LOAD CMakeFiles/firmware.dir/home/airlab/robocom/Core/core/chibios_3/os/hal/src/uart.c.obj
LOAD CMakeFiles/firmware.dir/home/airlab/robocom/Core/core/chibios_3/os/hal/ports/STM32/LLD/USARTv2/uart_lld.c.obj
LOAD CMakeFiles/firmware.dir/home/airlab/robocom/Core/core/chibios_3/os/hal/lib/streams/chprintf.c.obj
LOAD CMakeFiles/firmware.dir/home/airlab/robocom/Core/core/chibios_3/os/various/shell.c.obj
LOAD CMakeFiles/firmware.dir/home/airlab/robocom/Core/core/chibios_3/os/various/syscalls.c.obj
LOAD CMakeFiles/firmware.dir/home/airlab/robocom/Core/core/chibios_3/os/hal/src/st.c.obj
LOAD CMakeFiles/firmware.dir/home/airlab/robocom/Core/core/chibios_3/os/hal/ports/STM32/LLD/TIMv1/st_lld.c.obj
LOAD CMakeFiles/firmware.dir/home/airlab/robocom/Core/core/core-base/src/core-base.cpp.obj
LOAD CMakeFiles/firmware.dir/home/airlab/robocom/Core/core/core-os/src/core-os.cpp.obj
LOAD CMakeFiles/firmware.dir/home/airlab/robocom/Core/core/core-os/src/Time.cpp.obj
LOAD CMakeFiles/firmware.dir/home/airlab/robocom/Core/core/core-os/port/chibios/src/impl/Time_.cpp.obj
LOAD CMakeFiles/firmware.dir/home/airlab/robocom/Core/core/core-os/port/chibios/src/impl/Stubs.cpp.obj
LOAD CMakeFiles/firmware.dir/home/airlab/robocom/Core/core/core-mw/src/core-mw.cpp.obj
LOAD CMakeFiles/firmware.dir/home/airlab/robocom/Core/core/core-mw/src/impl/ArrayQueue_.cpp.obj
LOAD CMakeFiles/firmware.dir/home/airlab/robocom/Core/core/core-mw/src/impl/SimplePool_.cpp.obj
LOAD CMakeFiles/firmware.dir/home/airlab/robocom/Core/core/core-mw/src/impl/StaticList_.cpp.obj
LOAD CMakeFiles/firmware.dir/home/airlab/robocom/Core/core/core-mw/src/impl/StaticQueue_.cpp.obj
LOAD CMakeFiles/firmware.dir/home/airlab/robocom/Core/core/core-mw/src/BasePublisher.cpp.obj
LOAD CMakeFiles/firmware.dir/home/airlab/robocom/Core/core/core-mw/src/BaseSubscriber.cpp.obj
LOAD CMakeFiles/firmware.dir/home/airlab/robocom/Core/core/core-mw/src/BaseSubscriberQueue.cpp.obj
LOAD CMakeFiles/firmware.dir/home/airlab/robocom/Core/core/core-mw/src/BootMsg.cpp.obj
LOAD CMakeFiles/firmware.dir/home/airlab/robocom/Core/core/core-mw/src/Checksummer.cpp.obj
LOAD CMakeFiles/firmware.dir/home/airlab/robocom/Core/core/core-mw/src/LocalPublisher.cpp.obj
LOAD CMakeFiles/firmware.dir/home/airlab/robocom/Core/core/core-mw/src/LocalSubscriber.cpp.obj
LOAD CMakeFiles/firmware.dir/home/airlab/robocom/Core/core/core-mw/src/MessagePtrQueue.cpp.obj
LOAD CMakeFiles/firmware.dir/home/airlab/robocom/Core/core/core-mw/src/Message.cpp.obj
LOAD CMakeFiles/firmware.dir/home/airlab/robocom/Core/core/core-mw/src/Middleware.cpp.obj
LOAD CMakeFiles/firmware.dir/home/airlab/robocom/Core/core/core-mw/src/Node.cpp.obj
LOAD CMakeFiles/firmware.dir/home/airlab/robocom/Core/core/core-mw/src/RemotePublisher.cpp.obj
LOAD CMakeFiles/firmware.dir/home/airlab/robocom/Core/core/core-mw/src/RemoteSubscriber.cpp.obj
LOAD CMakeFiles/firmware.dir/home/airlab/robocom/Core/core/core-mw/src/TimestampedMsgPtrQueue.cpp.obj
LOAD CMakeFiles/firmware.dir/home/airlab/robocom/Core/core/core-mw/src/Topic.cpp.obj
LOAD CMakeFiles/firmware.dir/home/airlab/robocom/Core/core/core-mw/src/Transport.cpp.obj
LOAD CMakeFiles/firmware.dir/home/airlab/robocom/Core/core/core-mw/src/Utils.cpp.obj
LOAD CMakeFiles/firmware.dir/home/airlab/robocom/Core/core/core-mw/src/CoreNode.cpp.obj
LOAD CMakeFiles/firmware.dir/home/airlab/robocom/Core/core/core-mw/src/CoreNodeManager.cpp.obj
LOAD CMakeFiles/firmware.dir/home/airlab/robocom/Core/core/core-mw/src/CoreConfiguration.cpp.obj
LOAD CMakeFiles/firmware.dir/home/airlab/robocom/Core/core/core-mw/src/CoreConfigurationManager.cpp.obj
LOAD CMakeFiles/firmware.dir/home/airlab/robocom/Core/core/core-mw/src/CoreModule.cpp.obj
LOAD CMakeFiles/firmware.dir/home/airlab/robocom/Core/core/core-mw/src/UID.cpp.obj
LOAD CMakeFiles/firmware.dir/home/airlab/robocom/Core/core/core-mw/port/chibios/src/impl/Middleware_.cpp.obj
LOAD CMakeFiles/firmware.dir/home/airlab/robocom/Core/core/core-transport-rtcan/src/core-transport-rtcan.cpp.obj
LOAD CMakeFiles/firmware.dir/home/airlab/robocom/Core/core/core-transport-rtcan/src/RTCANTransport.cpp.obj
LOAD CMakeFiles/firmware.dir/home/airlab/robocom/Core/core/core-transport-rtcan/src/RTCANPublisher.cpp.obj
LOAD CMakeFiles/firmware.dir/home/airlab/robocom/Core/core/core-transport-rtcan/src/RTCANSubscriber.cpp.obj
LOAD CMakeFiles/firmware.dir/home/airlab/robocom/Core/core/core-hw/src/core-hw.cpp.obj
LOAD CMakeFiles/firmware.dir/home/airlab/robocom/Core/core/core-utils/src/core-utils.cpp.obj
LOAD CMakeFiles/firmware.dir/home/airlab/robocom/Core/core/core-comm-can/src/rtcan.c.obj
LOAD CMakeFiles/firmware.dir/home/airlab/robocom/Core/core/core-comm-can/src/msgqueue.c.obj
LOAD CMakeFiles/firmware.dir/home/airlab/robocom/Core/core/core-comm-can/src/hrt.c.obj
LOAD CMakeFiles/firmware.dir/home/airlab/robocom/Core/core/core-comm-can/src/srt.c.obj
LOAD CMakeFiles/firmware.dir/home/airlab/robocom/Core/core/core-comm-can/platforms/STM32/rtcan_lld_can.c.obj
LOAD CMakeFiles/firmware.dir/home/airlab/robocom/Core/core/core-comm-can/platforms/STM32/rtcan_lld_tim.c.obj
LOAD CMakeFiles/firmware.dir/home/airlab/robocom/robocom_controller/Robocom-firmware/generated/packages/led/src/Publisher.cpp.obj
LOAD CMakeFiles/firmware.dir/home/airlab/robocom/robocom_controller/Robocom-firmware/generated/packages/led/src/Subscriber.cpp.obj
LOAD CMakeFiles/firmware.dir/home/airlab/robocom/robocom_controller/Robocom-firmware/generated/packages/led/src/PublisherConfiguration.cpp.obj
LOAD CMakeFiles/firmware.dir/home/airlab/robocom/robocom_controller/Robocom-firmware/generated/packages/led/src/SubscriberConfiguration.cpp.obj
LOAD CMakeFiles/firmware.dir/main.cpp.obj
LOAD /home/airlab/robocom/Core/core/gcc-arm-none-eabi/bin/../lib/gcc/arm-none-eabi/4.9.3/../../../../arm-none-eabi/lib/armv7e-m/fpu/libstdc++.a
LOAD /home/airlab/robocom/Core/core/gcc-arm-none-eabi/bin/../lib/gcc/arm-none-eabi/4.9.3/../../../../arm-none-eabi/lib/armv7e-m/fpu/libm.a
START GROUP
LOAD /home/airlab/robocom/Core/core/gcc-arm-none-eabi/bin/../lib/gcc/arm-none-eabi/4.9.3/armv7e-m/fpu/libgcc.a
LOAD /home/airlab/robocom/Core/core/gcc-arm-none-eabi/bin/../lib/gcc/arm-none-eabi/4.9.3/../../../../arm-none-eabi/lib/armv7e-m/fpu/libg.a
LOAD /home/airlab/robocom/Core/core/gcc-arm-none-eabi/bin/../lib/gcc/arm-none-eabi/4.9.3/../../../../arm-none-eabi/lib/armv7e-m/fpu/libc.a
END GROUP
LOAD /home/airlab/robocom/Core/core/gcc-arm-none-eabi/bin/../lib/gcc/arm-none-eabi/4.9.3/armv7e-m/fpu/crtend.o
LOAD /home/airlab/robocom/Core/core/gcc-arm-none-eabi/bin/../lib/gcc/arm-none-eabi/4.9.3/armv7e-m/fpu/crtn.o
                0x08000000                _conf1_address_bottom = ORIGIN (conf1)
                0x08000000                _conf1_address_top = (ORIGIN (conf1) + 0x0)
                0x08000000                PROVIDE (conf1_address_bottom, _conf1_address_bottom)
                0x08000000                PROVIDE (conf1_address_top, _conf1_address_top)
                0x08000000                _conf2_address_bottom = ORIGIN (conf2)
                0x08000000                _conf2_address_top = (ORIGIN (conf2) + 0x0)
                0x08000000                PROVIDE (conf2_address_bottom, _conf2_address_bottom)
                0x08000000                PROVIDE (conf2_address_top, _conf2_address_top)
                0x20000000                __ram0_start__ = ORIGIN (ram0)
                0x00008000                __ram0_size__ = 0x8000
                0x20008000                __ram0_end__ = (__ram0_start__ + __ram0_size__)
                0x00000000                __ram1_start__ = ORIGIN (ram1)
                0x00000000                __ram1_size__ = 0x0
                0x00000000                __ram1_end__ = (__ram1_start__ + __ram1_size__)
                0x00000000                __ram2_start__ = ORIGIN (ram2)
                0x00000000                __ram2_size__ = 0x0
                0x00000000                __ram2_end__ = (__ram2_start__ + __ram2_size__)
                0x00000000                __ram3_start__ = ORIGIN (ram3)
                0x00000000                __ram3_size__ = 0x0
                0x00000000                __ram3_end__ = (__ram3_start__ + __ram3_size__)
                0x10000000                __ram4_start__ = ORIGIN (ram4)
                0x00010000                __ram4_size__ = 0x10000
                0x10010000                __ram4_end__ = (__ram4_start__ + __ram4_size__)
                0x00000000                __ram5_start__ = ORIGIN (ram5)
                0x00000000                __ram5_size__ = 0x0
                0x00000000                __ram5_end__ = (__ram5_start__ + __ram5_size__)
                0x00000000                __ram6_start__ = ORIGIN (ram6)
                0x00000000                __ram6_size__ = 0x0
                0x00000000                __ram6_end__ = (__ram6_start__ + __ram6_size__)
                0x00000000                __ram7_start__ = ORIGIN (ram7)
                0x00000000                __ram7_size__ = 0x0
                0x00000000                __ram7_end__ = (__ram7_start__ + __ram7_size__)
                0x00000000                . = 0x0
                0x00000000                _text = .

startup         0x08000000      0x1a0
 *(.vectors)
 .vectors       0x08000000      0x1a0 CMakeFiles/firmware.dir/home/airlab/robocom/Core/core/chibios_3/os/common/ports/ARMCMx/compilers/GCC/vectors.c.obj
                0x08000000                _vectors

constructors    0x080001a0       0x20
                0x080001a0                PROVIDE (__init_array_start, .)
 *(SORT(.init_array.*))
 .init_array.00000
                0x080001a0        0x4 /home/airlab/robocom/Core/core/gcc-arm-none-eabi/bin/../lib/gcc/arm-none-eabi/4.9.3/../../../../arm-none-eabi/lib/armv7e-m/fpu/libg.a(lib_a-__call_atexit.o)
 *(.init_array)
 .init_array    0x080001a4        0x4 /home/airlab/robocom/Core/core/gcc-arm-none-eabi/bin/../lib/gcc/arm-none-eabi/4.9.3/armv7e-m/fpu/crtbegin.o
 .init_array    0x080001a8        0x4 CMakeFiles/firmware.dir/home/airlab/robocom/robocom_controller/Robocom-firmware/generated/modules/usb/src/Module.cpp.obj
 .init_array    0x080001ac        0x4 CMakeFiles/firmware.dir/home/airlab/robocom/Core/core/core-os/src/Time.cpp.obj
 .init_array    0x080001b0        0x4 CMakeFiles/firmware.dir/home/airlab/robocom/Core/core/core-mw/src/CoreModule.cpp.obj
 .init_array    0x080001b4        0x4 CMakeFiles/firmware.dir/home/airlab/robocom/Core/core/core-mw/src/UID.cpp.obj
 .init_array    0x080001b8        0x4 CMakeFiles/firmware.dir/home/airlab/robocom/robocom_controller/Robocom-firmware/generated/packages/led/src/Subscriber.cpp.obj
 .init_array    0x080001bc        0x4 CMakeFiles/firmware.dir/main.cpp.obj
                0x080001c0                PROVIDE (__init_array_end, .)

destructors     0x080001c0        0x4
                0x080001c0                PROVIDE (__fini_array_start, .)
 *(.fini_array)
 .fini_array    0x080001c0        0x4 /home/airlab/robocom/Core/core/gcc-arm-none-eabi/bin/../lib/gcc/arm-none-eabi/4.9.3/armv7e-m/fpu/crtbegin.o
 *(SORT(.fini_array.*))
                0x080001c4                PROVIDE (__fini_array_end, .)

.text           0x080001d0     0xb734
 *(.text)
 .text          0x080001d0       0x5c /home/airlab/robocom/Core/core/gcc-arm-none-eabi/bin/../lib/gcc/arm-none-eabi/4.9.3/armv7e-m/fpu/crtbegin.o
 *fill*         0x0800022c        0x4 
 .text          0x08000230      0x108 CMakeFiles/firmware.dir/home/airlab/robocom/Core/core/chibios_3/os/common/ports/ARMCMx/compilers/GCC/crt0_v7m.s.obj
                0x08000230                Reset_Handler
 *fill*         0x08000338        0x8 
 .text          0x08000340       0x48 CMakeFiles/firmware.dir/home/airlab/robocom/Core/core/chibios_3/os/rt/ports/ARMCMx/compilers/GCC/chcoreasm_v7m.s.obj
                0x08000340                _port_switch
                0x08000358                _port_thread_start
                0x08000370                _port_switch_from_isr
                0x08000384                _port_exit_from_isr
 *fill*         0x08000388        0x8 
 .text          0x08000390      0x134 /home/airlab/robocom/Core/core/gcc-arm-none-eabi/bin/../lib/gcc/arm-none-eabi/4.9.3/../../../../arm-none-eabi/lib/armv7e-m/fpu/libg.a(lib_a-memcpy.o)
                0x08000390                memcpy
 *(.text.*)
 *fill*         0x080004c4        0xc 
 .text._ZNK4core2mw15LocalSubscriber16get_queue_lengthEv
                0x080004d0        0x4 CMakeFiles/firmware.dir/home/airlab/robocom/robocom_controller/Robocom-firmware/generated/modules/usb/src/Module.cpp.obj
                0x080004d0                core::mw::LocalSubscriber::get_queue_length() const
 *fill*         0x080004d4        0xc 
 .text._ZN4core2mw10CoreModuleD2Ev
                0x080004e0       0x14 CMakeFiles/firmware.dir/home/airlab/robocom/robocom_controller/Robocom-firmware/generated/modules/usb/src/Module.cpp.obj
                0x080004e0                core::mw::CoreModule::~CoreModule()
                0x080004e0                core::mw::CoreModule::~CoreModule()
 *fill*         0x080004f4        0xc 
 .text._ZN4core2mw10CoreModuleD0Ev
                0x08000500       0x1c CMakeFiles/firmware.dir/home/airlab/robocom/robocom_controller/Robocom-firmware/generated/modules/usb/src/Module.cpp.obj
                0x08000500                core::mw::CoreModule::~CoreModule()
 *fill*         0x0800051c        0x4 
 .text._ZN6ModuleD2Ev
                0x08000520       0x14 CMakeFiles/firmware.dir/home/airlab/robocom/robocom_controller/Robocom-firmware/generated/modules/usb/src/Module.cpp.obj
                0x08000520                Module::~Module()
                0x08000520                Module::~Module()
 *fill*         0x08000534        0xc 
 .text._ZN6ModuleD0Ev
                0x08000540       0x1c CMakeFiles/firmware.dir/home/airlab/robocom/robocom_controller/Robocom-firmware/generated/modules/usb/src/Module.cpp.obj
                0x08000540                Module::~Module()
 *fill*         0x0800055c        0x4 
 .text._Z41__static_initialization_and_destruction_0ii
                0x08000560       0x84 CMakeFiles/firmware.dir/home/airlab/robocom/robocom_controller/Robocom-firmware/generated/modules/usb/src/Module.cpp.obj
 *fill*         0x080005e4        0xc 
 .text._ZN4core2mw16SubscriberExtBufINS0_7MgmtMsgEED2Ev
                0x080005f0       0x14 CMakeFiles/firmware.dir/home/airlab/robocom/robocom_controller/Robocom-firmware/generated/modules/usb/src/Module.cpp.obj
                0x080005f0                core::mw::SubscriberExtBuf<core::mw::MgmtMsg>::~SubscriberExtBuf()
                0x080005f0                core::mw::SubscriberExtBuf<core::mw::MgmtMsg>::~SubscriberExtBuf()
 *fill*         0x08000604        0xc 
 .text._ZN4core2mw16SubscriberExtBufINS0_7MgmtMsgEED0Ev
                0x08000610       0x1c CMakeFiles/firmware.dir/home/airlab/robocom/robocom_controller/Robocom-firmware/generated/modules/usb/src/Module.cpp.obj
                0x08000610                core::mw::SubscriberExtBuf<core::mw::MgmtMsg>::~SubscriberExtBuf()
 *fill*         0x0800062c        0x4 
 .text._ZN4core2mw15LocalSubscriber12fetch_unsafeERPNS0_7MessageERNS_2os4TimeE
                0x08000630       0x44 CMakeFiles/firmware.dir/home/airlab/robocom/robocom_controller/Robocom-firmware/generated/modules/usb/src/Module.cpp.obj
                0x08000630                core::mw::LocalSubscriber::fetch_unsafe(core::mw::Message*&, core::os::Time&)
 *fill*         0x08000674        0xc 
 .text._ZN4core2mw15LocalSubscriber13notify_unsafeERNS0_7MessageERKNS_2os4TimeE
                0x08000680       0x64 CMakeFiles/firmware.dir/home/airlab/robocom/robocom_controller/Robocom-firmware/generated/modules/usb/src/Module.cpp.obj
                0x08000680                core::mw::LocalSubscriber::notify_unsafe(core::mw::Message&, core::os::Time const&)
 *fill*         0x080006e4        0xc 
 .text._ZN4core2mw9PublisherINS0_7MgmtMsgEED2Ev
                0x080006f0       0x14 CMakeFiles/firmware.dir/home/airlab/robocom/robocom_controller/Robocom-firmware/generated/modules/usb/src/Module.cpp.obj
                0x080006f0                core::mw::Publisher<core::mw::MgmtMsg>::~Publisher()
                0x080006f0                core::mw::Publisher<core::mw::MgmtMsg>::~Publisher()
 *fill*         0x08000704        0xc 
 .text._ZN4core2mw10MiddlewareD2Ev
                0x08000710       0x30 CMakeFiles/firmware.dir/home/airlab/robocom/robocom_controller/Robocom-firmware/generated/modules/usb/src/Module.cpp.obj
                0x08000710                core::mw::Middleware::~Middleware()
                0x08000710                core::mw::Middleware::~Middleware()
 .text._ZN4core2mw9PublisherINS0_7MgmtMsgEED0Ev
                0x08000740       0x1c CMakeFiles/firmware.dir/home/airlab/robocom/robocom_controller/Robocom-firmware/generated/modules/usb/src/Module.cpp.obj
                0x08000740                core::mw::Publisher<core::mw::MgmtMsg>::~Publisher()
 *fill*         0x0800075c        0x4 
 .text._Z22usb_lld_disconnect_busP9USBDriver
                0x08000760       0x28 CMakeFiles/firmware.dir/home/airlab/robocom/robocom_controller/Robocom-firmware/generated/modules/usb/src/Module.cpp.obj
                0x08000760                usb_lld_disconnect_bus(USBDriver*)
 *fill*         0x08000788        0x8 
 .text._Z19usb_lld_connect_busP9USBDriver
                0x08000790       0x2c CMakeFiles/firmware.dir/home/airlab/robocom/robocom_controller/Robocom-firmware/generated/modules/usb/src/Module.cpp.obj
                0x08000790                usb_lld_connect_bus(USBDriver*)
 *fill*         0x080007bc        0x4 
 .text._ZN6ModuleC2Ev
                0x080007c0       0x14 CMakeFiles/firmware.dir/home/airlab/robocom/robocom_controller/Robocom-firmware/generated/modules/usb/src/Module.cpp.obj
                0x080007c0                Module::Module()
                0x080007c0                Module::Module()
 *fill*         0x080007d4        0xc 
 .text._ZN6Module10initializeEv
                0x080007e0       0xac CMakeFiles/firmware.dir/home/airlab/robocom/robocom_controller/Robocom-firmware/generated/modules/usb/src/Module.cpp.obj
                0x080007e0                Module::initialize()
 *fill*         0x0800088c        0x4 
 .text._ZN4core2mw10CoreModule3Led6toggleEv
                0x08000890       0x10 CMakeFiles/firmware.dir/home/airlab/robocom/robocom_controller/Robocom-firmware/generated/modules/usb/src/Module.cpp.obj
                0x08000890                core::mw::CoreModule::Led::toggle()
 .text._ZN4core2mw10CoreModule3Led5writeEj
                0x080008a0       0x28 CMakeFiles/firmware.dir/home/airlab/robocom/robocom_controller/Robocom-firmware/generated/modules/usb/src/Module.cpp.obj
                0x080008a0                core::mw::CoreModule::Led::write(unsigned int)
 *fill*         0x080008c8        0x8 
 .text._GLOBAL__sub_I__ZN6Module6streamE
                0x080008d0       0x10 CMakeFiles/firmware.dir/home/airlab/robocom/robocom_controller/Robocom-firmware/generated/modules/usb/src/Module.cpp.obj
 .text.__early_init
                0x080008e0        0x8 CMakeFiles/firmware.dir/home/airlab/robocom/robocom_controller/Robocom-firmware/generated/modules/usb/src/board.c.obj
                0x080008e0                __early_init
 *fill*         0x080008e8        0x8 
 .text.boardInit
                0x080008f0        0x4 CMakeFiles/firmware.dir/home/airlab/robocom/robocom_controller/Robocom-firmware/generated/modules/usb/src/board.c.obj
                0x080008f0                boardInit
 *fill*         0x080008f4        0xc 
 .text.get_descriptor
                0x08000900       0x34 CMakeFiles/firmware.dir/home/airlab/robocom/robocom_controller/Robocom-firmware/generated/modules/usb/src/usbcfg.c.obj
 *fill*         0x08000934        0xc 
 .text.usb_event
                0x08000940       0x50 CMakeFiles/firmware.dir/home/airlab/robocom/robocom_controller/Robocom-firmware/generated/modules/usb/src/usbcfg.c.obj
 .text.__core_init
                0x08000990        0x4 CMakeFiles/firmware.dir/home/airlab/robocom/Core/core/chibios_3/os/common/ports/ARMCMx/compilers/GCC/crt1.c.obj
                0x08000990                __core_init
 *fill*         0x08000994        0xc 
 .text.__late_init
                0x080009a0        0x4 CMakeFiles/firmware.dir/home/airlab/robocom/Core/core/chibios_3/os/common/ports/ARMCMx/compilers/GCC/crt1.c.obj
                0x080009a0                __late_init
 *fill*         0x080009a4        0xc 
 .text.__default_exit
                0x080009b0        0x4 CMakeFiles/firmware.dir/home/airlab/robocom/Core/core/chibios_3/os/common/ports/ARMCMx/compilers/GCC/crt1.c.obj
                0x080009b0                __default_exit
 *fill*         0x080009b4        0xc 
 .text._unhandled_exception
                0x080009c0        0x4 CMakeFiles/firmware.dir/home/airlab/robocom/Core/core/chibios_3/os/common/ports/ARMCMx/compilers/GCC/vectors.c.obj
                0x080009c0                Vector58
                0x080009c0                VectorE8
                0x080009c0                Vector9C
                0x080009c0                VectorAC
                0x080009c0                DebugMon_Handler
                0x080009c0                Vector5C
                0x080009c0                Vector11C
                0x080009c0                HardFault_Handler
                0x080009c0                Vector19C
                0x080009c0                PendSV_Handler
                0x080009c0                NMI_Handler
                0x080009c0                Vector110
                0x080009c0                VectorC8
                0x080009c0                VectorA8
                0x080009c0                VectorB4
                0x080009c0                Vector160
                0x080009c0                UsageFault_Handler
                0x080009c0                VectorEC
                0x080009c0                Vector40
                0x080009c0                VectorF8
                0x080009c0                Vector108
                0x080009c0                VectorBC
                0x080009c0                Vector190
                0x080009c0                Vector150
                0x080009c0                Vector148
                0x080009c0                Vector188
                0x080009c0                Vector198
                0x080009c0                Vector118
                0x080009c0                Vector64
                0x080009c0                VectorCC
                0x080009c0                Vector54
                0x080009c0                VectorD8
                0x080009c0                Vector138
                0x080009c0                Vector24
                0x080009c0                Vector178
                0x080009c0                VectorD0
                0x080009c0                Vector140
                0x080009c0                VectorE4
                0x080009c0                VectorC0
                0x080009c0                Vector158
                0x080009c0                Vector134
                0x080009c0                VectorF0
                0x080009c0                Vector13C
                0x080009c0                Vector100
                0x080009c0                VectorE0
                0x080009c0                VectorF4
                0x080009c0                MemManage_Handler
                0x080009c0                VectorA0
                0x080009c0                VectorC4
                0x080009c0                Vector180
                0x080009c0                VectorB0
                0x080009c0                Vector114
                0x080009c0                Vector164
                0x080009c0                Vector60
                0x080009c0                Vector1C
                0x080009c0                Vector17C
                0x080009c0                Vector48
                0x080009c0                VectorD4
                0x080009c0                Vector4C
                0x080009c0                Vector144
                0x080009c0                Vector15C
                0x080009c0                Vector68
                0x080009c0                _unhandled_exception
                0x080009c0                Vector170
                0x080009c0                Vector88
                0x080009c0                Vector104
                0x080009c0                Vector184
                0x080009c0                Vector10C
                0x080009c0                Vector14C
                0x080009c0                BusFault_Handler
                0x080009c0                Vector50
                0x080009c0                Vector194
                0x080009c0                Vector154
                0x080009c0                Vector44
                0x080009c0                Vector28
                0x080009c0                VectorB8
                0x080009c0                VectorFC
                0x080009c0                Vector34
                0x080009c0                VectorA4
                0x080009c0                Vector20
                0x080009c0                Vector18C
                0x080009c0                Vector174
 *fill*         0x080009c4        0xc 
 .text.SVC_Handler
                0x080009d0       0x20 CMakeFiles/firmware.dir/home/airlab/robocom/Core/core/chibios_3/os/rt/ports/ARMCMx/chcore_v7m.c.obj
                0x080009d0                SVC_Handler
 .text._port_irq_epilogue
                0x080009f0       0x60 CMakeFiles/firmware.dir/home/airlab/robocom/Core/core/chibios_3/os/rt/ports/ARMCMx/chcore_v7m.c.obj
                0x080009f0                _port_irq_epilogue
 .text._idle_thread
                0x08000a50        0x4 CMakeFiles/firmware.dir/home/airlab/robocom/Core/core/chibios_3/os/rt/src/chsys.c.obj
 *fill*         0x08000a54        0xc 
 .text.chSysInit
                0x08000a60       0xbc CMakeFiles/firmware.dir/home/airlab/robocom/Core/core/chibios_3/os/rt/src/chsys.c.obj
                0x08000a60                chSysInit
 *fill*         0x08000b1c        0x4 
 .text.chSysHalt
                0x08000b20        0xc CMakeFiles/firmware.dir/home/airlab/robocom/Core/core/chibios_3/os/rt/src/chsys.c.obj
                0x08000b20                chSysHalt
 *fill*         0x08000b2c        0x4 
 .text.chSysTimerHandlerI
                0x08000b30       0x7c CMakeFiles/firmware.dir/home/airlab/robocom/Core/core/chibios_3/os/rt/src/chsys.c.obj
                0x08000b30                chSysTimerHandlerI
 *fill*         0x08000bac        0x4 
 .text.chSysGetStatusAndLockX
                0x08000bb0       0x34 CMakeFiles/firmware.dir/home/airlab/robocom/Core/core/chibios_3/os/rt/src/chsys.c.obj
                0x08000bb0                chSysGetStatusAndLockX
 *fill*         0x08000be4        0xc 
 .text.chSysRestoreStatusX
                0x08000bf0       0x54 CMakeFiles/firmware.dir/home/airlab/robocom/Core/core/chibios_3/os/rt/src/chsys.c.obj
                0x08000bf0                chSysRestoreStatusX
 *fill*         0x08000c44        0xc 
 .text._dbg_check_enable
                0x08000c50       0x20 CMakeFiles/firmware.dir/home/airlab/robocom/Core/core/chibios_3/os/rt/src/chdebug.c.obj
                0x08000c50                _dbg_check_enable
 .text._dbg_check_lock
                0x08000c70       0x24 CMakeFiles/firmware.dir/home/airlab/robocom/Core/core/chibios_3/os/rt/src/chdebug.c.obj
                0x08000c70                _dbg_check_lock
 *fill*         0x08000c94        0xc 
 .text._dbg_check_unlock
                0x08000ca0       0x28 CMakeFiles/firmware.dir/home/airlab/robocom/Core/core/chibios_3/os/rt/src/chdebug.c.obj
                0x08000ca0                _dbg_check_unlock
 *fill*         0x08000cc8        0x8 
 .text._dbg_check_lock_from_isr
                0x08000cd0       0x28 CMakeFiles/firmware.dir/home/airlab/robocom/Core/core/chibios_3/os/rt/src/chdebug.c.obj
                0x08000cd0                _dbg_check_lock_from_isr
 *fill*         0x08000cf8        0x8 
 .text._dbg_check_unlock_from_isr
                0x08000d00       0x28 CMakeFiles/firmware.dir/home/airlab/robocom/Core/core/chibios_3/os/rt/src/chdebug.c.obj
                0x08000d00                _dbg_check_unlock_from_isr
 *fill*         0x08000d28        0x8 
 .text._dbg_check_enter_isr
                0x08000d30       0x34 CMakeFiles/firmware.dir/home/airlab/robocom/Core/core/chibios_3/os/rt/src/chdebug.c.obj
                0x08000d30                _dbg_check_enter_isr
 *fill*         0x08000d64        0xc 
 .text._dbg_check_leave_isr
                0x08000d70       0x34 CMakeFiles/firmware.dir/home/airlab/robocom/Core/core/chibios_3/os/rt/src/chdebug.c.obj
                0x08000d70                _dbg_check_leave_isr
 *fill*         0x08000da4        0xc 
 .text.chDbgCheckClassI
                0x08000db0       0x24 CMakeFiles/firmware.dir/home/airlab/robocom/Core/core/chibios_3/os/rt/src/chdebug.c.obj
                0x08000db0                chDbgCheckClassI
 *fill*         0x08000dd4        0xc 
 .text.chDbgCheckClassS
                0x08000de0       0x20 CMakeFiles/firmware.dir/home/airlab/robocom/Core/core/chibios_3/os/rt/src/chdebug.c.obj
                0x08000de0                chDbgCheckClassS
 .text._dbg_trace_init
                0x08000e00       0x10 CMakeFiles/firmware.dir/home/airlab/robocom/Core/core/chibios_3/os/rt/src/chdebug.c.obj
                0x08000e00                _dbg_trace_init
 .text._dbg_trace
                0x08000e10       0x3c CMakeFiles/firmware.dir/home/airlab/robocom/Core/core/chibios_3/os/rt/src/chdebug.c.obj
                0x08000e10                _dbg_trace
 *fill*         0x08000e4c        0x4 
 .text._vt_init
                0x08000e50       0x1c CMakeFiles/firmware.dir/home/airlab/robocom/Core/core/chibios_3/os/rt/src/chvt.c.obj
                0x08000e50                _vt_init
 *fill*         0x08000e6c        0x4 
 .text.chVTDoSetI
                0x08000e70       0x54 CMakeFiles/firmware.dir/home/airlab/robocom/Core/core/chibios_3/os/rt/src/chvt.c.obj
                0x08000e70                chVTDoSetI
 *fill*         0x08000ec4        0xc 
 .text.chVTDoResetI
                0x08000ed0       0x48 CMakeFiles/firmware.dir/home/airlab/robocom/Core/core/chibios_3/os/rt/src/chvt.c.obj
                0x08000ed0                chVTDoResetI
 *fill*         0x08000f18        0x8 
 .text._scheduler_init
                0x08000f20       0x14 CMakeFiles/firmware.dir/home/airlab/robocom/Core/core/chibios_3/os/rt/src/chschd.c.obj
                0x08000f20                _scheduler_init
 *fill*         0x08000f34        0xc 
 .text.chSchReadyI
                0x08000f40       0x48 CMakeFiles/firmware.dir/home/airlab/robocom/Core/core/chibios_3/os/rt/src/chschd.c.obj
                0x08000f40                chSchReadyI
 *fill*         0x08000f88        0x8 
 .text.wakeup   0x08000f90       0x74 CMakeFiles/firmware.dir/home/airlab/robocom/Core/core/chibios_3/os/rt/src/chschd.c.obj
 *fill*         0x08001004        0xc 
 .text.chSchGoSleepS
                0x08001010       0x5c CMakeFiles/firmware.dir/home/airlab/robocom/Core/core/chibios_3/os/rt/src/chschd.c.obj
                0x08001010                chSchGoSleepS
 *fill*         0x0800106c        0x4 
 .text.chSchGoSleepTimeoutS
                0x08001070       0x50 CMakeFiles/firmware.dir/home/airlab/robocom/Core/core/chibios_3/os/rt/src/chschd.c.obj
                0x08001070                chSchGoSleepTimeoutS
 .text.chSchWakeupS
                0x080010c0       0x60 CMakeFiles/firmware.dir/home/airlab/robocom/Core/core/chibios_3/os/rt/src/chschd.c.obj
                0x080010c0                chSchWakeupS
 .text.chSchIsPreemptionRequired
                0x08001120       0x28 CMakeFiles/firmware.dir/home/airlab/robocom/Core/core/chibios_3/os/rt/src/chschd.c.obj
                0x08001120                chSchIsPreemptionRequired
 *fill*         0x08001148        0x8 
 .text.chSchDoRescheduleBehind
                0x08001150       0x58 CMakeFiles/firmware.dir/home/airlab/robocom/Core/core/chibios_3/os/rt/src/chschd.c.obj
                0x08001150                chSchDoRescheduleBehind
 *fill*         0x080011a8        0x8 
 .text.chSchDoRescheduleAhead
                0x080011b0       0x68 CMakeFiles/firmware.dir/home/airlab/robocom/Core/core/chibios_3/os/rt/src/chschd.c.obj
                0x080011b0                chSchDoRescheduleAhead
 *fill*         0x08001218        0x8 
 .text.chSchRescheduleS
                0x08001220       0x24 CMakeFiles/firmware.dir/home/airlab/robocom/Core/core/chibios_3/os/rt/src/chschd.c.obj
                0x08001220                chSchRescheduleS
 *fill*         0x08001244        0xc 
 .text.chSchDoReschedule
                0x08001250       0x1c CMakeFiles/firmware.dir/home/airlab/robocom/Core/core/chibios_3/os/rt/src/chschd.c.obj
                0x08001250                chSchDoReschedule
 *fill*         0x0800126c        0x4 
 .text._thread_init
                0x08001270       0x60 CMakeFiles/firmware.dir/home/airlab/robocom/Core/core/chibios_3/os/rt/src/chthreads.c.obj
                0x08001270                _thread_init
 .text.chThdCreateI
                0x080012d0       0x4c CMakeFiles/firmware.dir/home/airlab/robocom/Core/core/chibios_3/os/rt/src/chthreads.c.obj
                0x080012d0                chThdCreateI
 *fill*         0x0800131c        0x4 
 .text.chThdCreateStatic
                0x08001320       0x68 CMakeFiles/firmware.dir/home/airlab/robocom/Core/core/chibios_3/os/rt/src/chthreads.c.obj
                0x08001320                chThdCreateStatic
 *fill*         0x08001388        0x8 
 .text.chThdSetPriority
                0x08001390       0x6c CMakeFiles/firmware.dir/home/airlab/robocom/Core/core/chibios_3/os/rt/src/chthreads.c.obj
                0x08001390                chThdSetPriority
 *fill*         0x080013fc        0x4 
 .text.chThdSleep
                0x08001400       0x58 CMakeFiles/firmware.dir/home/airlab/robocom/Core/core/chibios_3/os/rt/src/chthreads.c.obj
                0x08001400                chThdSleep
 *fill*         0x08001458        0x8 
 .text.chThdYield
                0x08001460       0x5c CMakeFiles/firmware.dir/home/airlab/robocom/Core/core/chibios_3/os/rt/src/chthreads.c.obj
                0x08001460                chThdYield
 *fill*         0x080014bc        0x4 
 .text.chThdExitS
                0x080014c0       0x48 CMakeFiles/firmware.dir/home/airlab/robocom/Core/core/chibios_3/os/rt/src/chthreads.c.obj
                0x080014c0                chThdExitS
 *fill*         0x08001508        0x8 
 .text.chThdExit
                0x08001510       0x1c CMakeFiles/firmware.dir/home/airlab/robocom/Core/core/chibios_3/os/rt/src/chthreads.c.obj
                0x08001510                chThdExit
 *fill*         0x0800152c        0x4 
 .text.chThdWait
                0x08001530       0x8c CMakeFiles/firmware.dir/home/airlab/robocom/Core/core/chibios_3/os/rt/src/chthreads.c.obj
                0x08001530                chThdWait
 *fill*         0x080015bc        0x4 
 .text.chThdEnqueueTimeoutS
                0x080015c0       0x24 CMakeFiles/firmware.dir/home/airlab/robocom/Core/core/chibios_3/os/rt/src/chthreads.c.obj
                0x080015c0                chThdEnqueueTimeoutS
 *fill*         0x080015e4        0xc 
 .text.chThdDequeueNextI
                0x080015f0       0x3c CMakeFiles/firmware.dir/home/airlab/robocom/Core/core/chibios_3/os/rt/src/chthreads.c.obj
                0x080015f0                chThdDequeueNextI
 *fill*         0x0800162c        0x4 
 .text.chThdDequeueAllI
                0x08001630       0x40 CMakeFiles/firmware.dir/home/airlab/robocom/Core/core/chibios_3/os/rt/src/chthreads.c.obj
                0x08001630                chThdDequeueAllI
 .text.chTMObjectInit
                0x08001670       0x18 CMakeFiles/firmware.dir/home/airlab/robocom/Core/core/chibios_3/os/rt/src/chtm.c.obj
                0x08001670                chTMObjectInit
 *fill*         0x08001688        0x8 
 .text.chTMStartMeasurementX
                0x08001690        0xc CMakeFiles/firmware.dir/home/airlab/robocom/Core/core/chibios_3/os/rt/src/chtm.c.obj
                0x08001690                chTMStartMeasurementX
 *fill*         0x0800169c        0x4 
 .text.chTMStopMeasurementX
                0x080016a0       0x48 CMakeFiles/firmware.dir/home/airlab/robocom/Core/core/chibios_3/os/rt/src/chtm.c.obj
                0x080016a0                chTMStopMeasurementX
 *fill*         0x080016e8        0x8 
 .text._tm_init
                0x080016f0       0x2c CMakeFiles/firmware.dir/home/airlab/robocom/Core/core/chibios_3/os/rt/src/chtm.c.obj
                0x080016f0                _tm_init
 *fill*         0x0800171c        0x4 
 .text.chTMChainMeasurementToX
                0x08001720       0x3c CMakeFiles/firmware.dir/home/airlab/robocom/Core/core/chibios_3/os/rt/src/chtm.c.obj
                0x08001720                chTMChainMeasurementToX
 *fill*         0x0800175c        0x4 
 .text._stats_init
                0x08001760       0x24 CMakeFiles/firmware.dir/home/airlab/robocom/Core/core/chibios_3/os/rt/src/chstats.c.obj
                0x08001760                _stats_init
 *fill*         0x08001784        0xc 
 .text._stats_increase_irq
                0x08001790       0x14 CMakeFiles/firmware.dir/home/airlab/robocom/Core/core/chibios_3/os/rt/src/chstats.c.obj
                0x08001790                _stats_increase_irq
 *fill*         0x080017a4        0xc 
 .text._stats_ctxswc
                0x080017b0       0x24 CMakeFiles/firmware.dir/home/airlab/robocom/Core/core/chibios_3/os/rt/src/chstats.c.obj
                0x080017b0                _stats_ctxswc
 *fill*         0x080017d4        0xc 
 .text._stats_start_measure_crit_thd
                0x080017e0       0x10 CMakeFiles/firmware.dir/home/airlab/robocom/Core/core/chibios_3/os/rt/src/chstats.c.obj
                0x080017e0                _stats_start_measure_crit_thd
 .text._stats_stop_measure_crit_thd
                0x080017f0       0x10 CMakeFiles/firmware.dir/home/airlab/robocom/Core/core/chibios_3/os/rt/src/chstats.c.obj
                0x080017f0                _stats_stop_measure_crit_thd
 .text._stats_start_measure_crit_isr
                0x08001800       0x10 CMakeFiles/firmware.dir/home/airlab/robocom/Core/core/chibios_3/os/rt/src/chstats.c.obj
                0x08001800                _stats_start_measure_crit_isr
 .text._stats_stop_measure_crit_isr
                0x08001810       0x10 CMakeFiles/firmware.dir/home/airlab/robocom/Core/core/chibios_3/os/rt/src/chstats.c.obj
                0x08001810                _stats_stop_measure_crit_isr
 .text.chThdRelease
                0x08001820       0xa4 CMakeFiles/firmware.dir/home/airlab/robocom/Core/core/chibios_3/os/rt/src/chdynamic.c.obj
                0x08001820                chThdRelease
 *fill*         0x080018c4        0xc 
 .text.chThdCreateFromHeap
                0x080018d0       0x78 CMakeFiles/firmware.dir/home/airlab/robocom/Core/core/chibios_3/os/rt/src/chdynamic.c.obj
                0x080018d0                chThdCreateFromHeap
 *fill*         0x08001948        0x8 
 .text.chMtxObjectInit
                0x08001950       0x1c CMakeFiles/firmware.dir/home/airlab/robocom/Core/core/chibios_3/os/rt/src/chmtx.c.obj
                0x08001950                chMtxObjectInit
 *fill*         0x0800196c        0x4 
 .text.chMtxLockS
                0x08001970       0xf8 CMakeFiles/firmware.dir/home/airlab/robocom/Core/core/chibios_3/os/rt/src/chmtx.c.obj
                0x08001970                chMtxLockS
 *fill*         0x08001a68        0x8 
 .text.chMtxLock
                0x08001a70       0x48 CMakeFiles/firmware.dir/home/airlab/robocom/Core/core/chibios_3/os/rt/src/chmtx.c.obj
                0x08001a70                chMtxLock
 *fill*         0x08001ab8        0x8 
 .text.chMtxUnlock
                0x08001ac0       0xc4 CMakeFiles/firmware.dir/home/airlab/robocom/Core/core/chibios_3/os/rt/src/chmtx.c.obj
                0x08001ac0                chMtxUnlock
 *fill*         0x08001b84        0xc 
 .text.chMtxUnlockS
                0x08001b90       0x8c CMakeFiles/firmware.dir/home/airlab/robocom/Core/core/chibios_3/os/rt/src/chmtx.c.obj
                0x08001b90                chMtxUnlockS
 *fill*         0x08001c1c        0x4 
 .text.chCondObjectInit
                0x08001c20       0x18 CMakeFiles/firmware.dir/home/airlab/robocom/Core/core/chibios_3/os/rt/src/chcond.c.obj
                0x08001c20                chCondObjectInit
 *fill*         0x08001c38        0x8 
 .text.chCondSignal
                0x08001c40       0x60 CMakeFiles/firmware.dir/home/airlab/robocom/Core/core/chibios_3/os/rt/src/chcond.c.obj
                0x08001c40                chCondSignal
 .text.chCondWaitS
                0x08001ca0       0x64 CMakeFiles/firmware.dir/home/airlab/robocom/Core/core/chibios_3/os/rt/src/chcond.c.obj
                0x08001ca0                chCondWaitS
 *fill*         0x08001d04        0xc 
 .text.chCondWait
                0x08001d10       0x4c CMakeFiles/firmware.dir/home/airlab/robocom/Core/core/chibios_3/os/rt/src/chcond.c.obj
                0x08001d10                chCondWait
 *fill*         0x08001d5c        0x4 
 .text.chEvtSignalI
                0x08001d60       0x44 CMakeFiles/firmware.dir/home/airlab/robocom/Core/core/chibios_3/os/rt/src/chevents.c.obj
                0x08001d60                chEvtSignalI
 *fill*         0x08001da4        0xc 
 .text.chEvtBroadcastFlagsI
                0x08001db0       0x38 CMakeFiles/firmware.dir/home/airlab/robocom/Core/core/chibios_3/os/rt/src/chevents.c.obj
                0x08001db0                chEvtBroadcastFlagsI
 *fill*         0x08001de8        0x8 
 .text.chEvtWaitAnyTimeout
                0x08001df0       0xc0 CMakeFiles/firmware.dir/home/airlab/robocom/Core/core/chibios_3/os/rt/src/chevents.c.obj
                0x08001df0                chEvtWaitAnyTimeout
 .text.chIQObjectInit
                0x08001eb0       0x20 CMakeFiles/firmware.dir/home/airlab/robocom/Core/core/chibios_3/os/rt/src/chqueues.c.obj
                0x08001eb0                chIQObjectInit
 .text.chIQResetI
                0x08001ed0       0x20 CMakeFiles/firmware.dir/home/airlab/robocom/Core/core/chibios_3/os/rt/src/chqueues.c.obj
                0x08001ed0                chIQResetI
 .text.chIQPutI
                0x08001ef0       0x50 CMakeFiles/firmware.dir/home/airlab/robocom/Core/core/chibios_3/os/rt/src/chqueues.c.obj
                0x08001ef0                chIQPutI
 .text.chIQGetTimeout
                0x08001f40       0xa8 CMakeFiles/firmware.dir/home/airlab/robocom/Core/core/chibios_3/os/rt/src/chqueues.c.obj
                0x08001f40                chIQGetTimeout
 *fill*         0x08001fe8        0x8 
 .text.chIQReadTimeout
                0x08001ff0       0xe0 CMakeFiles/firmware.dir/home/airlab/robocom/Core/core/chibios_3/os/rt/src/chqueues.c.obj
                0x08001ff0                chIQReadTimeout
 .text.chOQObjectInit
                0x080020d0       0x18 CMakeFiles/firmware.dir/home/airlab/robocom/Core/core/chibios_3/os/rt/src/chqueues.c.obj
                0x080020d0                chOQObjectInit
 *fill*         0x080020e8        0x8 
 .text.chOQResetI
                0x080020f0       0x20 CMakeFiles/firmware.dir/home/airlab/robocom/Core/core/chibios_3/os/rt/src/chqueues.c.obj
                0x080020f0                chOQResetI
 .text.chOQPutTimeout
                0x08002110       0xac CMakeFiles/firmware.dir/home/airlab/robocom/Core/core/chibios_3/os/rt/src/chqueues.c.obj
                0x08002110                chOQPutTimeout
 *fill*         0x080021bc        0x4 
 .text.chOQGetI
                0x080021c0       0x4c CMakeFiles/firmware.dir/home/airlab/robocom/Core/core/chibios_3/os/rt/src/chqueues.c.obj
                0x080021c0                chOQGetI
 *fill*         0x0800220c        0x4 
 .text.chOQWriteTimeout
                0x08002210       0xe0 CMakeFiles/firmware.dir/home/airlab/robocom/Core/core/chibios_3/os/rt/src/chqueues.c.obj
                0x08002210                chOQWriteTimeout
 .text._core_init
                0x080022f0       0x28 CMakeFiles/firmware.dir/home/airlab/robocom/Core/core/chibios_3/os/rt/src/chmemcore.c.obj
                0x080022f0                _core_init
 *fill*         0x08002318        0x8 
 .text.chCoreAllocI
                0x08002320       0x30 CMakeFiles/firmware.dir/home/airlab/robocom/Core/core/chibios_3/os/rt/src/chmemcore.c.obj
                0x08002320                chCoreAllocI
 .text.chCoreAlloc
                0x08002350       0x4c CMakeFiles/firmware.dir/home/airlab/robocom/Core/core/chibios_3/os/rt/src/chmemcore.c.obj
                0x08002350                chCoreAlloc
 *fill*         0x0800239c        0x4 
 .text._heap_init
                0x080023a0       0x20 CMakeFiles/firmware.dir/home/airlab/robocom/Core/core/chibios_3/os/rt/src/chheap.c.obj
                0x080023a0                _heap_init
 .text.chHeapAlloc
                0x080023c0       0x84 CMakeFiles/firmware.dir/home/airlab/robocom/Core/core/chibios_3/os/rt/src/chheap.c.obj
                0x080023c0                chHeapAlloc
 *fill*         0x08002444        0xc 
 .text.chHeapFree
                0x08002450       0xa4 CMakeFiles/firmware.dir/home/airlab/robocom/Core/core/chibios_3/os/rt/src/chheap.c.obj
                0x08002450                chHeapFree
 *fill*         0x080024f4        0xc 
 .text.chPoolObjectInit
                0x08002500       0x24 CMakeFiles/firmware.dir/home/airlab/robocom/Core/core/chibios_3/os/rt/src/chmempools.c.obj
                0x08002500                chPoolObjectInit
 *fill*         0x08002524        0xc 
 .text.chPoolAllocI
                0x08002530       0x28 CMakeFiles/firmware.dir/home/airlab/robocom/Core/core/chibios_3/os/rt/src/chmempools.c.obj
                0x08002530                chPoolAllocI
 *fill*         0x08002558        0x8 
 .text.chPoolFreeI
                0x08002560       0x20 CMakeFiles/firmware.dir/home/airlab/robocom/Core/core/chibios_3/os/rt/src/chmempools.c.obj
                0x08002560                chPoolFreeI
 .text.chPoolFree
                0x08002580       0x4c CMakeFiles/firmware.dir/home/airlab/robocom/Core/core/chibios_3/os/rt/src/chmempools.c.obj
                0x08002580                chPoolFree
 *fill*         0x080025cc        0x4 
 .text.chPoolLoadArray
                0x080025d0       0x2c CMakeFiles/firmware.dir/home/airlab/robocom/Core/core/chibios_3/os/rt/src/chmempools.c.obj
                0x080025d0                chPoolLoadArray
 *fill*         0x080025fc        0x4 
 .text.halInit  0x08002600       0x30 CMakeFiles/firmware.dir/home/airlab/robocom/Core/core/chibios_3/os/hal/src/hal.c.obj
                0x08002600                halInit
 .text.hal_lld_backup_domain_init
                0x08002630       0x2c CMakeFiles/firmware.dir/home/airlab/robocom/Core/core/chibios_3/os/hal/ports/STM32/STM32F3xx/hal_lld.c.obj
 *fill*         0x0800265c        0x4 
 .text.hal_lld_init
                0x08002660       0x48 CMakeFiles/firmware.dir/home/airlab/robocom/Core/core/chibios_3/os/hal/ports/STM32/STM32F3xx/hal_lld.c.obj
                0x08002660                hal_lld_init
 *fill*         0x080026a8        0x8 
 .text.stm32_clock_init
                0x080026b0       0xa0 CMakeFiles/firmware.dir/home/airlab/robocom/Core/core/chibios_3/os/hal/ports/STM32/STM32F3xx/hal_lld.c.obj
                0x080026b0                stm32_clock_init
 .text.Vector6C
                0x08002750       0x34 CMakeFiles/firmware.dir/home/airlab/robocom/Core/core/chibios_3/os/hal/ports/STM32/STM32F3xx/stm32_dma.c.obj
                0x08002750                Vector6C
 *fill*         0x08002784        0xc 
 .text.Vector70
                0x08002790       0x34 CMakeFiles/firmware.dir/home/airlab/robocom/Core/core/chibios_3/os/hal/ports/STM32/STM32F3xx/stm32_dma.c.obj
                0x08002790                Vector70
 *fill*         0x080027c4        0xc 
 .text.Vector74
                0x080027d0       0x34 CMakeFiles/firmware.dir/home/airlab/robocom/Core/core/chibios_3/os/hal/ports/STM32/STM32F3xx/stm32_dma.c.obj
                0x080027d0                Vector74
 *fill*         0x08002804        0xc 
 .text.Vector78
                0x08002810       0x34 CMakeFiles/firmware.dir/home/airlab/robocom/Core/core/chibios_3/os/hal/ports/STM32/STM32F3xx/stm32_dma.c.obj
                0x08002810                Vector78
 *fill*         0x08002844        0xc 
 .text.Vector7C
                0x08002850       0x34 CMakeFiles/firmware.dir/home/airlab/robocom/Core/core/chibios_3/os/hal/ports/STM32/STM32F3xx/stm32_dma.c.obj
                0x08002850                Vector7C
 *fill*         0x08002884        0xc 
 .text.Vector80
                0x08002890       0x34 CMakeFiles/firmware.dir/home/airlab/robocom/Core/core/chibios_3/os/hal/ports/STM32/STM32F3xx/stm32_dma.c.obj
                0x08002890                Vector80
 *fill*         0x080028c4        0xc 
 .text.Vector84
                0x080028d0       0x34 CMakeFiles/firmware.dir/home/airlab/robocom/Core/core/chibios_3/os/hal/ports/STM32/STM32F3xx/stm32_dma.c.obj
                0x080028d0                Vector84
 *fill*         0x08002904        0xc 
 .text.Vector120
                0x08002910       0x34 CMakeFiles/firmware.dir/home/airlab/robocom/Core/core/chibios_3/os/hal/ports/STM32/STM32F3xx/stm32_dma.c.obj
                0x08002910                Vector120
 *fill*         0x08002944        0xc 
 .text.Vector124
                0x08002950       0x34 CMakeFiles/firmware.dir/home/airlab/robocom/Core/core/chibios_3/os/hal/ports/STM32/STM32F3xx/stm32_dma.c.obj
                0x08002950                Vector124
 *fill*         0x08002984        0xc 
 .text.Vector128
                0x08002990       0x34 CMakeFiles/firmware.dir/home/airlab/robocom/Core/core/chibios_3/os/hal/ports/STM32/STM32F3xx/stm32_dma.c.obj
                0x08002990                Vector128
 *fill*         0x080029c4        0xc 
 .text.Vector12C
                0x080029d0       0x34 CMakeFiles/firmware.dir/home/airlab/robocom/Core/core/chibios_3/os/hal/ports/STM32/STM32F3xx/stm32_dma.c.obj
                0x080029d0                Vector12C
 *fill*         0x08002a04        0xc 
 .text.Vector130
                0x08002a10       0x34 CMakeFiles/firmware.dir/home/airlab/robocom/Core/core/chibios_3/os/hal/ports/STM32/STM32F3xx/stm32_dma.c.obj
                0x08002a10                Vector130
 *fill*         0x08002a44        0xc 
 .text.dmaInit  0x08002a50       0x44 CMakeFiles/firmware.dir/home/airlab/robocom/Core/core/chibios_3/os/hal/ports/STM32/STM32F3xx/stm32_dma.c.obj
                0x08002a50                dmaInit
 *fill*         0x08002a94        0xc 
 .text.nvicEnableVector
                0x08002aa0       0x28 CMakeFiles/firmware.dir/home/airlab/robocom/Core/core/chibios_3/os/hal/ports/common/ARMCMx/nvic.c.obj
                0x08002aa0                nvicEnableVector
 *fill*         0x08002ac8        0x8 
 .text.nvicSetSystemHandlerPriority
                0x08002ad0       0x24 CMakeFiles/firmware.dir/home/airlab/robocom/Core/core/chibios_3/os/hal/ports/common/ARMCMx/nvic.c.obj
                0x08002ad0                nvicSetSystemHandlerPriority
 *fill*         0x08002af4        0xc 
 .text.initgpio
                0x08002b00       0x20 CMakeFiles/firmware.dir/home/airlab/robocom/Core/core/chibios_3/os/hal/ports/STM32/LLD/GPIOv2/pal_lld.c.obj
 .text._pal_lld_init
                0x08002b20       0x64 CMakeFiles/firmware.dir/home/airlab/robocom/Core/core/chibios_3/os/hal/ports/STM32/LLD/GPIOv2/pal_lld.c.obj
                0x08002b20                _pal_lld_init
 *fill*         0x08002b84        0xc 
 .text._pal_lld_setgroupmode
                0x08002b90       0x98 CMakeFiles/firmware.dir/home/airlab/robocom/Core/core/chibios_3/os/hal/ports/STM32/LLD/GPIOv2/pal_lld.c.obj
                0x08002b90                _pal_lld_setgroupmode
 *fill*         0x08002c28        0x8 
 .text.readt    0x08002c30        0xc CMakeFiles/firmware.dir/home/airlab/robocom/Core/core/chibios_3/os/hal/src/serial.c.obj
 *fill*         0x08002c3c        0x4 
 .text.read     0x08002c40       0x10 CMakeFiles/firmware.dir/home/airlab/robocom/Core/core/chibios_3/os/hal/src/serial.c.obj
 .text.writet   0x08002c50        0xc CMakeFiles/firmware.dir/home/airlab/robocom/Core/core/chibios_3/os/hal/src/serial.c.obj
 *fill*         0x08002c5c        0x4 
 .text.write    0x08002c60       0x10 CMakeFiles/firmware.dir/home/airlab/robocom/Core/core/chibios_3/os/hal/src/serial.c.obj
 .text.gett     0x08002c70        0xc CMakeFiles/firmware.dir/home/airlab/robocom/Core/core/chibios_3/os/hal/src/serial.c.obj
 *fill*         0x08002c7c        0x4 
 .text.get      0x08002c80       0x10 CMakeFiles/firmware.dir/home/airlab/robocom/Core/core/chibios_3/os/hal/src/serial.c.obj
 .text.putt     0x08002c90        0xc CMakeFiles/firmware.dir/home/airlab/robocom/Core/core/chibios_3/os/hal/src/serial.c.obj
 *fill*         0x08002c9c        0x4 
 .text.put      0x08002ca0       0x10 CMakeFiles/firmware.dir/home/airlab/robocom/Core/core/chibios_3/os/hal/src/serial.c.obj
 .text.sdInit   0x08002cb0        0x8 CMakeFiles/firmware.dir/home/airlab/robocom/Core/core/chibios_3/os/hal/src/serial.c.obj
                0x08002cb0                sdInit
 *fill*         0x08002cb8        0x8 
 .text.sdObjectInit
                0x08002cc0       0x44 CMakeFiles/firmware.dir/home/airlab/robocom/Core/core/chibios_3/os/hal/src/serial.c.obj
                0x08002cc0                sdObjectInit
 *fill*         0x08002d04        0xc 
 .text.sdStart  0x08002d10       0x6c CMakeFiles/firmware.dir/home/airlab/robocom/Core/core/chibios_3/os/hal/src/serial.c.obj
                0x08002d10                sdStart
 *fill*         0x08002d7c        0x4 
 .text.sdIncomingDataI
                0x08002d80       0x40 CMakeFiles/firmware.dir/home/airlab/robocom/Core/core/chibios_3/os/hal/src/serial.c.obj
                0x08002d80                sdIncomingDataI
 .text.usart_init
                0x08002dc0       0x38 CMakeFiles/firmware.dir/home/airlab/robocom/Core/core/chibios_3/os/hal/ports/STM32/LLD/USARTv2/serial_lld.c.obj
 *fill*         0x08002df8        0x8 
 .text.notify3  0x08002e00       0x10 CMakeFiles/firmware.dir/home/airlab/robocom/Core/core/chibios_3/os/hal/ports/STM32/LLD/USARTv2/serial_lld.c.obj
 .text.set_error
                0x08002e10       0x54 CMakeFiles/firmware.dir/home/airlab/robocom/Core/core/chibios_3/os/hal/ports/STM32/LLD/USARTv2/serial_lld.c.obj
 *fill*         0x08002e64        0xc 
 .text.serve_interrupt
                0x08002e70      0x10c CMakeFiles/firmware.dir/home/airlab/robocom/Core/core/chibios_3/os/hal/ports/STM32/LLD/USARTv2/serial_lld.c.obj
 *fill*         0x08002f7c        0x4 
 .text.VectorDC
                0x08002f80       0x20 CMakeFiles/firmware.dir/home/airlab/robocom/Core/core/chibios_3/os/hal/ports/STM32/LLD/USARTv2/serial_lld.c.obj
                0x08002f80                VectorDC
 .text.sd_lld_init
                0x08002fa0       0x2c CMakeFiles/firmware.dir/home/airlab/robocom/Core/core/chibios_3/os/hal/ports/STM32/LLD/USARTv2/serial_lld.c.obj
                0x08002fa0                sd_lld_init
 *fill*         0x08002fcc        0x4 
 .text.sd_lld_start
                0x08002fd0       0x40 CMakeFiles/firmware.dir/home/airlab/robocom/Core/core/chibios_3/os/hal/ports/STM32/LLD/USARTv2/serial_lld.c.obj
                0x08002fd0                sd_lld_start
 .text.mmcInit  0x08003010        0x4 CMakeFiles/firmware.dir/home/airlab/robocom/Core/core/chibios_3/os/hal/src/mmc_spi.c.obj
                0x08003010                mmcInit
 *fill*         0x08003014        0xc 
 .text.spiInit  0x08003020        0x8 CMakeFiles/firmware.dir/home/airlab/robocom/Core/core/chibios_3/os/hal/src/spi.c.obj
                0x08003020                spiInit
 *fill*         0x08003028        0x8 
 .text.spiObjectInit
                0x08003030       0x14 CMakeFiles/firmware.dir/home/airlab/robocom/Core/core/chibios_3/os/hal/src/spi.c.obj
                0x08003030                spiObjectInit
 *fill*         0x08003044        0xc 
 .text.spi_lld_init
                0x08003050       0x3c CMakeFiles/firmware.dir/home/airlab/robocom/Core/core/chibios_3/os/hal/ports/STM32/LLD/SPIv2/spi_lld.c.obj
                0x08003050                spi_lld_init
 *fill*         0x0800308c        0x4 
 .text.inotify  0x08003090       0xa0 CMakeFiles/firmware.dir/home/airlab/robocom/Core/core/chibios_3/os/hal/src/serial_usb.c.obj
 .text.readt    0x08003130        0xc CMakeFiles/firmware.dir/home/airlab/robocom/Core/core/chibios_3/os/hal/src/serial_usb.c.obj
 *fill*         0x0800313c        0x4 
 .text.read     0x08003140       0x10 CMakeFiles/firmware.dir/home/airlab/robocom/Core/core/chibios_3/os/hal/src/serial_usb.c.obj
 .text.writet   0x08003150        0xc CMakeFiles/firmware.dir/home/airlab/robocom/Core/core/chibios_3/os/hal/src/serial_usb.c.obj
 *fill*         0x0800315c        0x4 
 .text.write    0x08003160       0x10 CMakeFiles/firmware.dir/home/airlab/robocom/Core/core/chibios_3/os/hal/src/serial_usb.c.obj
 .text.gett     0x08003170        0xc CMakeFiles/firmware.dir/home/airlab/robocom/Core/core/chibios_3/os/hal/src/serial_usb.c.obj
 *fill*         0x0800317c        0x4 
 .text.get      0x08003180       0x10 CMakeFiles/firmware.dir/home/airlab/robocom/Core/core/chibios_3/os/hal/src/serial_usb.c.obj
 .text.putt     0x08003190        0xc CMakeFiles/firmware.dir/home/airlab/robocom/Core/core/chibios_3/os/hal/src/serial_usb.c.obj
 *fill*         0x0800319c        0x4 
 .text.put      0x080031a0       0x10 CMakeFiles/firmware.dir/home/airlab/robocom/Core/core/chibios_3/os/hal/src/serial_usb.c.obj
 .text.onotify  0x080031b0       0x90 CMakeFiles/firmware.dir/home/airlab/robocom/Core/core/chibios_3/os/hal/src/serial_usb.c.obj
 .text.sduInit  0x08003240        0x4 CMakeFiles/firmware.dir/home/airlab/robocom/Core/core/chibios_3/os/hal/src/serial_usb.c.obj
                0x08003240                sduInit
 *fill*         0x08003244        0xc 
 .text.sduObjectInit
                0x08003250       0x4c CMakeFiles/firmware.dir/home/airlab/robocom/Core/core/chibios_3/os/hal/src/serial_usb.c.obj
                0x08003250                sduObjectInit
 *fill*         0x0800329c        0x4 
 .text.sduStart
                0x080032a0       0x84 CMakeFiles/firmware.dir/home/airlab/robocom/Core/core/chibios_3/os/hal/src/serial_usb.c.obj
                0x080032a0                sduStart
 *fill*         0x08003324        0xc 
 .text.sduConfigureHookI
                0x08003330       0x48 CMakeFiles/firmware.dir/home/airlab/robocom/Core/core/chibios_3/os/hal/src/serial_usb.c.obj
                0x08003330                sduConfigureHookI
 *fill*         0x08003378        0x8 
 .text.sduRequestsHook
                0x08003380       0x58 CMakeFiles/firmware.dir/home/airlab/robocom/Core/core/chibios_3/os/hal/src/serial_usb.c.obj
                0x08003380                sduRequestsHook
 *fill*         0x080033d8        0x8 
 .text.sduDataTransmitted
                0x080033e0       0xc0 CMakeFiles/firmware.dir/home/airlab/robocom/Core/core/chibios_3/os/hal/src/serial_usb.c.obj
                0x080033e0                sduDataTransmitted
 .text.sduDataReceived
                0x080034a0       0x90 CMakeFiles/firmware.dir/home/airlab/robocom/Core/core/chibios_3/os/hal/src/serial_usb.c.obj
                0x080034a0                sduDataReceived
 .text.sduInterruptTransmitted
                0x08003530        0x4 CMakeFiles/firmware.dir/home/airlab/robocom/Core/core/chibios_3/os/hal/src/serial_usb.c.obj
                0x08003530                sduInterruptTransmitted
 *fill*         0x08003534        0xc 
 .text.get_hword
                0x08003540        0xc CMakeFiles/firmware.dir/home/airlab/robocom/Core/core/chibios_3/os/hal/src/usb.c.obj
 *fill*         0x0800354c        0x4 
 .text.default_handler
                0x08003550      0x248 CMakeFiles/firmware.dir/home/airlab/robocom/Core/core/chibios_3/os/hal/src/usb.c.obj
 *fill*         0x08003798        0x8 
 .text.set_address
                0x080037a0       0x24 CMakeFiles/firmware.dir/home/airlab/robocom/Core/core/chibios_3/os/hal/src/usb.c.obj
 *fill*         0x080037c4        0xc 
 .text.usbInit  0x080037d0        0x8 CMakeFiles/firmware.dir/home/airlab/robocom/Core/core/chibios_3/os/hal/src/usb.c.obj
                0x080037d0                usbInit
 *fill*         0x080037d8        0x8 
 .text.usbObjectInit
                0x080037e0       0x2c CMakeFiles/firmware.dir/home/airlab/robocom/Core/core/chibios_3/os/hal/src/usb.c.obj
                0x080037e0                usbObjectInit
 *fill*         0x0800380c        0x4 
 .text.usbStart
                0x08003810       0x84 CMakeFiles/firmware.dir/home/airlab/robocom/Core/core/chibios_3/os/hal/src/usb.c.obj
                0x08003810                usbStart
 *fill*         0x08003894        0xc 
 .text.usbInitEndpointI
                0x080038a0       0x5c CMakeFiles/firmware.dir/home/airlab/robocom/Core/core/chibios_3/os/hal/src/usb.c.obj
                0x080038a0                usbInitEndpointI
 *fill*         0x080038fc        0x4 
 .text.usbPrepareReceive
                0x08003900       0x1c CMakeFiles/firmware.dir/home/airlab/robocom/Core/core/chibios_3/os/hal/src/usb.c.obj
                0x08003900                usbPrepareReceive
 *fill*         0x0800391c        0x4 
 .text.usbPrepareTransmit
                0x08003920       0x1c CMakeFiles/firmware.dir/home/airlab/robocom/Core/core/chibios_3/os/hal/src/usb.c.obj
                0x08003920                usbPrepareTransmit
 *fill*         0x0800393c        0x4 
 .text.usbPrepareQueuedReceive
                0x08003940       0x1c CMakeFiles/firmware.dir/home/airlab/robocom/Core/core/chibios_3/os/hal/src/usb.c.obj
                0x08003940                usbPrepareQueuedReceive
 *fill*         0x0800395c        0x4 
 .text.usbPrepareQueuedTransmit
                0x08003960       0x1c CMakeFiles/firmware.dir/home/airlab/robocom/Core/core/chibios_3/os/hal/src/usb.c.obj
                0x08003960                usbPrepareQueuedTransmit
 *fill*         0x0800397c        0x4 
 .text.usbStartReceiveI
                0x08003980       0x38 CMakeFiles/firmware.dir/home/airlab/robocom/Core/core/chibios_3/os/hal/src/usb.c.obj
                0x08003980                usbStartReceiveI
 *fill*         0x080039b8        0x8 
 .text.usbStartTransmitI
                0x080039c0       0x38 CMakeFiles/firmware.dir/home/airlab/robocom/Core/core/chibios_3/os/hal/src/usb.c.obj
                0x080039c0                usbStartTransmitI
 *fill*         0x080039f8        0x8 
 .text._usb_reset
                0x08003a00       0x48 CMakeFiles/firmware.dir/home/airlab/robocom/Core/core/chibios_3/os/hal/src/usb.c.obj
                0x08003a00                _usb_reset
 *fill*         0x08003a48        0x8 
 .text._usb_suspend
                0x08003a50       0x14 CMakeFiles/firmware.dir/home/airlab/robocom/Core/core/chibios_3/os/hal/src/usb.c.obj
                0x08003a50                _usb_suspend
 *fill*         0x08003a64        0xc 
 .text._usb_wakeup
                0x08003a70       0x14 CMakeFiles/firmware.dir/home/airlab/robocom/Core/core/chibios_3/os/hal/src/usb.c.obj
                0x08003a70                _usb_wakeup
 *fill*         0x08003a84        0xc 
 .text._usb_ep0setup
                0x08003a90      0x150 CMakeFiles/firmware.dir/home/airlab/robocom/Core/core/chibios_3/os/hal/src/usb.c.obj
                0x08003a90                _usb_ep0setup
 .text._usb_ep0in
                0x08003be0       0xe8 CMakeFiles/firmware.dir/home/airlab/robocom/Core/core/chibios_3/os/hal/src/usb.c.obj
                0x08003be0                _usb_ep0in
 *fill*         0x08003cc8        0x8 
 .text._usb_ep0out
                0x08003cd0       0x9c CMakeFiles/firmware.dir/home/airlab/robocom/Core/core/chibios_3/os/hal/src/usb.c.obj
                0x08003cd0                _usb_ep0out
 *fill*         0x08003d6c        0x4 
 .text.usb_pm_reset
                0x08003d70        0x8 CMakeFiles/firmware.dir/home/airlab/robocom/Core/core/chibios_3/os/hal/ports/STM32/LLD/USBv1/usb_lld.c.obj
 *fill*         0x08003d78        0x8 
 .text.usb_packet_read_to_buffer
                0x08003d80       0x34 CMakeFiles/firmware.dir/home/airlab/robocom/Core/core/chibios_3/os/hal/ports/STM32/LLD/USBv1/usb_lld.c.obj
 *fill*         0x08003db4        0xc 
 .text.usb_packet_write_from_buffer
                0x08003dc0       0x3c CMakeFiles/firmware.dir/home/airlab/robocom/Core/core/chibios_3/os/hal/ports/STM32/LLD/USBv1/usb_lld.c.obj
 *fill*         0x08003dfc        0x4 
 .text.usb_packet_write_from_queue
                0x08003e00       0x80 CMakeFiles/firmware.dir/home/airlab/robocom/Core/core/chibios_3/os/hal/ports/STM32/LLD/USBv1/usb_lld.c.obj
 .text.usb_packet_read_to_queue
                0x08003e80       0x98 CMakeFiles/firmware.dir/home/airlab/robocom/Core/core/chibios_3/os/hal/ports/STM32/LLD/USBv1/usb_lld.c.obj
 *fill*         0x08003f18        0x8 
 .text.usb_pm_alloc
                0x08003f20       0x28 CMakeFiles/firmware.dir/home/airlab/robocom/Core/core/chibios_3/os/hal/ports/STM32/LLD/USBv1/usb_lld.c.obj
 *fill*         0x08003f48        0x8 
 .text.usb_lld_init
                0x08003f50       0x10 CMakeFiles/firmware.dir/home/airlab/robocom/Core/core/chibios_3/os/hal/ports/STM32/LLD/USBv1/usb_lld.c.obj
                0x08003f50                usb_lld_init
 .text.usb_lld_start
                0x08003f60       0x48 CMakeFiles/firmware.dir/home/airlab/robocom/Core/core/chibios_3/os/hal/ports/STM32/LLD/USBv1/usb_lld.c.obj
                0x08003f60                usb_lld_start
 *fill*         0x08003fa8        0x8 
 .text.usb_lld_set_address
                0x08003fb0       0x14 CMakeFiles/firmware.dir/home/airlab/robocom/Core/core/chibios_3/os/hal/ports/STM32/LLD/USBv1/usb_lld.c.obj
                0x08003fb0                usb_lld_set_address
 *fill*         0x08003fc4        0xc 
 .text.usb_lld_init_endpoint
                0x08003fd0      0x13c CMakeFiles/firmware.dir/home/airlab/robocom/Core/core/chibios_3/os/hal/ports/STM32/LLD/USBv1/usb_lld.c.obj
                0x08003fd0                usb_lld_init_endpoint
 *fill*         0x0800410c        0x4 
 .text.usb_lld_reset
                0x08004110       0x40 CMakeFiles/firmware.dir/home/airlab/robocom/Core/core/chibios_3/os/hal/ports/STM32/LLD/USBv1/usb_lld.c.obj
                0x08004110                usb_lld_reset
 .text.usb_lld_get_status_out
                0x08004150       0x24 CMakeFiles/firmware.dir/home/airlab/robocom/Core/core/chibios_3/os/hal/ports/STM32/LLD/USBv1/usb_lld.c.obj
                0x08004150                usb_lld_get_status_out
 *fill*         0x08004174        0xc 
 .text.usb_lld_get_status_in
                0x08004180       0x24 CMakeFiles/firmware.dir/home/airlab/robocom/Core/core/chibios_3/os/hal/ports/STM32/LLD/USBv1/usb_lld.c.obj
                0x08004180                usb_lld_get_status_in
 *fill*         0x080041a4        0xc 
 .text.usb_lld_read_setup
                0x080041b0       0x34 CMakeFiles/firmware.dir/home/airlab/robocom/Core/core/chibios_3/os/hal/ports/STM32/LLD/USBv1/usb_lld.c.obj
                0x080041b0                usb_lld_read_setup
 *fill*         0x080041e4        0xc 
 .text.usb_lld_prepare_receive
                0x080041f0       0x20 CMakeFiles/firmware.dir/home/airlab/robocom/Core/core/chibios_3/os/hal/ports/STM32/LLD/USBv1/usb_lld.c.obj
                0x080041f0                usb_lld_prepare_receive
 .text.usb_lld_prepare_transmit
                0x08004210       0x7c CMakeFiles/firmware.dir/home/airlab/robocom/Core/core/chibios_3/os/hal/ports/STM32/LLD/USBv1/usb_lld.c.obj
                0x08004210                usb_lld_prepare_transmit
 *fill*         0x0800428c        0x4 
 .text.usb_lld_start_out
                0x08004290       0x24 CMakeFiles/firmware.dir/home/airlab/robocom/Core/core/chibios_3/os/hal/ports/STM32/LLD/USBv1/usb_lld.c.obj
                0x08004290                usb_lld_start_out
 *fill*         0x080042b4        0xc 
 .text.usb_lld_start_in
                0x080042c0       0x24 CMakeFiles/firmware.dir/home/airlab/robocom/Core/core/chibios_3/os/hal/ports/STM32/LLD/USBv1/usb_lld.c.obj
                0x080042c0                usb_lld_start_in
 *fill*         0x080042e4        0xc 
 .text.usb_serve_endpoints
                0x080042f0      0x200 CMakeFiles/firmware.dir/home/airlab/robocom/Core/core/chibios_3/os/hal/ports/STM32/LLD/USBv1/usb_lld.c.obj
 .text.Vector168
                0x080044f0       0x38 CMakeFiles/firmware.dir/home/airlab/robocom/Core/core/chibios_3/os/hal/ports/STM32/LLD/USBv1/usb_lld.c.obj
                0x080044f0                Vector168
 *fill*         0x08004528        0x8 
 .text.Vector16C
                0x08004530       0xa8 CMakeFiles/firmware.dir/home/airlab/robocom/Core/core/chibios_3/os/hal/ports/STM32/LLD/USBv1/usb_lld.c.obj
                0x08004530                Vector16C
 *fill*         0x080045d8        0x8 
 .text.usb_lld_stall_out
                0x080045e0       0x24 CMakeFiles/firmware.dir/home/airlab/robocom/Core/core/chibios_3/os/hal/ports/STM32/LLD/USBv1/usb_lld.c.obj
                0x080045e0                usb_lld_stall_out
 *fill*         0x08004604        0xc 
 .text.usb_lld_stall_in
                0x08004610       0x24 CMakeFiles/firmware.dir/home/airlab/robocom/Core/core/chibios_3/os/hal/ports/STM32/LLD/USBv1/usb_lld.c.obj
                0x08004610                usb_lld_stall_in
 *fill*         0x08004634        0xc 
 .text.usb_lld_clear_out
                0x08004640       0x30 CMakeFiles/firmware.dir/home/airlab/robocom/Core/core/chibios_3/os/hal/ports/STM32/LLD/USBv1/usb_lld.c.obj
                0x08004640                usb_lld_clear_out
 .text.usb_lld_clear_in
                0x08004670       0x34 CMakeFiles/firmware.dir/home/airlab/robocom/Core/core/chibios_3/os/hal/ports/STM32/LLD/USBv1/usb_lld.c.obj
                0x08004670                usb_lld_clear_in
 *fill*         0x080046a4        0xc 
 .text.stInit   0x080046b0        0x8 CMakeFiles/firmware.dir/home/airlab/robocom/Core/core/chibios_3/os/hal/src/st.c.obj
                0x080046b0                stInit
 *fill*         0x080046b8        0x8 
 .text.SysTick_Handler
                0x080046c0       0x34 CMakeFiles/firmware.dir/home/airlab/robocom/Core/core/chibios_3/os/hal/ports/STM32/LLD/TIMv1/st_lld.c.obj
                0x080046c0                SysTick_Handler
 *fill*         0x080046f4        0xc 
 .text.st_lld_init
                0x08004700       0x24 CMakeFiles/firmware.dir/home/airlab/robocom/Core/core/chibios_3/os/hal/ports/STM32/LLD/TIMv1/st_lld.c.obj
                0x08004700                st_lld_init
 *fill*         0x08004724        0xc 
 .text._Z41__static_initialization_and_destruction_0ii
                0x08004730       0x2c CMakeFiles/firmware.dir/home/airlab/robocom/Core/core/core-os/src/Time.cpp.obj
 *fill*         0x0800475c        0x4 
 .text._GLOBAL__sub_I__ZN4core2os4Time9IMMEDIATEE
                0x08004760       0x10 CMakeFiles/firmware.dir/home/airlab/robocom/Core/core/core-os/src/Time.cpp.obj
 .text._ZN4core2os4Time3nowEv
                0x08004770       0x34 CMakeFiles/firmware.dir/home/airlab/robocom/Core/core/core-os/port/chibios/src/impl/Time_.cpp.obj
                0x08004770                core::os::Time::now()
 *fill*         0x080047a4        0xc 
 .text._ZNK4core2os4Time5ticksEv
                0x080047b0       0xb8 CMakeFiles/firmware.dir/home/airlab/robocom/Core/core/core-os/port/chibios/src/impl/Time_.cpp.obj
                0x080047b0                core::os::Time::ticks() const
 *fill*         0x08004868        0x8 
 .text.__cxa_pure_virtual
                0x08004870       0x10 CMakeFiles/firmware.dir/home/airlab/robocom/Core/core/core-os/port/chibios/src/impl/Stubs.cpp.obj
                0x08004870                __cxa_pure_virtual
 .text._Znwj    0x08004880       0x10 CMakeFiles/firmware.dir/home/airlab/robocom/Core/core/core-os/port/chibios/src/impl/Stubs.cpp.obj
                0x08004880                operator new(unsigned int)
 .text._Znaj    0x08004890       0x10 CMakeFiles/firmware.dir/home/airlab/robocom/Core/core/core-os/port/chibios/src/impl/Stubs.cpp.obj
                0x08004890                operator new[](unsigned int)
 .text._ZdlPv   0x080048a0        0xc CMakeFiles/firmware.dir/home/airlab/robocom/Core/core/core-os/port/chibios/src/impl/Stubs.cpp.obj
                0x080048a0                operator delete(void*)
 *fill*         0x080048ac        0x4 
 .text._ZdaPv   0x080048b0        0xc CMakeFiles/firmware.dir/home/airlab/robocom/Core/core/core-os/port/chibios/src/impl/Stubs.cpp.obj
                0x080048b0                operator delete[](void*)
 *fill*         0x080048bc        0x4 
 .text._ZN4core2mw12StaticQueue_C2Ev
                0x080048c0        0x8 CMakeFiles/firmware.dir/home/airlab/robocom/Core/core/core-mw/src/impl/StaticQueue_.cpp.obj
                0x080048c0                core::mw::StaticQueue_::StaticQueue_()
                0x080048c0                core::mw::StaticQueue_::StaticQueue_()
 *fill*         0x080048c8        0x8 
 .text._ZN4core2mw13BasePublisher22publish_locally_unsafeERNS0_7MessageE
                0x080048d0       0x58 CMakeFiles/firmware.dir/home/airlab/robocom/Core/core/core-mw/src/BasePublisher.cpp.obj
                0x080048d0                core::mw::BasePublisher::publish_locally_unsafe(core::mw::Message&)
 *fill*         0x08004928        0x8 
 .text._ZN4core2mw13BasePublisher7publishERNS0_7MessageEb
                0x08004930       0x5c CMakeFiles/firmware.dir/home/airlab/robocom/Core/core/core-mw/src/BasePublisher.cpp.obj
                0x08004930                core::mw::BasePublisher::publish(core::mw::Message&, bool)
 *fill*         0x0800498c        0x4 
 .text._ZN4core2mw13BasePublisherC2Ev
                0x08004990       0x10 CMakeFiles/firmware.dir/home/airlab/robocom/Core/core/core-mw/src/BasePublisher.cpp.obj
                0x08004990                core::mw::BasePublisher::BasePublisher()
                0x08004990                core::mw::BasePublisher::BasePublisher()
 .text._ZN4core2mw13BasePublisherD2Ev
                0x080049a0        0xc CMakeFiles/firmware.dir/home/airlab/robocom/Core/core/core-mw/src/BasePublisher.cpp.obj
                0x080049a0                core::mw::BasePublisher::~BasePublisher()
                0x080049a0                core::mw::BasePublisher::~BasePublisher()
 *fill*         0x080049ac        0x4 
 .text._ZN4core2mw14BaseSubscriber14release_unsafeERNS0_7MessageE
                0x080049b0       0x44 CMakeFiles/firmware.dir/home/airlab/robocom/Core/core/core-mw/src/BaseSubscriber.cpp.obj
                0x080049b0                core::mw::BaseSubscriber::release_unsafe(core::mw::Message&)
 *fill*         0x080049f4        0xc 
 .text._ZN4core2mw14BaseSubscriber7releaseERNS0_7MessageE
                0x08004a00       0x30 CMakeFiles/firmware.dir/home/airlab/robocom/Core/core/core-mw/src/BaseSubscriber.cpp.obj
                0x08004a00                core::mw::BaseSubscriber::release(core::mw::Message&)
 .text._ZN4core2mw14BaseSubscriberC2Ev
                0x08004a30       0x10 CMakeFiles/firmware.dir/home/airlab/robocom/Core/core/core-mw/src/BaseSubscriber.cpp.obj
                0x08004a30                core::mw::BaseSubscriber::BaseSubscriber()
                0x08004a30                core::mw::BaseSubscriber::BaseSubscriber()
 .text._ZN4core2mw14BaseSubscriberD2Ev
                0x08004a40        0xc CMakeFiles/firmware.dir/home/airlab/robocom/Core/core/core-mw/src/BaseSubscriber.cpp.obj
                0x08004a40                core::mw::BaseSubscriber::~BaseSubscriber()
                0x08004a40                core::mw::BaseSubscriber::~BaseSubscriber()
 *fill*         0x08004a4c        0x4 
 .text._ZN4core2mw14BaseSubscriber9has_topicERKS1_PKc
                0x08004a50       0x1c CMakeFiles/firmware.dir/home/airlab/robocom/Core/core/core-mw/src/BaseSubscriber.cpp.obj
                0x08004a50                core::mw::BaseSubscriber::has_topic(core::mw::BaseSubscriber const&, char const*)
 *fill*         0x08004a6c        0x4 
 .text._ZN4core2mw19BaseSubscriberQueueC2Ev
                0x08004a70       0x10 CMakeFiles/firmware.dir/home/airlab/robocom/Core/core/core-mw/src/BaseSubscriberQueue.cpp.obj
                0x08004a70                core::mw::BaseSubscriberQueue::BaseSubscriberQueue()
                0x08004a70                core::mw::BaseSubscriberQueue::BaseSubscriberQueue()
 .text._ZN4core2mw14LocalPublisherC2Ev
                0x08004a80       0x1c CMakeFiles/firmware.dir/home/airlab/robocom/Core/core/core-mw/src/LocalPublisher.cpp.obj
                0x08004a80                core::mw::LocalPublisher::LocalPublisher()
                0x08004a80                core::mw::LocalPublisher::LocalPublisher()
 *fill*         0x08004a9c        0x4 
 .text._ZN4core2mw14LocalPublisherD2Ev
                0x08004aa0       0x14 CMakeFiles/firmware.dir/home/airlab/robocom/Core/core/core-mw/src/LocalPublisher.cpp.obj
                0x08004aa0                core::mw::LocalPublisher::~LocalPublisher()
                0x08004aa0                core::mw::LocalPublisher::~LocalPublisher()
 *fill*         0x08004ab4        0xc 
 .text._ZN4core2mw15LocalSubscriber6notifyERNS0_7MessageERKNS_2os4TimeEb
                0x08004ac0       0xc0 CMakeFiles/firmware.dir/home/airlab/robocom/Core/core/core-mw/src/LocalSubscriber.cpp.obj
                0x08004ac0                core::mw::LocalSubscriber::notify(core::mw::Message&, core::os::Time const&, bool)
 .text._ZN4core2mw15LocalSubscriber5fetchERPNS0_7MessageERNS_2os4TimeE
                0x08004b80       0xac CMakeFiles/firmware.dir/home/airlab/robocom/Core/core/core-mw/src/LocalSubscriber.cpp.obj
                0x08004b80                core::mw::LocalSubscriber::fetch(core::mw::Message*&, core::os::Time&)
 *fill*         0x08004c2c        0x4 
 .text._ZN4core2mw15LocalSubscriberC2EPPNS0_7MessageEjPFbRKS2_PvE
                0x08004c30       0x54 CMakeFiles/firmware.dir/home/airlab/robocom/Core/core/core-mw/src/LocalSubscriber.cpp.obj
                0x08004c30                core::mw::LocalSubscriber::LocalSubscriber(core::mw::Message**, unsigned int, bool (*)(core::mw::Message const&, void*))
                0x08004c30                core::mw::LocalSubscriber::LocalSubscriber(core::mw::Message**, unsigned int, bool (*)(core::mw::Message const&, void*))
 *fill*         0x08004c84        0xc 
 .text._ZN4core2mw15LocalSubscriberD2Ev
                0x08004c90       0x14 CMakeFiles/firmware.dir/home/airlab/robocom/Core/core/core-mw/src/LocalSubscriber.cpp.obj
                0x08004c90                core::mw::LocalSubscriber::~LocalSubscriber()
                0x08004c90                core::mw::LocalSubscriber::~LocalSubscriber()
 *fill*         0x08004ca4        0xc 
 .text._ZN4core2mw15MessagePtrQueueC2EPPNS0_7MessageEj
                0x08004cb0       0x2c CMakeFiles/firmware.dir/home/airlab/robocom/Core/core/core-mw/src/MessagePtrQueue.cpp.obj
                0x08004cb0                core::mw::MessagePtrQueue::MessagePtrQueue(core::mw::Message**, unsigned int)
                0x08004cb0                core::mw::MessagePtrQueue::MessagePtrQueue(core::mw::Message**, unsigned int)
 *fill*         0x08004cdc        0x4 
 .text._ZN4core2mw7Message7acquireEv
                0x08004ce0       0x48 CMakeFiles/firmware.dir/home/airlab/robocom/Core/core/core-mw/src/Message.cpp.obj
                0x08004ce0                core::mw::Message::acquire()
 *fill*         0x08004d28        0x8 
 .text._ZN4core2mw7Message7releaseEv
                0x08004d30       0x60 CMakeFiles/firmware.dir/home/airlab/robocom/Core/core/core-mw/src/Message.cpp.obj
                0x08004d30                core::mw::Message::release()
 .text._ZN4core2mw7Message4copyERS1_RKS1_j
                0x08004d90       0x24 CMakeFiles/firmware.dir/home/airlab/robocom/Core/core/core-mw/src/Message.cpp.obj
                0x08004d90                core::mw::Message::copy(core::mw::Message&, core::mw::Message const&, unsigned int)
 *fill*         0x08004db4        0xc 
 .text._ZL11chSysUnlockv
                0x08004dc0       0x34 CMakeFiles/firmware.dir/home/airlab/robocom/Core/core/core-mw/src/Middleware.cpp.obj
 *fill*         0x08004df4        0xc 
 .text._ZN4core2mw5Topic8has_nameERKS1_PKc
                0x08004e00       0x1c CMakeFiles/firmware.dir/home/airlab/robocom/Core/core/core-mw/src/Middleware.cpp.obj
                0x08004e00                core::mw::Topic::has_name(core::mw::Topic const&, char const*)
 *fill*         0x08004e1c        0x4 
 .text._ZN4core2mw10Middleware10initializeEPvjmS2_jm
                0x08004e20       0xc4 CMakeFiles/firmware.dir/home/airlab/robocom/Core/core/core-mw/src/Middleware.cpp.obj
                0x08004e20                core::mw::Middleware::initialize(void*, unsigned int, unsigned long, void*, unsigned int, unsigned long)
 *fill*         0x08004ee4        0xc 
 .text._ZN4core2mw10Middleware5startEv
                0x08004ef0       0xdc CMakeFiles/firmware.dir/home/airlab/robocom/Core/core/core-mw/src/Middleware.cpp.obj
                0x08004ef0                core::mw::Middleware::start()
 *fill*         0x08004fcc        0x4 
 .text._ZN4core2mw10Middleware4stopEv
                0x08004fd0      0x1b8 CMakeFiles/firmware.dir/home/airlab/robocom/Core/core/core-mw/src/Middleware.cpp.obj
                0x08004fd0                core::mw::Middleware::stop()
 *fill*         0x08005188        0x8 
 .text._ZN4core2mw10Middleware3addERNS0_4NodeE
                0x08005190       0x94 CMakeFiles/firmware.dir/home/airlab/robocom/Core/core/core-mw/src/Middleware.cpp.obj
                0x08005190                core::mw::Middleware::add(core::mw::Node&)
 *fill*         0x08005224        0xc 
 .text._ZN4core2mw10Middleware3addERNS0_9TransportE
                0x08005230       0x98 CMakeFiles/firmware.dir/home/airlab/robocom/Core/core/core-mw/src/Middleware.cpp.obj
                0x08005230                core::mw::Middleware::add(core::mw::Transport&)
 *fill*         0x080052c8        0x8 
 .text._ZN4core2mw10Middleware12confirm_stopERKNS0_4NodeE
                0x080052d0       0xa0 CMakeFiles/firmware.dir/home/airlab/robocom/Core/core/core-mw/src/Middleware.cpp.obj
                0x080052d0                core::mw::Middleware::confirm_stop(core::mw::Node const&)
 .text._ZN4core2mw10Middleware10find_topicEPKc
                0x08005370      0x13c CMakeFiles/firmware.dir/home/airlab/robocom/Core/core/core-mw/src/Middleware.cpp.obj
                0x08005370                core::mw::Middleware::find_topic(char const*)
 *fill*         0x080054ac        0x4 
 .text._ZN4core2mw10Middleware9subscribeERNS0_16RemoteSubscriberEPKcPNS0_7MessageEjj
                0x080054b0       0xf4 CMakeFiles/firmware.dir/home/airlab/robocom/Core/core/core-mw/src/Middleware.cpp.obj
                0x080054b0                core::mw::Middleware::subscribe(core::mw::RemoteSubscriber&, char const*, core::mw::Message*, unsigned int, unsigned int)
 *fill*         0x080055a4        0xc 
 .text._ZN4core2mw10Middleware11touch_topicEPKcj
                0x080055b0      0x164 CMakeFiles/firmware.dir/home/airlab/robocom/Core/core/core-mw/src/Middleware.cpp.obj
                0x080055b0                core::mw::Middleware::touch_topic(char const*, unsigned int)
 *fill*         0x08005714        0xc 
 .text._ZN4core2mw10Middleware9advertiseERNS0_14LocalPublisherEPKcRKNS_2os4TimeEj
                0x08005720      0x1f0 CMakeFiles/firmware.dir/home/airlab/robocom/Core/core/core-mw/src/Middleware.cpp.obj
                0x08005720                core::mw::Middleware::advertise(core::mw::LocalPublisher&, char const*, core::os::Time const&, unsigned int)
 .text._ZN4core2mw10Middleware9advertiseERNS0_15RemotePublisherEPKcRKNS_2os4TimeEj
                0x08005910       0xe8 CMakeFiles/firmware.dir/home/airlab/robocom/Core/core/core-mw/src/Middleware.cpp.obj
                0x08005910                core::mw::Middleware::advertise(core::mw::RemotePublisher&, char const*, core::os::Time const&, unsigned int)
 *fill*         0x080059f8        0x8 
 .text._ZN4core2mw10Middleware9subscribeERNS0_15LocalSubscriberEPKcPNS0_7MessageEjj
                0x08005a00      0x28c CMakeFiles/firmware.dir/home/airlab/robocom/Core/core/core-mw/src/Middleware.cpp.obj
                0x08005a00                core::mw::Middleware::subscribe(core::mw::LocalSubscriber&, char const*, core::mw::Message*, unsigned int, unsigned int)
 *fill*         0x08005c8c        0x4 
 .text._ZN4core2mw10Middleware16do_cmd_advertiseERKNS0_7MgmtMsgE
                0x08005c90      0x214 CMakeFiles/firmware.dir/home/airlab/robocom/Core/core/core-mw/src/Middleware.cpp.obj
                0x08005c90                core::mw::Middleware::do_cmd_advertise(core::mw::MgmtMsg const&)
 *fill*         0x08005ea4        0xc 
 .text._ZN4core2mw10Middleware24do_cmd_subscribe_requestERKNS0_7MgmtMsgE
                0x08005eb0      0x260 CMakeFiles/firmware.dir/home/airlab/robocom/Core/core/core-mw/src/Middleware.cpp.obj
                0x08005eb0                core::mw::Middleware::do_cmd_subscribe_request(core::mw::MgmtMsg const&)
 .text._ZN4core2mw10Middleware25do_cmd_subscribe_responseERKNS0_7MgmtMsgE
                0x08006110       0xf0 CMakeFiles/firmware.dir/home/airlab/robocom/Core/core/core-mw/src/Middleware.cpp.obj
                0x08006110                core::mw::Middleware::do_cmd_subscribe_response(core::mw::MgmtMsg const&)
 .text._ZN4core2mw10Middleware14do_mgmt_threadEv
                0x08006200      0x7e8 CMakeFiles/firmware.dir/home/airlab/robocom/Core/core/core-mw/src/Middleware.cpp.obj
                0x08006200                core::mw::Middleware::do_mgmt_thread()
 *fill*         0x080069e8        0x8 
 .text._ZN4core2mw10Middleware12mgmt_threadfEPv
                0x080069f0        0xc CMakeFiles/firmware.dir/home/airlab/robocom/Core/core/core-mw/src/Middleware.cpp.obj
                0x080069f0                core::mw::Middleware::mgmt_threadf(void*)
 *fill*         0x080069fc        0x4 
 .text._ZN4core2mw10MiddlewareC2EPKcS3_PNS1_10PubSubStepEj
                0x08006a00       0xb0 CMakeFiles/firmware.dir/home/airlab/robocom/Core/core/core-mw/src/Middleware.cpp.obj
                0x08006a00                core::mw::Middleware::Middleware(char const*, char const*, core::mw::Middleware::PubSubStep*, unsigned int)
                0x08006a00                core::mw::Middleware::Middleware(char const*, char const*, core::mw::Middleware::PubSubStep*, unsigned int)
 .text._ZN4core2mw4Node9advertiseERNS0_14LocalPublisherEPKcRKNS_2os4TimeEj
                0x08006ab0       0xc8 CMakeFiles/firmware.dir/home/airlab/robocom/Core/core/core-mw/src/Node.cpp.obj
                0x08006ab0                core::mw::Node::advertise(core::mw::LocalPublisher&, char const*, core::os::Time const&, unsigned int)
 *fill*         0x08006b78        0x8 
 .text._ZN4core2mw4Node9subscribeERNS0_15LocalSubscriberEPKcPNS0_7MessageEj
                0x08006b80      0x1c8 CMakeFiles/firmware.dir/home/airlab/robocom/Core/core/core-mw/src/Node.cpp.obj
                0x08006b80                core::mw::Node::subscribe(core::mw::LocalSubscriber&, char const*, core::mw::Message*, unsigned int)
 *fill*         0x08006d48        0x8 
 .text._ZN4core2mw4Node4spinERKNS_2os4TimeEPv
                0x08006d50      0x118 CMakeFiles/firmware.dir/home/airlab/robocom/Core/core/core-mw/src/Node.cpp.obj
                0x08006d50                core::mw::Node::spin(core::os::Time const&, void*)
 *fill*         0x08006e68        0x8 
 .text._ZN4core2mw4NodeC2EPKcb
                0x08006e70       0x48 CMakeFiles/firmware.dir/home/airlab/robocom/Core/core/core-mw/src/Node.cpp.obj
                0x08006e70                core::mw::Node::Node(char const*, bool)
                0x08006e70                core::mw::Node::Node(char const*, bool)
 *fill*         0x08006eb8        0x8 
 .text._ZN4core2mw4NodeD2Ev
                0x08006ec0       0x14 CMakeFiles/firmware.dir/home/airlab/robocom/Core/core/core-mw/src/Node.cpp.obj
                0x08006ec0                core::mw::Node::~Node()
                0x08006ec0                core::mw::Node::~Node()
 *fill*         0x08006ed4        0xc 
 .text._ZN4core2mw15RemotePublisherC2ERNS0_9TransportE
                0x08006ee0       0x20 CMakeFiles/firmware.dir/home/airlab/robocom/Core/core/core-mw/src/RemotePublisher.cpp.obj
                0x08006ee0                core::mw::RemotePublisher::RemotePublisher(core::mw::Transport&)
                0x08006ee0                core::mw::RemotePublisher::RemotePublisher(core::mw::Transport&)