Archive member included because of file (symbol)

/home/airlab/robocom/Core/core/gcc-arm-none-eabi/bin/../lib/gcc/arm-none-eabi/4.9.3/../../../../arm-none-eabi/lib/armv7e-m/fpu/libstdc++.a(atexit_arm.o)
                              CMakeFiles/firmware.dir/home/airlab/robocom/robocom_controller/Robocom-firmware/generated/modules/proximity/src/Module.cpp.obj (__aeabi_atexit)
/home/airlab/robocom/Core/core/gcc-arm-none-eabi/bin/../lib/gcc/arm-none-eabi/4.9.3/../../../../arm-none-eabi/lib/armv7e-m/fpu/libg.a(lib_a-cxa_atexit.o)
                              /home/airlab/robocom/Core/core/gcc-arm-none-eabi/bin/../lib/gcc/arm-none-eabi/4.9.3/../../../../arm-none-eabi/lib/armv7e-m/fpu/libstdc++.a(atexit_arm.o) (__cxa_atexit)
/home/airlab/robocom/Core/core/gcc-arm-none-eabi/bin/../lib/gcc/arm-none-eabi/4.9.3/../../../../arm-none-eabi/lib/armv7e-m/fpu/libg.a(lib_a-exit.o)
                              /home/airlab/robocom/Core/core/gcc-arm-none-eabi/bin/../lib/gcc/arm-none-eabi/4.9.3/../../../../arm-none-eabi/lib/armv7e-m/fpu/crt0.o (exit)
/home/airlab/robocom/Core/core/gcc-arm-none-eabi/bin/../lib/gcc/arm-none-eabi/4.9.3/../../../../arm-none-eabi/lib/armv7e-m/fpu/libg.a(lib_a-impure.o)
                              /home/airlab/robocom/Core/core/gcc-arm-none-eabi/bin/../lib/gcc/arm-none-eabi/4.9.3/../../../../arm-none-eabi/lib/armv7e-m/fpu/libg.a(lib_a-exit.o) (_global_impure_ptr)
/home/airlab/robocom/Core/core/gcc-arm-none-eabi/bin/../lib/gcc/arm-none-eabi/4.9.3/../../../../arm-none-eabi/lib/armv7e-m/fpu/libg.a(lib_a-init.o)
                              /home/airlab/robocom/Core/core/gcc-arm-none-eabi/bin/../lib/gcc/arm-none-eabi/4.9.3/../../../../arm-none-eabi/lib/armv7e-m/fpu/crt0.o (__libc_init_array)
/home/airlab/robocom/Core/core/gcc-arm-none-eabi/bin/../lib/gcc/arm-none-eabi/4.9.3/../../../../arm-none-eabi/lib/armv7e-m/fpu/libg.a(lib_a-memcpy.o)
                              CMakeFiles/firmware.dir/home/airlab/robocom/Core/core/core-mw/src/Message.cpp.obj (memcpy)
/home/airlab/robocom/Core/core/gcc-arm-none-eabi/bin/../lib/gcc/arm-none-eabi/4.9.3/../../../../arm-none-eabi/lib/armv7e-m/fpu/libg.a(lib_a-memset.o)
                              /home/airlab/robocom/Core/core/gcc-arm-none-eabi/bin/../lib/gcc/arm-none-eabi/4.9.3/../../../../arm-none-eabi/lib/armv7e-m/fpu/crt0.o (memset)
/home/airlab/robocom/Core/core/gcc-arm-none-eabi/bin/../lib/gcc/arm-none-eabi/4.9.3/../../../../arm-none-eabi/lib/armv7e-m/fpu/libg.a(lib_a-reent.o)
                              CMakeFiles/firmware.dir/home/airlab/robocom/Core/core/core-os/port/chibios/src/impl/Stubs.cpp.obj (errno)
/home/airlab/robocom/Core/core/gcc-arm-none-eabi/bin/../lib/gcc/arm-none-eabi/4.9.3/../../../../arm-none-eabi/lib/armv7e-m/fpu/libg.a(lib_a-strlen.o)
                              CMakeFiles/firmware.dir/home/airlab/robocom/Core/core/core-mw/src/CoreConfiguration.cpp.obj (strlen)
/home/airlab/robocom/Core/core/gcc-arm-none-eabi/bin/../lib/gcc/arm-none-eabi/4.9.3/../../../../arm-none-eabi/lib/armv7e-m/fpu/libg.a(lib_a-strncmp.o)
                              CMakeFiles/firmware.dir/home/airlab/robocom/Core/core/core-mw/src/BaseSubscriber.cpp.obj (strncmp)
/home/airlab/robocom/Core/core/gcc-arm-none-eabi/bin/../lib/gcc/arm-none-eabi/4.9.3/../../../../arm-none-eabi/lib/armv7e-m/fpu/libg.a(lib_a-strncpy.o)
                              CMakeFiles/firmware.dir/home/airlab/robocom/Core/core/core-mw/src/Middleware.cpp.obj (strncpy)
/home/airlab/robocom/Core/core/gcc-arm-none-eabi/bin/../lib/gcc/arm-none-eabi/4.9.3/../../../../arm-none-eabi/lib/armv7e-m/fpu/libg.a(lib_a-__atexit.o)
                              /home/airlab/robocom/Core/core/gcc-arm-none-eabi/bin/../lib/gcc/arm-none-eabi/4.9.3/../../../../arm-none-eabi/lib/armv7e-m/fpu/libg.a(lib_a-cxa_atexit.o) (__register_exitproc)
/home/airlab/robocom/Core/core/gcc-arm-none-eabi/bin/../lib/gcc/arm-none-eabi/4.9.3/../../../../arm-none-eabi/lib/armv7e-m/fpu/libg.a(lib_a-__call_atexit.o)
                              /home/airlab/robocom/Core/core/gcc-arm-none-eabi/bin/../lib/gcc/arm-none-eabi/4.9.3/../../../../arm-none-eabi/lib/armv7e-m/fpu/libg.a(lib_a-exit.o) (__call_exitprocs)
/home/airlab/robocom/Core/core/gcc-arm-none-eabi/bin/../lib/gcc/arm-none-eabi/4.9.3/../../../../arm-none-eabi/lib/armv7e-m/fpu/libg.a(lib_a-atexit.o)
                              /home/airlab/robocom/Core/core/gcc-arm-none-eabi/bin/../lib/gcc/arm-none-eabi/4.9.3/../../../../arm-none-eabi/lib/armv7e-m/fpu/libg.a(lib_a-__call_atexit.o) (atexit)
/home/airlab/robocom/Core/core/gcc-arm-none-eabi/bin/../lib/gcc/arm-none-eabi/4.9.3/../../../../arm-none-eabi/lib/armv7e-m/fpu/libg.a(lib_a-fini.o)
                              /home/airlab/robocom/Core/core/gcc-arm-none-eabi/bin/../lib/gcc/arm-none-eabi/4.9.3/../../../../arm-none-eabi/lib/armv7e-m/fpu/libg.a(lib_a-__call_atexit.o) (__libc_fini_array)
[...]
Memory Configuration

Name             Origin             Length             Attributes
conf1            0x08000000         0x00000000
conf2            0x08000000         0x00000000
flash            0x08000000         0x00020000
ram0             0x20000000         0x00008000
ram1             0x00000000         0x00000000
ram2             0x00000000         0x00000000
ram3             0x00000000         0x00000000
ram4             0x10000000         0x00010000
ram5             0x00000000         0x00000000
ram6             0x00000000         0x00000000
ram7             0x00000000         0x00000000
*default*        0x00000000         0xffffffff

Linker script and memory map

LOAD /home/airlab/robocom/Core/core/gcc-arm-none-eabi/bin/../lib/gcc/arm-none-eabi/4.9.3/armv7e-m/fpu/crti.o
LOAD /home/airlab/robocom/Core/core/gcc-arm-none-eabi/bin/../lib/gcc/arm-none-eabi/4.9.3/armv7e-m/fpu/crtbegin.o
LOAD /home/airlab/robocom/Core/core/gcc-arm-none-eabi/bin/../lib/gcc/arm-none-eabi/4.9.3/../../../../arm-none-eabi/lib/armv7e-m/fpu/crt0.o
                0x00000400                __process_stack_size__ = 0x400
                0x00000400                __main_stack_size__ = 0x400
LOAD CMakeFiles/firmware.dir/home/airlab/robocom/robocom_controller/Robocom-firmware/generated/modules/proximity/src/Module.cpp.obj
LOAD CMakeFiles/firmware.dir/home/airlab/robocom/robocom_controller/Robocom-firmware/generated/modules/proximity/src/board.c.obj
LOAD CMakeFiles/firmware.dir/home/airlab/robocom/Core/core/chibios_3/os/common/ports/ARMCMx/compilers/GCC/crt0_v7m.s.obj
LOAD CMakeFiles/firmware.dir/home/airlab/robocom/Core/core/chibios_3/os/common/ports/ARMCMx/compilers/GCC/crt1.c.obj
LOAD CMakeFiles/firmware.dir/home/airlab/robocom/Core/core/chibios_3/os/common/ports/ARMCMx/compilers/GCC/vectors.c.obj
LOAD CMakeFiles/firmware.dir/home/airlab/robocom/Core/core/chibios_3/os/rt/ports/ARMCMx/chcore.c.obj
LOAD CMakeFiles/firmware.dir/home/airlab/robocom/Core/core/chibios_3/os/rt/ports/ARMCMx/chcore_v7m.c.obj
LOAD CMakeFiles/firmware.dir/home/airlab/robocom/Core/core/chibios_3/os/rt/ports/ARMCMx/compilers/GCC/chcoreasm_v7m.s.obj
LOAD CMakeFiles/firmware.dir/home/airlab/robocom/Core/core/chibios_3/os/rt/src/chsys.c.obj
LOAD CMakeFiles/firmware.dir/home/airlab/robocom/Core/core/chibios_3/os/rt/src/chdebug.c.obj
LOAD CMakeFiles/firmware.dir/home/airlab/robocom/Core/core/chibios_3/os/rt/src/chvt.c.obj
LOAD CMakeFiles/firmware.dir/home/airlab/robocom/Core/core/chibios_3/os/rt/src/chschd.c.obj
LOAD CMakeFiles/firmware.dir/home/airlab/robocom/Core/core/chibios_3/os/rt/src/chthreads.c.obj
LOAD CMakeFiles/firmware.dir/home/airlab/robocom/Core/core/chibios_3/os/rt/src/chtm.c.obj
LOAD CMakeFiles/firmware.dir/home/airlab/robocom/Core/core/chibios_3/os/rt/src/chstats.c.obj
LOAD CMakeFiles/firmware.dir/home/airlab/robocom/Core/core/chibios_3/os/rt/src/chdynamic.c.obj
LOAD CMakeFiles/firmware.dir/home/airlab/robocom/Core/core/chibios_3/os/rt/src/chregistry.c.obj
LOAD CMakeFiles/firmware.dir/home/airlab/robocom/Core/core/chibios_3/os/rt/src/chsem.c.obj
LOAD CMakeFiles/firmware.dir/home/airlab/robocom/Core/core/chibios_3/os/rt/src/chmtx.c.obj
LOAD CMakeFiles/firmware.dir/home/airlab/robocom/Core/core/chibios_3/os/rt/src/chcond.c.obj
LOAD CMakeFiles/firmware.dir/home/airlab/robocom/Core/core/chibios_3/os/rt/src/chevents.c.obj
LOAD CMakeFiles/firmware.dir/home/airlab/robocom/Core/core/chibios_3/os/rt/src/chmsg.c.obj
LOAD CMakeFiles/firmware.dir/home/airlab/robocom/Core/core/chibios_3/os/rt/src/chmboxes.c.obj
LOAD CMakeFiles/firmware.dir/home/airlab/robocom/Core/core/chibios_3/os/rt/src/chqueues.c.obj
LOAD CMakeFiles/firmware.dir/home/airlab/robocom/Core/core/chibios_3/os/rt/src/chmemcore.c.obj
LOAD CMakeFiles/firmware.dir/home/airlab/robocom/Core/core/chibios_3/os/rt/src/chheap.c.obj
LOAD CMakeFiles/firmware.dir/home/airlab/robocom/Core/core/chibios_3/os/rt/src/chmempools.c.obj
LOAD CMakeFiles/firmware.dir/home/airlab/robocom/Core/core/chibios_3/os/hal/src/hal.c.obj
LOAD CMakeFiles/firmware.dir/home/airlab/robocom/Core/core/chibios_3/os/hal/src/hal_queues.c.obj
LOAD CMakeFiles/firmware.dir/home/airlab/robocom/Core/core/chibios_3/os/hal/osal/rt/osal.c.obj
LOAD CMakeFiles/firmware.dir/home/airlab/robocom/Core/core/chibios_3/os/hal/ports/STM32/STM32F3xx/hal_lld.c.obj
LOAD CMakeFiles/firmware.dir/home/airlab/robocom/Core/core/chibios_3/os/hal/ports/STM32/STM32F3xx/stm32_dma.c.obj
LOAD CMakeFiles/firmware.dir/home/airlab/robocom/Core/core/chibios_3/os/hal/ports/common/ARMCMx/nvic.c.obj
LOAD CMakeFiles/firmware.dir/home/airlab/robocom/Core/core/chibios_3/os/hal/src/ext.c.obj
LOAD CMakeFiles/firmware.dir/home/airlab/robocom/Core/core/chibios_3/os/hal/ports/STM32/LLD/ext_lld.c.obj
LOAD CMakeFiles/firmware.dir/home/airlab/robocom/Core/core/chibios_3/os/hal/ports/STM32/STM32F3xx/ext_lld_isr.c.obj
LOAD CMakeFiles/firmware.dir/home/airlab/robocom/Core/core/chibios_3/os/hal/src/icu.c.obj
LOAD CMakeFiles/firmware.dir/home/airlab/robocom/Core/core/chibios_3/os/hal/ports/STM32/LLD/TIMv1/icu_lld.c.obj
LOAD CMakeFiles/firmware.dir/home/airlab/robocom/Core/core/chibios_3/os/hal/src/pal.c.obj
LOAD CMakeFiles/firmware.dir/home/airlab/robocom/Core/core/chibios_3/os/hal/ports/STM32/LLD/GPIOv2/pal_lld.c.obj
LOAD CMakeFiles/firmware.dir/home/airlab/robocom/Core/core/chibios_3/os/various/syscalls.c.obj
LOAD CMakeFiles/firmware.dir/home/airlab/robocom/Core/core/chibios_3/os/hal/src/st.c.obj
LOAD CMakeFiles/firmware.dir/home/airlab/robocom/Core/core/chibios_3/os/hal/ports/STM32/LLD/TIMv1/st_lld.c.obj
LOAD CMakeFiles/firmware.dir/home/airlab/robocom/Core/core/core-base/src/core-base.cpp.obj
LOAD CMakeFiles/firmware.dir/home/airlab/robocom/Core/core/core-os/src/core-os.cpp.obj
LOAD CMakeFiles/firmware.dir/home/airlab/robocom/Core/core/core-os/src/Time.cpp.obj
LOAD CMakeFiles/firmware.dir/home/airlab/robocom/Core/core/core-os/port/chibios/src/impl/Time_.cpp.obj
LOAD CMakeFiles/firmware.dir/home/airlab/robocom/Core/core/core-os/port/chibios/src/impl/Stubs.cpp.obj
LOAD CMakeFiles/firmware.dir/home/airlab/robocom/Core/core/core-mw/src/core-mw.cpp.obj
LOAD CMakeFiles/firmware.dir/home/airlab/robocom/Core/core/core-mw/src/impl/ArrayQueue_.cpp.obj
LOAD CMakeFiles/firmware.dir/home/airlab/robocom/Core/core/core-mw/src/impl/SimplePool_.cpp.obj
LOAD CMakeFiles/firmware.dir/home/airlab/robocom/Core/core/core-mw/src/impl/StaticList_.cpp.obj
LOAD CMakeFiles/firmware.dir/home/airlab/robocom/Core/core/core-mw/src/impl/StaticQueue_.cpp.obj
LOAD CMakeFiles/firmware.dir/home/airlab/robocom/Core/core/core-mw/src/BasePublisher.cpp.obj
LOAD CMakeFiles/firmware.dir/home/airlab/robocom/Core/core/core-mw/src/BaseSubscriber.cpp.obj
LOAD CMakeFiles/firmware.dir/home/airlab/robocom/Core/core/core-mw/src/BaseSubscriberQueue.cpp.obj
LOAD CMakeFiles/firmware.dir/home/airlab/robocom/Core/core/core-mw/src/BootMsg.cpp.obj
LOAD CMakeFiles/firmware.dir/home/airlab/robocom/Core/core/core-mw/src/Checksummer.cpp.obj
LOAD CMakeFiles/firmware.dir/home/airlab/robocom/Core/core/core-mw/src/LocalPublisher.cpp.obj
LOAD CMakeFiles/firmware.dir/home/airlab/robocom/Core/core/core-mw/src/LocalSubscriber.cpp.obj
LOAD CMakeFiles/firmware.dir/home/airlab/robocom/Core/core/core-mw/src/MessagePtrQueue.cpp.obj
LOAD CMakeFiles/firmware.dir/home/airlab/robocom/Core/core/core-mw/src/Message.cpp.obj
LOAD CMakeFiles/firmware.dir/home/airlab/robocom/Core/core/core-mw/src/Middleware.cpp.obj
LOAD CMakeFiles/firmware.dir/home/airlab/robocom/Core/core/core-mw/src/Node.cpp.obj
LOAD CMakeFiles/firmware.dir/home/airlab/robocom/Core/core/core-mw/src/RemotePublisher.cpp.obj
LOAD CMakeFiles/firmware.dir/home/airlab/robocom/Core/core/core-mw/src/RemoteSubscriber.cpp.obj
LOAD CMakeFiles/firmware.dir/home/airlab/robocom/Core/core/core-mw/src/TimestampedMsgPtrQueue.cpp.obj
LOAD CMakeFiles/firmware.dir/home/airlab/robocom/Core/core/core-mw/src/Topic.cpp.obj
LOAD CMakeFiles/firmware.dir/home/airlab/robocom/Core/core/core-mw/src/Transport.cpp.obj
LOAD CMakeFiles/firmware.dir/home/airlab/robocom/Core/core/core-mw/src/Utils.cpp.obj
LOAD CMakeFiles/firmware.dir/home/airlab/robocom/Core/core/core-mw/src/CoreNode.cpp.obj
LOAD CMakeFiles/firmware.dir/home/airlab/robocom/Core/core/core-mw/src/CoreNodeManager.cpp.obj
LOAD CMakeFiles/firmware.dir/home/airlab/robocom/Core/core/core-mw/src/CoreConfiguration.cpp.obj
LOAD CMakeFiles/firmware.dir/home/airlab/robocom/Core/core/core-mw/src/CoreConfigurationManager.cpp.obj
LOAD CMakeFiles/firmware.dir/home/airlab/robocom/Core/core/core-mw/src/CoreModule.cpp.obj
LOAD CMakeFiles/firmware.dir/home/airlab/robocom/Core/core/core-mw/src/UID.cpp.obj
LOAD CMakeFiles/firmware.dir/home/airlab/robocom/Core/core/core-mw/port/chibios/src/impl/Middleware_.cpp.obj
LOAD CMakeFiles/firmware.dir/home/airlab/robocom/Core/core/core-transport-rtcan/src/core-transport-rtcan.cpp.obj
LOAD CMakeFiles/firmware.dir/home/airlab/robocom/Core/core/core-transport-rtcan/src/RTCANTransport.cpp.obj
LOAD CMakeFiles/firmware.dir/home/airlab/robocom/Core/core/core-transport-rtcan/src/RTCANPublisher.cpp.obj
LOAD CMakeFiles/firmware.dir/home/airlab/robocom/Core/core/core-transport-rtcan/src/RTCANSubscriber.cpp.obj
LOAD CMakeFiles/firmware.dir/home/airlab/robocom/Core/core/core-hw/src/core-hw.cpp.obj
LOAD CMakeFiles/firmware.dir/home/airlab/robocom/Core/core/core-utils/src/core-utils.cpp.obj
LOAD CMakeFiles/firmware.dir/home/airlab/robocom/Core/core/core-comm-can/src/rtcan.c.obj
LOAD CMakeFiles/firmware.dir/home/airlab/robocom/Core/core/core-comm-can/src/msgqueue.c.obj
LOAD CMakeFiles/firmware.dir/home/airlab/robocom/Core/core/core-comm-can/src/hrt.c.obj
LOAD CMakeFiles/firmware.dir/home/airlab/robocom/Core/core/core-comm-can/src/srt.c.obj
LOAD CMakeFiles/firmware.dir/home/airlab/robocom/Core/core/core-comm-can/platforms/STM32/rtcan_lld_can.c.obj
LOAD CMakeFiles/firmware.dir/home/airlab/robocom/Core/core/core-comm-can/platforms/STM32/rtcan_lld_tim.c.obj
LOAD CMakeFiles/firmware.dir/home/airlab/robocom/robocom_controller/Robocom-firmware/generated/packages/led/src/Publisher.cpp.obj
LOAD CMakeFiles/firmware.dir/home/airlab/robocom/robocom_controller/Robocom-firmware/generated/packages/led/src/Subscriber.cpp.obj
LOAD CMakeFiles/firmware.dir/home/airlab/robocom/robocom_controller/Robocom-firmware/generated/packages/led/src/PublisherConfiguration.cpp.obj
LOAD CMakeFiles/firmware.dir/home/airlab/robocom/robocom_controller/Robocom-firmware/generated/packages/led/src/SubscriberConfiguration.cpp.obj
LOAD CMakeFiles/firmware.dir/main.cpp.obj
LOAD /home/airlab/robocom/Core/core/gcc-arm-none-eabi/bin/../lib/gcc/arm-none-eabi/4.9.3/../../../../arm-none-eabi/lib/armv7e-m/fpu/libstdc++.a
LOAD /home/airlab/robocom/Core/core/gcc-arm-none-eabi/bin/../lib/gcc/arm-none-eabi/4.9.3/../../../../arm-none-eabi/lib/armv7e-m/fpu/libm.a
START GROUP
LOAD /home/airlab/robocom/Core/core/gcc-arm-none-eabi/bin/../lib/gcc/arm-none-eabi/4.9.3/armv7e-m/fpu/libgcc.a
LOAD /home/airlab/robocom/Core/core/gcc-arm-none-eabi/bin/../lib/gcc/arm-none-eabi/4.9.3/../../../../arm-none-eabi/lib/armv7e-m/fpu/libg.a
LOAD /home/airlab/robocom/Core/core/gcc-arm-none-eabi/bin/../lib/gcc/arm-none-eabi/4.9.3/../../../../arm-none-eabi/lib/armv7e-m/fpu/libc.a
END GROUP
LOAD /home/airlab/robocom/Core/core/gcc-arm-none-eabi/bin/../lib/gcc/arm-none-eabi/4.9.3/armv7e-m/fpu/crtend.o
LOAD /home/airlab/robocom/Core/core/gcc-arm-none-eabi/bin/../lib/gcc/arm-none-eabi/4.9.3/armv7e-m/fpu/crtn.o
                0x08000000                _conf1_address_bottom = ORIGIN (conf1)
                0x08000000                _conf1_address_top = (ORIGIN (conf1) + 0x0)
                0x08000000                PROVIDE (conf1_address_bottom, _conf1_address_bottom)
                0x08000000                PROVIDE (conf1_address_top, _conf1_address_top)
                0x08000000                _conf2_address_bottom = ORIGIN (conf2)
                0x08000000                _conf2_address_top = (ORIGIN (conf2) + 0x0)
                0x08000000                PROVIDE (conf2_address_bottom, _conf2_address_bottom)
                0x08000000                PROVIDE (conf2_address_top, _conf2_address_top)
                0x20000000                __ram0_start__ = ORIGIN (ram0)
                0x00008000                __ram0_size__ = 0x8000
                0x20008000                __ram0_end__ = (__ram0_start__ + __ram0_size__)
                0x00000000                __ram1_start__ = ORIGIN (ram1)
                0x00000000                __ram1_size__ = 0x0
                0x00000000                __ram1_end__ = (__ram1_start__ + __ram1_size__)
                0x00000000                __ram2_start__ = ORIGIN (ram2)
                0x00000000                __ram2_size__ = 0x0
                0x00000000                __ram2_end__ = (__ram2_start__ + __ram2_size__)
                0x00000000                __ram3_start__ = ORIGIN (ram3)
                0x00000000                __ram3_size__ = 0x0
                0x00000000                __ram3_end__ = (__ram3_start__ + __ram3_size__)
                0x10000000                __ram4_start__ = ORIGIN (ram4)
                0x00010000                __ram4_size__ = 0x10000
                0x10010000                __ram4_end__ = (__ram4_start__ + __ram4_size__)
                0x00000000                __ram5_start__ = ORIGIN (ram5)
                0x00000000                __ram5_size__ = 0x0
                0x00000000                __ram5_end__ = (__ram5_start__ + __ram5_size__)
                0x00000000                __ram6_start__ = ORIGIN (ram6)
                0x00000000                __ram6_size__ = 0x0
                0x00000000                __ram6_end__ = (__ram6_start__ + __ram6_size__)
                0x00000000                __ram7_start__ = ORIGIN (ram7)
                0x00000000                __ram7_size__ = 0x0
                0x00000000                __ram7_end__ = (__ram7_start__ + __ram7_size__)
                0x00000000                . = 0x0
                0x00000000                _text = .

startup         0x08000000      0x1a0
 *(.vectors)
 .vectors       0x08000000      0x1a0 CMakeFiles/firmware.dir/home/airlab/robocom/Core/core/chibios_3/os/common/ports/ARMCMx/compilers/GCC/vectors.c.obj
                0x08000000                _vectors

constructors    0x080001a0       0x20
                0x080001a0                PROVIDE (__init_array_start, .)
 *(SORT(.init_array.*))
 .init_array.00000
                0x080001a0        0x4 /home/airlab/robocom/Core/core/gcc-arm-none-eabi/bin/../lib/gcc/arm-none-eabi/4.9.3/../../../../arm-none-eabi/lib/armv7e-m/fpu/libg.a(lib_a-__call_atexit.o)
 *(.init_array)
 .init_array    0x080001a4        0x4 /home/airlab/robocom/Core/core/gcc-arm-none-eabi/bin/../lib/gcc/arm-none-eabi/4.9.3/armv7e-m/fpu/crtbegin.o
 .init_array    0x080001a8        0x4 CMakeFiles/firmware.dir/home/airlab/robocom/robocom_controller/Robocom-firmware/generated/modules/proximity/src/Module.cpp.obj
 .init_array    0x080001ac        0x4 CMakeFiles/firmware.dir/home/airlab/robocom/Core/core/core-os/src/Time.cpp.obj
 .init_array    0x080001b0        0x4 CMakeFiles/firmware.dir/home/airlab/robocom/Core/core/core-mw/src/CoreModule.cpp.obj
 .init_array    0x080001b4        0x4 CMakeFiles/firmware.dir/home/airlab/robocom/Core/core/core-mw/src/UID.cpp.obj
 .init_array    0x080001b8        0x4 CMakeFiles/firmware.dir/home/airlab/robocom/robocom_controller/Robocom-firmware/generated/packages/led/src/Subscriber.cpp.obj
 .init_array    0x080001bc        0x4 CMakeFiles/firmware.dir/main.cpp.obj
                0x080001c0                PROVIDE (__init_array_end, .)

destructors     0x080001c0        0x4
                0x080001c0                PROVIDE (__fini_array_start, .)
 *(.fini_array)
 .fini_array    0x080001c0        0x4 /home/airlab/robocom/Core/core/gcc-arm-none-eabi/bin/../lib/gcc/arm-none-eabi/4.9.3/armv7e-m/fpu/crtbegin.o
 *(SORT(.fini_array.*))
                0x080001c4                PROVIDE (__fini_array_end, .)

.text           0x080001d0     0x5be4
 *(.text)
 .text          0x080001d0       0x5c /home/airlab/robocom/Core/core/gcc-arm-none-eabi/bin/../lib/gcc/arm-none-eabi/4.9.3/armv7e-m/fpu/crtbegin.o
 *fill*         0x0800022c        0x4 
 .text          0x08000230      0x108 CMakeFiles/firmware.dir/home/airlab/robocom/Core/core/chibios_3/os/common/ports/ARMCMx/compilers/GCC/crt0_v7m.s.obj
                0x08000230                Reset_Handler
 *fill*         0x08000338        0x8 
 .text          0x08000340       0x30 CMakeFiles/firmware.dir/home/airlab/robocom/Core/core/chibios_3/os/rt/ports/ARMCMx/compilers/GCC/chcoreasm_v7m.s.obj
                0x08000340                _port_switch
                0x08000358                _port_thread_start
                0x08000368                _port_switch_from_isr
                0x0800036c                _port_exit_from_isr
 .text          0x08000370      0x134 /home/airlab/robocom/Core/core/gcc-arm-none-eabi/bin/../lib/gcc/arm-none-eabi/4.9.3/../../../../arm-none-eabi/lib/armv7e-m/fpu/libg.a(lib_a-memcpy.o)
                0x08000370                memcpy
 *(.text.*)
 *fill*         0x080004a4        0xc 
 .text._ZNK4core2mw15LocalSubscriber16get_queue_lengthEv
                0x080004b0        0x4 CMakeFiles/firmware.dir/home/airlab/robocom/robocom_controller/Robocom-firmware/generated/modules/proximity/src/Module.cpp.obj
                0x080004b0                core::mw::LocalSubscriber::get_queue_length() const
 *fill*         0x080004b4        0xc 
 .text._ZN4core2mw10CoreModuleD2Ev
                0x080004c0       0x14 CMakeFiles/firmware.dir/home/airlab/robocom/robocom_controller/Robocom-firmware/generated/modules/proximity/src/Module.cpp.obj
                0x080004c0                core::mw::CoreModule::~CoreModule()
                0x080004c0                core::mw::CoreModule::~CoreModule()
 *fill*         0x080004d4        0xc 
 .text._ZN4core2mw10CoreModuleD0Ev
                0x080004e0       0x1c CMakeFiles/firmware.dir/home/airlab/robocom/robocom_controller/Robocom-firmware/generated/modules/proximity/src/Module.cpp.obj
                0x080004e0                core::mw::CoreModule::~CoreModule()
 *fill*         0x080004fc        0x4 
 .text._ZN6ModuleD2Ev
                0x08000500       0x14 CMakeFiles/firmware.dir/home/airlab/robocom/robocom_controller/Robocom-firmware/generated/modules/proximity/src/Module.cpp.obj
                0x08000500                Module::~Module()
                0x08000500                Module::~Module()
 *fill*         0x08000514        0xc 
 .text._ZN6ModuleD0Ev
                0x08000520       0x1c CMakeFiles/firmware.dir/home/airlab/robocom/robocom_controller/Robocom-firmware/generated/modules/proximity/src/Module.cpp.obj
                0x08000520                Module::~Module()
 *fill*         0x0800053c        0x4 
 .text._Z41__static_initialization_and_destruction_0ii
                0x08000540       0x84 CMakeFiles/firmware.dir/home/airlab/robocom/robocom_controller/Robocom-firmware/generated/modules/proximity/src/Module.cpp.obj
 *fill*         0x080005c4        0xc 
 .text._ZN4core2mw16SubscriberExtBufINS0_7MgmtMsgEED2Ev
                0x080005d0       0x14 CMakeFiles/firmware.dir/home/airlab/robocom/robocom_controller/Robocom-firmware/generated/modules/proximity/src/Module.cpp.obj
                0x080005d0                core::mw::SubscriberExtBuf<core::mw::MgmtMsg>::~SubscriberExtBuf()
                0x080005d0                core::mw::SubscriberExtBuf<core::mw::MgmtMsg>::~SubscriberExtBuf()
 *fill*         0x080005e4        0xc 
 .text._ZN4core2mw16SubscriberExtBufINS0_7MgmtMsgEED0Ev
                0x080005f0       0x1c CMakeFiles/firmware.dir/home/airlab/robocom/robocom_controller/Robocom-firmware/generated/modules/proximity/src/Module.cpp.obj
                0x080005f0                core::mw::SubscriberExtBuf<core::mw::MgmtMsg>::~SubscriberExtBuf()
 *fill*         0x0800060c        0x4 
 .text._ZN4core2mw15LocalSubscriber12fetch_unsafeERPNS0_7MessageERNS_2os4TimeE
                0x08000610       0x44 CMakeFiles/firmware.dir/home/airlab/robocom/robocom_controller/Robocom-firmware/generated/modules/proximity/src/Module.cpp.obj
                0x08000610                core::mw::LocalSubscriber::fetch_unsafe(core::mw::Message*&, core::os::Time&)
 *fill*         0x08000654        0xc 
 .text._ZN4core2mw15LocalSubscriber13notify_unsafeERNS0_7MessageERKNS_2os4TimeE
                0x08000660       0x54 CMakeFiles/firmware.dir/home/airlab/robocom/robocom_controller/Robocom-firmware/generated/modules/proximity/src/Module.cpp.obj
                0x08000660                core::mw::LocalSubscriber::notify_unsafe(core::mw::Message&, core::os::Time const&)
 *fill*         0x080006b4        0xc 
 .text._ZN4core2mw9PublisherINS0_7MgmtMsgEED2Ev
                0x080006c0       0x14 CMakeFiles/firmware.dir/home/airlab/robocom/robocom_controller/Robocom-firmware/generated/modules/proximity/src/Module.cpp.obj
                0x080006c0                core::mw::Publisher<core::mw::MgmtMsg>::~Publisher()
                0x080006c0                core::mw::Publisher<core::mw::MgmtMsg>::~Publisher()
 *fill*         0x080006d4        0xc 
 .text._ZN4core2mw10MiddlewareD2Ev
                0x080006e0       0x30 CMakeFiles/firmware.dir/home/airlab/robocom/robocom_controller/Robocom-firmware/generated/modules/proximity/src/Module.cpp.obj
                0x080006e0                core::mw::Middleware::~Middleware()
                0x080006e0                core::mw::Middleware::~Middleware()
 .text._ZN4core2mw9PublisherINS0_7MgmtMsgEED0Ev
                0x08000710       0x1c CMakeFiles/firmware.dir/home/airlab/robocom/robocom_controller/Robocom-firmware/generated/modules/proximity/src/Module.cpp.obj
                0x08000710                core::mw::Publisher<core::mw::MgmtMsg>::~Publisher()
 *fill*         0x0800072c        0x4 
 .text._ZN6ModuleC2Ev
                0x08000730       0x14 CMakeFiles/firmware.dir/home/airlab/robocom/robocom_controller/Robocom-firmware/generated/modules/proximity/src/Module.cpp.obj
                0x08000730                Module::Module()
                0x08000730                Module::Module()
 *fill*         0x08000744        0xc 
 .text._ZN6Module10initializeEv
                0x08000750       0x70 CMakeFiles/firmware.dir/home/airlab/robocom/robocom_controller/Robocom-firmware/generated/modules/proximity/src/Module.cpp.obj
                0x08000750                Module::initialize()
 .text._ZN4core2mw10CoreModule3Led6toggleEv
                0x080007c0       0x10 CMakeFiles/firmware.dir/home/airlab/robocom/robocom_controller/Robocom-firmware/generated/modules/proximity/src/Module.cpp.obj
                0x080007c0                core::mw::CoreModule::Led::toggle()
 .text._ZN4core2mw10CoreModule3Led5writeEj
                0x080007d0       0x24 CMakeFiles/firmware.dir/home/airlab/robocom/robocom_controller/Robocom-firmware/generated/modules/proximity/src/Module.cpp.obj
                0x080007d0                core::mw::CoreModule::Led::write(unsigned int)
 *fill*         0x080007f4        0xc 
 .text._GLOBAL__sub_I__ZN6Module2d1E
                0x08000800       0x10 CMakeFiles/firmware.dir/home/airlab/robocom/robocom_controller/Robocom-firmware/generated/modules/proximity/src/Module.cpp.obj
 .text.__early_init
                0x08000810        0x8 CMakeFiles/firmware.dir/home/airlab/robocom/robocom_controller/Robocom-firmware/generated/modules/proximity/src/board.c.obj
                0x08000810                __early_init
 *fill*         0x08000818        0x8 
 .text.boardInit
                0x08000820        0x4 CMakeFiles/firmware.dir/home/airlab/robocom/robocom_controller/Robocom-firmware/generated/modules/proximity/src/board.c.obj
                0x08000820                boardInit
 *fill*         0x08000824        0xc 
 .text.__core_init
                0x08000830        0x4 CMakeFiles/firmware.dir/home/airlab/robocom/Core/core/chibios_3/os/common/ports/ARMCMx/compilers/GCC/crt1.c.obj
                0x08000830                __core_init
 *fill*         0x08000834        0xc 
 .text.__late_init
                0x08000840        0x4 CMakeFiles/firmware.dir/home/airlab/robocom/Core/core/chibios_3/os/common/ports/ARMCMx/compilers/GCC/crt1.c.obj
                0x08000840                __late_init
 *fill*         0x08000844        0xc 
 .text.__default_exit
                0x08000850        0x4 CMakeFiles/firmware.dir/home/airlab/robocom/Core/core/chibios_3/os/common/ports/ARMCMx/compilers/GCC/crt1.c.obj
                0x08000850                __default_exit
 *fill*         0x08000854        0xc 
 .text._unhandled_exception
                0x08000860        0x4 CMakeFiles/firmware.dir/home/airlab/robocom/Core/core/chibios_3/os/common/ports/ARMCMx/compilers/GCC/vectors.c.obj
                0x08000860                VectorAC
                0x08000860                DebugMon_Handler
                0x08000860                Vector11C
                0x08000860                HardFault_Handler
                0x08000860                Vector19C
                0x08000860                VectorDC
                0x08000860                PendSV_Handler
                0x08000860                Vector168
                0x08000860                NMI_Handler
                0x08000860                Vector110
                0x08000860                Vector120
                0x08000860                VectorC8
                0x08000860                VectorA8
                0x08000860                VectorB4
                0x08000860                Vector74
                0x08000860                Vector160
                0x08000860                UsageFault_Handler
                0x08000860                VectorEC
                0x08000860                Vector40
                0x08000860                VectorF8
                0x08000860                Vector108
                0x08000860                VectorBC
                0x08000860                Vector190
                0x08000860                Vector150
                0x08000860                Vector124
                0x08000860                Vector188
                0x08000860                Vector198
                0x08000860                Vector118
                0x08000860                VectorCC
                0x08000860                Vector54
                0x08000860                VectorD8
                0x08000860                Vector138
                0x08000860                Vector24
                0x08000860                Vector178
                0x08000860                Vector84
                0x08000860                VectorD0
                0x08000860                VectorC0
                0x08000860                Vector158
                0x08000860                Vector130
                0x08000860                Vector134
                0x08000860                VectorF0
                0x08000860                Vector12C
                0x08000860                Vector13C
                0x08000860                Vector100
                0x08000860                VectorF4
                0x08000860                MemManage_Handler
                0x08000860                Vector6C
                0x08000860                VectorA0
                0x08000860                VectorC4
                0x08000860                Vector7C
                0x08000860                Vector180
                0x08000860                VectorB0
                0x08000860                Vector114
                0x08000860                Vector164
                0x08000860                Vector1C
                0x08000860                Vector17C
                0x08000860                Vector16C
                0x08000860                Vector70
                0x08000860                VectorD4
                0x08000860                Vector80
                0x08000860                Vector15C
                0x08000860                Vector78
                0x08000860                _unhandled_exception
                0x08000860                Vector170
                0x08000860                Vector88
                0x08000860                Vector104
                0x08000860                Vector184
                0x08000860                Vector10C
                0x08000860                Vector14C
                0x08000860                BusFault_Handler
                0x08000860                Vector50
                0x08000860                Vector194
                0x08000860                Vector154
                0x08000860                Vector28
                0x08000860                VectorB8
                0x08000860                VectorFC
                0x08000860                Vector34
                0x08000860                Vector128
                0x08000860                VectorA4
                0x08000860                Vector20
                0x08000860                Vector18C
                0x08000860                Vector174
 *fill*         0x08000864        0xc 
 .text.SVC_Handler
                0x08000870       0x20 CMakeFiles/firmware.dir/home/airlab/robocom/Core/core/chibios_3/os/rt/ports/ARMCMx/chcore_v7m.c.obj
                0x08000870                SVC_Handler
 .text._port_irq_epilogue
                0x08000890       0x60 CMakeFiles/firmware.dir/home/airlab/robocom/Core/core/chibios_3/os/rt/ports/ARMCMx/chcore_v7m.c.obj
                0x08000890                _port_irq_epilogue
 .text._idle_thread
                0x080008f0        0x4 CMakeFiles/firmware.dir/home/airlab/robocom/Core/core/chibios_3/os/rt/src/chsys.c.obj
 *fill*         0x080008f4        0xc 
 .text.chSysInit
                0x08000900       0xa4 CMakeFiles/firmware.dir/home/airlab/robocom/Core/core/chibios_3/os/rt/src/chsys.c.obj
                0x08000900                chSysInit
 *fill*         0x080009a4        0xc 
 .text.chSysHalt
                0x080009b0        0xc CMakeFiles/firmware.dir/home/airlab/robocom/Core/core/chibios_3/os/rt/src/chsys.c.obj
                0x080009b0                chSysHalt
 *fill*         0x080009bc        0x4 
 .text.chSysTimerHandlerI
                0x080009c0       0x60 CMakeFiles/firmware.dir/home/airlab/robocom/Core/core/chibios_3/os/rt/src/chsys.c.obj
                0x080009c0                chSysTimerHandlerI
 .text._vt_init
                0x08000a20       0x1c CMakeFiles/firmware.dir/home/airlab/robocom/Core/core/chibios_3/os/rt/src/chvt.c.obj
                0x08000a20                _vt_init
 *fill*         0x08000a3c        0x4 
 .text.chVTDoSetI
                0x08000a40       0x34 CMakeFiles/firmware.dir/home/airlab/robocom/Core/core/chibios_3/os/rt/src/chvt.c.obj
                0x08000a40                chVTDoSetI
 *fill*         0x08000a74        0xc 
 .text.chVTDoResetI
                0x08000a80       0x28 CMakeFiles/firmware.dir/home/airlab/robocom/Core/core/chibios_3/os/rt/src/chvt.c.obj
                0x08000a80                chVTDoResetI
 *fill*         0x08000aa8        0x8 
 .text._scheduler_init
                0x08000ab0       0x14 CMakeFiles/firmware.dir/home/airlab/robocom/Core/core/chibios_3/os/rt/src/chschd.c.obj
                0x08000ab0                _scheduler_init
 *fill*         0x08000ac4        0xc 
 .text.chSchReadyI
                0x08000ad0       0x20 CMakeFiles/firmware.dir/home/airlab/robocom/Core/core/chibios_3/os/rt/src/chschd.c.obj
                0x08000ad0                chSchReadyI
 .text.wakeup   0x08000af0       0x50 CMakeFiles/firmware.dir/home/airlab/robocom/Core/core/chibios_3/os/rt/src/chschd.c.obj
 .text.chSchGoSleepS
                0x08000b40       0x24 CMakeFiles/firmware.dir/home/airlab/robocom/Core/core/chibios_3/os/rt/src/chschd.c.obj
                0x08000b40                chSchGoSleepS
 *fill*         0x08000b64        0xc 
 .text.chSchGoSleepTimeoutS
                0x08000b70       0x40 CMakeFiles/firmware.dir/home/airlab/robocom/Core/core/chibios_3/os/rt/src/chschd.c.obj
                0x08000b70                chSchGoSleepTimeoutS
 .text.chSchWakeupS
                0x08000bb0       0x34 CMakeFiles/firmware.dir/home/airlab/robocom/Core/core/chibios_3/os/rt/src/chschd.c.obj
                0x08000bb0                chSchWakeupS
 *fill*         0x08000be4        0xc 
 .text.chSchIsPreemptionRequired
                0x08000bf0       0x28 CMakeFiles/firmware.dir/home/airlab/robocom/Core/core/chibios_3/os/rt/src/chschd.c.obj
                0x08000bf0                chSchIsPreemptionRequired
 *fill*         0x08000c18        0x8 
 .text.chSchDoRescheduleBehind
                0x08000c20       0x2c CMakeFiles/firmware.dir/home/airlab/robocom/Core/core/chibios_3/os/rt/src/chschd.c.obj
                0x08000c20                chSchDoRescheduleBehind
 *fill*         0x08000c4c        0x4 
 .text.chSchDoRescheduleAhead
                0x08000c50       0x3c CMakeFiles/firmware.dir/home/airlab/robocom/Core/core/chibios_3/os/rt/src/chschd.c.obj
                0x08000c50                chSchDoRescheduleAhead
 *fill*         0x08000c8c        0x4 
 .text.chSchRescheduleS
                0x08000c90       0x1c CMakeFiles/firmware.dir/home/airlab/robocom/Core/core/chibios_3/os/rt/src/chschd.c.obj
                0x08000c90                chSchRescheduleS
 *fill*         0x08000cac        0x4 
 .text.chSchDoReschedule
                0x08000cb0       0x1c CMakeFiles/firmware.dir/home/airlab/robocom/Core/core/chibios_3/os/rt/src/chschd.c.obj
                0x08000cb0                chSchDoReschedule
 *fill*         0x08000ccc        0x4 
 .text._thread_init
                0x08000cd0       0x44 CMakeFiles/firmware.dir/home/airlab/robocom/Core/core/chibios_3/os/rt/src/chthreads.c.obj
                0x08000cd0                _thread_init
 *fill*         0x08000d14        0xc 
 .text.chThdCreateI
                0x08000d20       0x24 CMakeFiles/firmware.dir/home/airlab/robocom/Core/core/chibios_3/os/rt/src/chthreads.c.obj
                0x08000d20                chThdCreateI
 *fill*         0x08000d44        0xc 
 .text.chThdCreateStatic
                0x08000d50       0x28 CMakeFiles/firmware.dir/home/airlab/robocom/Core/core/chibios_3/os/rt/src/chthreads.c.obj
                0x08000d50                chThdCreateStatic
 *fill*         0x08000d78        0x8 
 .text.chThdSetPriority
                0x08000d80       0x34 CMakeFiles/firmware.dir/home/airlab/robocom/Core/core/chibios_3/os/rt/src/chthreads.c.obj
                0x08000d80                chThdSetPriority
 *fill*         0x08000db4        0xc 
 .text.chThdSleep
                0x08000dc0       0x18 CMakeFiles/firmware.dir/home/airlab/robocom/Core/core/chibios_3/os/rt/src/chthreads.c.obj
                0x08000dc0                chThdSleep
 *fill*         0x08000dd8        0x8 
 .text.chThdYield
                0x08000de0       0x28 CMakeFiles/firmware.dir/home/airlab/robocom/Core/core/chibios_3/os/rt/src/chthreads.c.obj
                0x08000de0                chThdYield
 *fill*         0x08000e08        0x8 
 .text.chThdExitS
                0x08000e10       0x3c CMakeFiles/firmware.dir/home/airlab/robocom/Core/core/chibios_3/os/rt/src/chthreads.c.obj
                0x08000e10                chThdExitS
 *fill*         0x08000e4c        0x4 
 .text.chThdExit
                0x08000e50       0x10 CMakeFiles/firmware.dir/home/airlab/robocom/Core/core/chibios_3/os/rt/src/chthreads.c.obj
                0x08000e50                chThdExit
 .text.chThdWait
                0x08000e60       0x38 CMakeFiles/firmware.dir/home/airlab/robocom/Core/core/chibios_3/os/rt/src/chthreads.c.obj
                0x08000e60                chThdWait
 *fill*         0x08000e98        0x8 
 .text.chTMObjectInit
                0x08000ea0       0x18 CMakeFiles/firmware.dir/home/airlab/robocom/Core/core/chibios_3/os/rt/src/chtm.c.obj
                0x08000ea0                chTMObjectInit
 *fill*         0x08000eb8        0x8 
 .text.chTMStartMeasurementX
                0x08000ec0        0xc CMakeFiles/firmware.dir/home/airlab/robocom/Core/core/chibios_3/os/rt/src/chtm.c.obj
                0x08000ec0                chTMStartMeasurementX
 *fill*         0x08000ecc        0x4 
 .text.chTMStopMeasurementX
                0x08000ed0       0x44 CMakeFiles/firmware.dir/home/airlab/robocom/Core/core/chibios_3/os/rt/src/chtm.c.obj
                0x08000ed0                chTMStopMeasurementX
 *fill*         0x08000f14        0xc 
 .text._tm_init
                0x08000f20       0x28 CMakeFiles/firmware.dir/home/airlab/robocom/Core/core/chibios_3/os/rt/src/chtm.c.obj
                0x08000f20                _tm_init
 *fill*         0x08000f48        0x8 
 .text.chThdRelease
                0x08000f50       0x58 CMakeFiles/firmware.dir/home/airlab/robocom/Core/core/chibios_3/os/rt/src/chdynamic.c.obj
                0x08000f50                chThdRelease
 *fill*         0x08000fa8        0x8 
 .text.chThdCreateFromHeap
                0x08000fb0       0x40 CMakeFiles/firmware.dir/home/airlab/robocom/Core/core/chibios_3/os/rt/src/chdynamic.c.obj
                0x08000fb0                chThdCreateFromHeap
 .text.chMtxObjectInit
                0x08000ff0        0xc CMakeFiles/firmware.dir/home/airlab/robocom/Core/core/chibios_3/os/rt/src/chmtx.c.obj
                0x08000ff0                chMtxObjectInit
 *fill*         0x08000ffc        0x4 
 .text.chMtxLockS
                0x08001000       0xc8 CMakeFiles/firmware.dir/home/airlab/robocom/Core/core/chibios_3/os/rt/src/chmtx.c.obj
                0x08001000                chMtxLockS
 *fill*         0x080010c8        0x8 
 .text.chMtxLock
                0x080010d0       0x14 CMakeFiles/firmware.dir/home/airlab/robocom/Core/core/chibios_3/os/rt/src/chmtx.c.obj
                0x080010d0                chMtxLock
 *fill*         0x080010e4        0xc 
 .text.chMtxUnlock
                0x080010f0       0x5c CMakeFiles/firmware.dir/home/airlab/robocom/Core/core/chibios_3/os/rt/src/chmtx.c.obj
                0x080010f0                chMtxUnlock
 *fill*         0x0800114c        0x4 
 .text.chMtxUnlockS
                0x08001150       0x4c CMakeFiles/firmware.dir/home/airlab/robocom/Core/core/chibios_3/os/rt/src/chmtx.c.obj
                0x08001150                chMtxUnlockS
 *fill*         0x0800119c        0x4 
 .text.chCondObjectInit
                0x080011a0        0x8 CMakeFiles/firmware.dir/home/airlab/robocom/Core/core/chibios_3/os/rt/src/chcond.c.obj
                0x080011a0                chCondObjectInit
 *fill*         0x080011a8        0x8 
 .text.chCondSignal
                0x080011b0       0x24 CMakeFiles/firmware.dir/home/airlab/robocom/Core/core/chibios_3/os/rt/src/chcond.c.obj
                0x080011b0                chCondSignal
 *fill*         0x080011d4        0xc 
 .text.chCondWaitS
                0x080011e0       0x44 CMakeFiles/firmware.dir/home/airlab/robocom/Core/core/chibios_3/os/rt/src/chcond.c.obj
                0x080011e0                chCondWaitS
 *fill*         0x08001224        0xc 
 .text.chCondWait
                0x08001230       0x14 CMakeFiles/firmware.dir/home/airlab/robocom/Core/core/chibios_3/os/rt/src/chcond.c.obj
                0x08001230                chCondWait
 *fill*         0x08001244        0xc 
 .text.chEvtSignalI
                0x08001250       0x2c CMakeFiles/firmware.dir/home/airlab/robocom/Core/core/chibios_3/os/rt/src/chevents.c.obj
                0x08001250                chEvtSignalI
 *fill*         0x0800127c        0x4 
 .text.chEvtWaitAnyTimeout
                0x08001280       0x50 CMakeFiles/firmware.dir/home/airlab/robocom/Core/core/chibios_3/os/rt/src/chevents.c.obj
                0x08001280                chEvtWaitAnyTimeout
 .text._core_init
                0x080012d0       0x28 CMakeFiles/firmware.dir/home/airlab/robocom/Core/core/chibios_3/os/rt/src/chmemcore.c.obj
                0x080012d0                _core_init
 *fill*         0x080012f8        0x8 
 .text.chCoreAllocI
                0x08001300       0x28 CMakeFiles/firmware.dir/home/airlab/robocom/Core/core/chibios_3/os/rt/src/chmemcore.c.obj
                0x08001300                chCoreAllocI
 *fill*         0x08001328        0x8 
 .text.chCoreAlloc
                0x08001330       0x14 CMakeFiles/firmware.dir/home/airlab/robocom/Core/core/chibios_3/os/rt/src/chmemcore.c.obj
                0x08001330                chCoreAlloc
 *fill*         0x08001344        0xc 
 .text._heap_init
                0x08001350       0x20 CMakeFiles/firmware.dir/home/airlab/robocom/Core/core/chibios_3/os/rt/src/chheap.c.obj
                0x08001350                _heap_init
 .text.chHeapAlloc
                0x08001370       0x84 CMakeFiles/firmware.dir/home/airlab/robocom/Core/core/chibios_3/os/rt/src/chheap.c.obj
                0x08001370                chHeapAlloc
 *fill*         0x080013f4        0xc 
 .text.chHeapFree
                0x08001400       0x7c CMakeFiles/firmware.dir/home/airlab/robocom/Core/core/chibios_3/os/rt/src/chheap.c.obj
                0x08001400                chHeapFree
 *fill*         0x0800147c        0x4 
 .text.chPoolObjectInit
                0x08001480        0xc CMakeFiles/firmware.dir/home/airlab/robocom/Core/core/chibios_3/os/rt/src/chmempools.c.obj
                0x08001480                chPoolObjectInit
 *fill*         0x0800148c        0x4 
 .text.chPoolAllocI
                0x08001490       0x18 CMakeFiles/firmware.dir/home/airlab/robocom/Core/core/chibios_3/os/rt/src/chmempools.c.obj
                0x08001490                chPoolAllocI
 *fill*         0x080014a8        0x8 
 .text.chPoolFreeI
                0x080014b0        0x8 CMakeFiles/firmware.dir/home/airlab/robocom/Core/core/chibios_3/os/rt/src/chmempools.c.obj
                0x080014b0                chPoolFreeI
 *fill*         0x080014b8        0x8 
 .text.chPoolFree
                0x080014c0       0x14 CMakeFiles/firmware.dir/home/airlab/robocom/Core/core/chibios_3/os/rt/src/chmempools.c.obj
                0x080014c0                chPoolFree
 *fill*         0x080014d4        0xc 
 .text.chPoolLoadArray
                0x080014e0       0x20 CMakeFiles/firmware.dir/home/airlab/robocom/Core/core/chibios_3/os/rt/src/chmempools.c.obj
                0x080014e0                chPoolLoadArray
 .text.halInit  0x08001500       0x20 CMakeFiles/firmware.dir/home/airlab/robocom/Core/core/chibios_3/os/hal/src/hal.c.obj
                0x08001500                halInit
 .text.hal_lld_backup_domain_init
                0x08001520       0x2c CMakeFiles/firmware.dir/home/airlab/robocom/Core/core/chibios_3/os/hal/ports/STM32/STM32F3xx/hal_lld.c.obj
 *fill*         0x0800154c        0x4 
 .text.hal_lld_init
                0x08001550       0x44 CMakeFiles/firmware.dir/home/airlab/robocom/Core/core/chibios_3/os/hal/ports/STM32/STM32F3xx/hal_lld.c.obj
                0x08001550                hal_lld_init
 *fill*         0x08001594        0xc 
 .text.stm32_clock_init
                0x080015a0       0xa0 CMakeFiles/firmware.dir/home/airlab/robocom/Core/core/chibios_3/os/hal/ports/STM32/STM32F3xx/hal_lld.c.obj
                0x080015a0                stm32_clock_init
 .text.nvicEnableVector
                0x08001640       0x28 CMakeFiles/firmware.dir/home/airlab/robocom/Core/core/chibios_3/os/hal/ports/common/ARMCMx/nvic.c.obj
                0x08001640                nvicEnableVector
 *fill*         0x08001668        0x8 
 .text.nvicSetSystemHandlerPriority
                0x08001670       0x10 CMakeFiles/firmware.dir/home/airlab/robocom/Core/core/chibios_3/os/hal/ports/common/ARMCMx/nvic.c.obj
                0x08001670                nvicSetSystemHandlerPriority
 .text.extInit  0x08001680        0x8 CMakeFiles/firmware.dir/home/airlab/robocom/Core/core/chibios_3/os/hal/src/ext.c.obj
                0x08001680                extInit
 *fill*         0x08001688        0x8 
 .text.extObjectInit
                0x08001690        0xc CMakeFiles/firmware.dir/home/airlab/robocom/Core/core/chibios_3/os/hal/src/ext.c.obj
                0x08001690                extObjectInit
 *fill*         0x0800169c        0x4 
 .text.extStart
                0x080016a0       0x1c CMakeFiles/firmware.dir/home/airlab/robocom/Core/core/chibios_3/os/hal/src/ext.c.obj
                0x080016a0                extStart
 *fill*         0x080016bc        0x4 
 .text.ext_lld_init
                0x080016c0       0x10 CMakeFiles/firmware.dir/home/airlab/robocom/Core/core/chibios_3/os/hal/ports/STM32/LLD/ext_lld.c.obj
                0x080016c0                ext_lld_init
 .text.ext_lld_channel_enable
                0x080016d0      0x170 CMakeFiles/firmware.dir/home/airlab/robocom/Core/core/chibios_3/os/hal/ports/STM32/LLD/ext_lld.c.obj
                0x080016d0                ext_lld_channel_enable
 .text.ext_lld_channel_disable
                0x08001840       0x54 CMakeFiles/firmware.dir/home/airlab/robocom/Core/core/chibios_3/os/hal/ports/STM32/LLD/ext_lld.c.obj
                0x08001840                ext_lld_channel_disable
 *fill*         0x08001894        0xc 
 .text.ext_lld_start
                0x080018a0       0x38 CMakeFiles/firmware.dir/home/airlab/robocom/Core/core/chibios_3/os/hal/ports/STM32/LLD/ext_lld.c.obj
                0x080018a0                ext_lld_start
 *fill*         0x080018d8        0x8 
 .text.Vector58
                0x080018e0       0x20 CMakeFiles/firmware.dir/home/airlab/robocom/Core/core/chibios_3/os/hal/ports/STM32/STM32F3xx/ext_lld_isr.c.obj
                0x080018e0                Vector58
 .text.Vector5C
                0x08001900       0x20 CMakeFiles/firmware.dir/home/airlab/robocom/Core/core/chibios_3/os/hal/ports/STM32/STM32F3xx/ext_lld_isr.c.obj
                0x08001900                Vector5C
 .text.Vector60
                0x08001920       0x20 CMakeFiles/firmware.dir/home/airlab/robocom/Core/core/chibios_3/os/hal/ports/STM32/STM32F3xx/ext_lld_isr.c.obj
                0x08001920                Vector60
 .text.Vector64
                0x08001940       0x20 CMakeFiles/firmware.dir/home/airlab/robocom/Core/core/chibios_3/os/hal/ports/STM32/STM32F3xx/ext_lld_isr.c.obj
                0x08001940                Vector64
 .text.Vector68
                0x08001960       0x20 CMakeFiles/firmware.dir/home/airlab/robocom/Core/core/chibios_3/os/hal/ports/STM32/STM32F3xx/ext_lld_isr.c.obj
                0x08001960                Vector68
 .text.Vector9C
                0x08001980       0x6c CMakeFiles/firmware.dir/home/airlab/robocom/Core/core/chibios_3/os/hal/ports/STM32/STM32F3xx/ext_lld_isr.c.obj
                0x08001980                Vector9C
 *fill*         0x080019ec        0x4 
 .text.VectorE0
                0x080019f0       0x7c CMakeFiles/firmware.dir/home/airlab/robocom/Core/core/chibios_3/os/hal/ports/STM32/STM32F3xx/ext_lld_isr.c.obj
                0x080019f0                VectorE0
 *fill*         0x08001a6c        0x4 
 .text.Vector44
                0x08001a70       0x24 CMakeFiles/firmware.dir/home/airlab/robocom/Core/core/chibios_3/os/hal/ports/STM32/STM32F3xx/ext_lld_isr.c.obj
                0x08001a70                Vector44
 *fill*         0x08001a94        0xc 
 .text.VectorE4
                0x08001aa0       0x24 CMakeFiles/firmware.dir/home/airlab/robocom/Core/core/chibios_3/os/hal/ports/STM32/STM32F3xx/ext_lld_isr.c.obj
                0x08001aa0                VectorE4
 *fill*         0x08001ac4        0xc 
 .text.VectorE8
                0x08001ad0       0x24 CMakeFiles/firmware.dir/home/airlab/robocom/Core/core/chibios_3/os/hal/ports/STM32/STM32F3xx/ext_lld_isr.c.obj
                0x08001ad0                VectorE8
 *fill*         0x08001af4        0xc 
 .text.Vector48
                0x08001b00       0x24 CMakeFiles/firmware.dir/home/airlab/robocom/Core/core/chibios_3/os/hal/ports/STM32/STM32F3xx/ext_lld_isr.c.obj
                0x08001b00                Vector48
 *fill*         0x08001b24        0xc 
 .text.Vector4C
                0x08001b30       0x24 CMakeFiles/firmware.dir/home/airlab/robocom/Core/core/chibios_3/os/hal/ports/STM32/STM32F3xx/ext_lld_isr.c.obj
                0x08001b30                Vector4C
 *fill*         0x08001b54        0xc 
 .text.Vector140
                0x08001b60       0x54 CMakeFiles/firmware.dir/home/airlab/robocom/Core/core/chibios_3/os/hal/ports/STM32/STM32F3xx/ext_lld_isr.c.obj
                0x08001b60                Vector140
 *fill*         0x08001bb4        0xc 
 .text.Vector144
                0x08001bc0       0x54 CMakeFiles/firmware.dir/home/airlab/robocom/Core/core/chibios_3/os/hal/ports/STM32/STM32F3xx/ext_lld_isr.c.obj
                0x08001bc0                Vector144
 *fill*         0x08001c14        0xc 
 .text.Vector148
                0x08001c20       0x24 CMakeFiles/firmware.dir/home/airlab/robocom/Core/core/chibios_3/os/hal/ports/STM32/STM32F3xx/ext_lld_isr.c.obj
                0x08001c20                Vector148
 *fill*         0x08001c44        0xc 
 .text.ext_lld_exti_irq_enable
                0x08001c50       0x7c CMakeFiles/firmware.dir/home/airlab/robocom/Core/core/chibios_3/os/hal/ports/STM32/STM32F3xx/ext_lld_isr.c.obj
                0x08001c50                ext_lld_exti_irq_enable
 *fill*         0x08001ccc        0x4 
 .text.initgpio
                0x08001cd0       0x20 CMakeFiles/firmware.dir/home/airlab/robocom/Core/core/chibios_3/os/hal/ports/STM32/LLD/GPIOv2/pal_lld.c.obj
 .text._pal_lld_init
                0x08001cf0       0x64 CMakeFiles/firmware.dir/home/airlab/robocom/Core/core/chibios_3/os/hal/ports/STM32/LLD/GPIOv2/pal_lld.c.obj
                0x08001cf0                _pal_lld_init
 *fill*         0x08001d54        0xc 
 .text.stInit   0x08001d60        0x8 CMakeFiles/firmware.dir/home/airlab/robocom/Core/core/chibios_3/os/hal/src/st.c.obj
                0x08001d60                stInit
 *fill*         0x08001d68        0x8 
 .text.SysTick_Handler
                0x08001d70       0x18 CMakeFiles/firmware.dir/home/airlab/robocom/Core/core/chibios_3/os/hal/ports/STM32/LLD/TIMv1/st_lld.c.obj
                0x08001d70                SysTick_Handler
 *fill*         0x08001d88        0x8 
 .text.st_lld_init
                0x08001d90       0x24 CMakeFiles/firmware.dir/home/airlab/robocom/Core/core/chibios_3/os/hal/ports/STM32/LLD/TIMv1/st_lld.c.obj
                0x08001d90                st_lld_init
 *fill*         0x08001db4        0xc 
 .text._Z41__static_initialization_and_destruction_0ii
                0x08001dc0       0x2c CMakeFiles/firmware.dir/home/airlab/robocom/Core/core/core-os/src/Time.cpp.obj
 *fill*         0x08001dec        0x4 
 .text._GLOBAL__sub_I__ZN4core2os4Time9IMMEDIATEE
                0x08001df0       0x10 CMakeFiles/firmware.dir/home/airlab/robocom/Core/core/core-os/src/Time.cpp.obj
 .text._ZN4core2os4Time3nowEv
                0x08001e00       0x34 CMakeFiles/firmware.dir/home/airlab/robocom/Core/core/core-os/port/chibios/src/impl/Time_.cpp.obj
                0x08001e00                core::os::Time::now()
 *fill*         0x08001e34        0xc 
 .text._ZNK4core2os4Time5ticksEv
                0x08001e40       0xb8 CMakeFiles/firmware.dir/home/airlab/robocom/Core/core/core-os/port/chibios/src/impl/Time_.cpp.obj
                0x08001e40                core::os::Time::ticks() const
 *fill*         0x08001ef8        0x8 
 .text.__cxa_pure_virtual
                0x08001f00       0x10 CMakeFiles/firmware.dir/home/airlab/robocom/Core/core/core-os/port/chibios/src/impl/Stubs.cpp.obj
                0x08001f00                __cxa_pure_virtual
 .text._Znwj    0x08001f10       0x10 CMakeFiles/firmware.dir/home/airlab/robocom/Core/core/core-os/port/chibios/src/impl/Stubs.cpp.obj
                0x08001f10                operator new(unsigned int)
 .text._Znaj    0x08001f20       0x10 CMakeFiles/firmware.dir/home/airlab/robocom/Core/core/core-os/port/chibios/src/impl/Stubs.cpp.obj
                0x08001f20                operator new[](unsigned int)
 .text._ZdlPv   0x08001f30        0xc CMakeFiles/firmware.dir/home/airlab/robocom/Core/core/core-os/port/chibios/src/impl/Stubs.cpp.obj
                0x08001f30                operator delete(void*)
 *fill*         0x08001f3c        0x4 
 .text._ZdaPv   0x08001f40        0xc CMakeFiles/firmware.dir/home/airlab/robocom/Core/core/core-os/port/chibios/src/impl/Stubs.cpp.obj
                0x08001f40                operator delete[](void*)
 *fill*         0x08001f4c        0x4 
 .text._ZN4core2mw12StaticQueue_C2Ev
                0x08001f50        0x8 CMakeFiles/firmware.dir/home/airlab/robocom/Core/core/core-mw/src/impl/StaticQueue_.cpp.obj
                0x08001f50                core::mw::StaticQueue_::StaticQueue_()
                0x08001f50                core::mw::StaticQueue_::StaticQueue_()
 *fill*         0x08001f58        0x8 
 .text._ZN4core2mw13BasePublisher22publish_locally_unsafeERNS0_7MessageE
                0x08001f60       0x3c CMakeFiles/firmware.dir/home/airlab/robocom/Core/core/core-mw/src/BasePublisher.cpp.obj
                0x08001f60                core::mw::BasePublisher::publish_locally_unsafe(core::mw::Message&)
 *fill*         0x08001f9c        0x4 
 .text._ZN4core2mw13BasePublisherC2Ev
                0x08001fa0       0x10 CMakeFiles/firmware.dir/home/airlab/robocom/Core/core/core-mw/src/BasePublisher.cpp.obj
                0x08001fa0                core::mw::BasePublisher::BasePublisher()
                0x08001fa0                core::mw::BasePublisher::BasePublisher()
 .text._ZN4core2mw13BasePublisherD2Ev
                0x08001fb0        0xc CMakeFiles/firmware.dir/home/airlab/robocom/Core/core/core-mw/src/BasePublisher.cpp.obj
                0x08001fb0                core::mw::BasePublisher::~BasePublisher()
                0x08001fb0                core::mw::BasePublisher::~BasePublisher()
 *fill*         0x08001fbc        0x4 
 .text._ZN4core2mw14BaseSubscriber14release_unsafeERNS0_7MessageE
                0x08001fc0       0x20 CMakeFiles/firmware.dir/home/airlab/robocom/Core/core/core-mw/src/BaseSubscriber.cpp.obj
                0x08001fc0                core::mw::BaseSubscriber::release_unsafe(core::mw::Message&)
 .text._ZN4core2mw14BaseSubscriber7releaseERNS0_7MessageE
                0x08001fe0       0x20 CMakeFiles/firmware.dir/home/airlab/robocom/Core/core/core-mw/src/BaseSubscriber.cpp.obj
                0x08001fe0                core::mw::BaseSubscriber::release(core::mw::Message&)
 .text._ZN4core2mw14BaseSubscriberC2Ev
                0x08002000       0x10 CMakeFiles/firmware.dir/home/airlab/robocom/Core/core/core-mw/src/BaseSubscriber.cpp.obj
                0x08002000                core::mw::BaseSubscriber::BaseSubscriber()
                0x08002000                core::mw::BaseSubscriber::BaseSubscriber()
 .text._ZN4core2mw14BaseSubscriberD2Ev
                0x08002010        0xc CMakeFiles/firmware.dir/home/airlab/robocom/Core/core/core-mw/src/BaseSubscriber.cpp.obj
                0x08002010                core::mw::BaseSubscriber::~BaseSubscriber()
                0x08002010                core::mw::BaseSubscriber::~BaseSubscriber()
 *fill*         0x0800201c        0x4 
 .text._ZN4core2mw14BaseSubscriber9has_topicERKS1_PKc
                0x08002020       0x1c CMakeFiles/firmware.dir/home/airlab/robocom/Core/core/core-mw/src/BaseSubscriber.cpp.obj
                0x08002020                core::mw::BaseSubscriber::has_topic(core::mw::BaseSubscriber const&, char const*)
 *fill*         0x0800203c        0x4 
 .text._ZN4core2mw19BaseSubscriberQueueC2Ev
                0x08002040       0x10 CMakeFiles/firmware.dir/home/airlab/robocom/Core/core/core-mw/src/BaseSubscriberQueue.cpp.obj
                0x08002040                core::mw::BaseSubscriberQueue::BaseSubscriberQueue()
                0x08002040                core::mw::BaseSubscriberQueue::BaseSubscriberQueue()
 .text._ZN4core2mw14LocalPublisherC2Ev
                0x08002050       0x1c CMakeFiles/firmware.dir/home/airlab/robocom/Core/core/core-mw/src/LocalPublisher.cpp.obj
                0x08002050                core::mw::LocalPublisher::LocalPublisher()
                0x08002050                core::mw::LocalPublisher::LocalPublisher()
 *fill*         0x0800206c        0x4 
 .text._ZN4core2mw14LocalPublisherD2Ev
                0x08002070       0x14 CMakeFiles/firmware.dir/home/airlab/robocom/Core/core/core-mw/src/LocalPublisher.cpp.obj
                0x08002070                core::mw::LocalPublisher::~LocalPublisher()
                0x08002070                core::mw::LocalPublisher::~LocalPublisher()
 *fill*         0x08002084        0xc 
 .text._ZN4core2mw15LocalSubscriber5fetchERPNS0_7MessageERNS_2os4TimeE
                0x08002090       0x58 CMakeFiles/firmware.dir/home/airlab/robocom/Core/core/core-mw/src/LocalSubscriber.cpp.obj
                0x08002090                core::mw::LocalSubscriber::fetch(core::mw::Message*&, core::os::Time&)
 *fill*         0x080020e8        0x8 
 .text._ZN4core2mw15LocalSubscriber6notifyERNS0_7MessageERKNS_2os4TimeEb
                0x080020f0       0x5c CMakeFiles/firmware.dir/home/airlab/robocom/Core/core/core-mw/src/LocalSubscriber.cpp.obj
                0x080020f0                core::mw::LocalSubscriber::notify(core::mw::Message&, core::os::Time const&, bool)
 *fill*         0x0800214c        0x4 
 .text._ZN4core2mw15LocalSubscriberC2EPPNS0_7MessageEjPFbRKS2_PvE
                0x08002150       0x40 CMakeFiles/firmware.dir/home/airlab/robocom/Core/core/core-mw/src/LocalSubscriber.cpp.obj
                0x08002150                core::mw::LocalSubscriber::LocalSubscriber(core::mw::Message**, unsigned int, bool (*)(core::mw::Message const&, void*))
                0x08002150                core::mw::LocalSubscriber::LocalSubscriber(core::mw::Message**, unsigned int, bool (*)(core::mw::Message const&, void*))
 .text._ZN4core2mw15LocalSubscriberD2Ev
                0x08002190       0x14 CMakeFiles/firmware.dir/home/airlab/robocom/Core/core/core-mw/src/LocalSubscriber.cpp.obj
                0x08002190                core::mw::LocalSubscriber::~LocalSubscriber()
                0x08002190                core::mw::LocalSubscriber::~LocalSubscriber()
 *fill*         0x080021a4        0xc 
 .text._ZN4core2mw15MessagePtrQueueC2EPPNS0_7MessageEj
                0x080021b0       0x10 CMakeFiles/firmware.dir/home/airlab/robocom/Core/core/core-mw/src/MessagePtrQueue.cpp.obj
                0x080021b0                core::mw::MessagePtrQueue::MessagePtrQueue(core::mw::Message**, unsigned int)
                0x080021b0                core::mw::MessagePtrQueue::MessagePtrQueue(core::mw::Message**, unsigned int)
 .text._ZN4core2mw7Message7acquireEv
                0x080021c0       0x14 CMakeFiles/firmware.dir/home/airlab/robocom/Core/core/core-mw/src/Message.cpp.obj
                0x080021c0                core::mw::Message::acquire()
 *fill*         0x080021d4        0xc 
 .text._ZN4core2mw7Message7releaseEv
                0x080021e0       0x1c CMakeFiles/firmware.dir/home/airlab/robocom/Core/core/core-mw/src/Message.cpp.obj
                0x080021e0                core::mw::Message::release()
 *fill*         0x080021fc        0x4 
 .text._ZN4core2mw7Message4copyERS1_RKS1_j
                0x08002200       0x10 CMakeFiles/firmware.dir/home/airlab/robocom/Core/core/core-mw/src/Message.cpp.obj
                0x08002200                core::mw::Message::copy(core::mw::Message&, core::mw::Message const&, unsigned int)
 .text._ZN4core2mw5Topic8has_nameERKS1_PKc
                0x08002210       0x1c CMakeFiles/firmware.dir/home/airlab/robocom/Core/core/core-mw/src/Middleware.cpp.obj
                0x08002210                core::mw::Topic::has_name(core::mw::Topic const&, char const*)
 *fill*         0x0800222c        0x4 
 .text._ZN4core2mw10Middleware10initializeEPvjmS2_jm
                0x08002230       0x40 CMakeFiles/firmware.dir/home/airlab/robocom/Core/core/core-mw/src/Middleware.cpp.obj
                0x08002230                core::mw::Middleware::initialize(void*, unsigned int, unsigned long, void*, unsigned int, unsigned long)
 .text._ZN4core2mw10Middleware5startEv
                0x08002270       0x74 CMakeFiles/firmware.dir/home/airlab/robocom/Core/core/core-mw/src/Middleware.cpp.obj
                0x08002270                core::mw::Middleware::start()
 *fill*         0x080022e4        0xc 
 .text._ZN4core2mw10Middleware4stopEv
                0x080022f0       0xa8 CMakeFiles/firmware.dir/home/airlab/robocom/Core/core/core-mw/src/Middleware.cpp.obj
                0x080022f0                core::mw::Middleware::stop()
 *fill*         0x08002398        0x8 
 .text._ZN4core2mw10Middleware3addERNS0_4NodeE
                0x080023a0       0x24 CMakeFiles/firmware.dir/home/airlab/robocom/Core/core/core-mw/src/Middleware.cpp.obj
                0x080023a0                core::mw::Middleware::add(core::mw::Node&)
 *fill*         0x080023c4        0xc 
 .text._ZN4core2mw10Middleware3addERNS0_9TransportE
                0x080023d0       0x24 CMakeFiles/firmware.dir/home/airlab/robocom/Core/core/core-mw/src/Middleware.cpp.obj
                0x080023d0                core::mw::Middleware::add(core::mw::Transport&)
 *fill*         0x080023f4        0xc 
 .text._ZN4core2mw10Middleware12confirm_stopERKNS0_4NodeE
                0x08002400       0x40 CMakeFiles/firmware.dir/home/airlab/robocom/Core/core/core-mw/src/Middleware.cpp.obj
                0x08002400                core::mw::Middleware::confirm_stop(core::mw::Node const&)
 .text._ZN4core2mw10Middleware10find_topicEPKc
                0x08002440       0x78 CMakeFiles/firmware.dir/home/airlab/robocom/Core/core/core-mw/src/Middleware.cpp.obj
                0x08002440                core::mw::Middleware::find_topic(char const*)
 *fill*         0x080024b8        0x8 
 .text._ZN4core2mw10Middleware9subscribeERNS0_16RemoteSubscriberEPKcPNS0_7MessageEjj
                0x080024c0       0x70 CMakeFiles/firmware.dir/home/airlab/robocom/Core/core/core-mw/src/Middleware.cpp.obj
                0x080024c0                core::mw::Middleware::subscribe(core::mw::RemoteSubscriber&, char const*, core::mw::Message*, unsigned int, unsigned int)
 .text._ZN4core2mw10Middleware11touch_topicEPKcj
                0x08002530       0x90 CMakeFiles/firmware.dir/home/airlab/robocom/Core/core/core-mw/src/Middleware.cpp.obj
                0x08002530                core::mw::Middleware::touch_topic(char const*, unsigned int)
 .text._ZN4core2mw10Middleware9advertiseERNS0_14LocalPublisherEPKcRKNS_2os4TimeEj
                0x080025c0       0xec CMakeFiles/firmware.dir/home/airlab/robocom/Core/core/core-mw/src/Middleware.cpp.obj
                0x080025c0                core::mw::Middleware::advertise(core::mw::LocalPublisher&, char const*, core::os::Time const&, unsigned int)
 *fill*         0x080026ac        0x4 
 .text._ZN4core2mw10Middleware9advertiseERNS0_15RemotePublisherEPKcRKNS_2os4TimeEj
                0x080026b0       0x6c CMakeFiles/firmware.dir/home/airlab/robocom/Core/core/core-mw/src/Middleware.cpp.obj
                0x080026b0                core::mw::Middleware::advertise(core::mw::RemotePublisher&, char const*, core::os::Time const&, unsigned int)
 *fill*         0x0800271c        0x4 
 .text._ZN4core2mw10Middleware9subscribeERNS0_15LocalSubscriberEPKcPNS0_7MessageEjj
                0x08002720      0x12c CMakeFiles/firmware.dir/home/airlab/robocom/Core/core/core-mw/src/Middleware.cpp.obj
                0x08002720                core::mw::Middleware::subscribe(core::mw::LocalSubscriber&, char const*, core::mw::Message*, unsigned int, unsigned int)
 *fill*         0x0800284c        0x4 
 .text._ZN4core2mw10Middleware16do_cmd_advertiseERKNS0_7MgmtMsgE
                0x08002850       0xc8 CMakeFiles/firmware.dir/home/airlab/robocom/Core/core/core-mw/src/Middleware.cpp.obj
                0x08002850                core::mw::Middleware::do_cmd_advertise(core::mw::MgmtMsg const&)
 *fill*         0x08002918        0x8 
 .text._ZN4core2mw10Middleware24do_cmd_subscribe_requestERKNS0_7MgmtMsgE
                0x08002920       0xec CMakeFiles/firmware.dir/home/airlab/robocom/Core/core/core-mw/src/Middleware.cpp.obj
                0x08002920                core::mw::Middleware::do_cmd_subscribe_request(core::mw::MgmtMsg const&)
 *fill*         0x08002a0c        0x4 
 .text._ZN4core2mw10Middleware25do_cmd_subscribe_responseERKNS0_7MgmtMsgE
                0x08002a10       0x38 CMakeFiles/firmware.dir/home/airlab/robocom/Core/core/core-mw/src/Middleware.cpp.obj
                0x08002a10                core::mw::Middleware::do_cmd_subscribe_response(core::mw::MgmtMsg const&)
 *fill*         0x08002a48        0x8 
 .text._ZN4core2mw10Middleware14do_mgmt_threadEv
                0x08002a50      0x4f4 CMakeFiles/firmware.dir/home/airlab/robocom/Core/core/core-mw/src/Middleware.cpp.obj
                0x08002a50                core::mw::Middleware::do_mgmt_thread()
 *fill*         0x08002f44        0xc 
 .text._ZN4core2mw10Middleware12mgmt_threadfEPv
                0x08002f50        0xc CMakeFiles/firmware.dir/home/airlab/robocom/Core/core/core-mw/src/Middleware.cpp.obj
                0x08002f50                core::mw::Middleware::mgmt_threadf(void*)
 *fill*         0x08002f5c        0x4 
 .text._ZN4core2mw10MiddlewareC2EPKcS3_PNS1_10PubSubStepEj
                0x08002f60       0x9c CMakeFiles/firmware.dir/home/airlab/robocom/Core/core/core-mw/src/Middleware.cpp.obj
                0x08002f60                core::mw::Middleware::Middleware(char const*, char const*, core::mw::Middleware::PubSubStep*, unsigned int)
                0x08002f60                core::mw::Middleware::Middleware(char const*, char const*, core::mw::Middleware::PubSubStep*, unsigned int)
 *fill*         0x08002ffc        0x4 
 .text._ZN4core2mw4Node9advertiseERNS0_14LocalPublisherEPKcRKNS_2os4TimeEj
                0x08003000       0x4c CMakeFiles/firmware.dir/home/airlab/robocom/Core/core/core-mw/src/Node.cpp.obj
                0x08003000                core::mw::Node::advertise(core::mw::LocalPublisher&, char const*, core::os::Time const&, unsigned int)
 *fill*         0x0800304c        0x4 
 .text._ZN4core2mw4Node9subscribeERNS0_15LocalSubscriberEPKcPNS0_7MessageEj
                0x08003050       0xc4 CMakeFiles/firmware.dir/home/airlab/robocom/Core/core/core-mw/src/Node.cpp.obj
                0x08003050                core::mw::Node::subscribe(core::mw::LocalSubscriber&, char const*, core::mw::Message*, unsigned int)
 *fill*         0x08003114        0xc 
 .text._ZN4core2mw4Node4spinERKNS_2os4TimeEPv
                0x08003120       0xc4 CMakeFiles/firmware.dir/home/airlab/robocom/Core/core/core-mw/src/Node.cpp.obj
                0x08003120                core::mw::Node::spin(core::os::Time const&, void*)
 *fill*         0x080031e4        0xc 
 .text._ZN4core2mw4NodeC2EPKcb
                0x080031f0       0x34 CMakeFiles/firmware.dir/home/airlab/robocom/Core/core/core-mw/src/Node.cpp.obj
                0x080031f0                core::mw::Node::Node(char const*, bool)
                0x080031f0                core::mw::Node::Node(char const*, bool)
 *fill*         0x08003224        0xc 
 .text._ZN4core2mw4NodeD2Ev
                0x08003230       0x14 CMakeFiles/firmware.dir/home/airlab/robocom/Core/core/core-mw/src/Node.cpp.obj
                0x08003230                core::mw::Node::~Node()
                0x08003230                core::mw::Node::~Node()
 *fill*         0x08003244        0xc 
 .text._ZN4core2mw15RemotePublisherC2ERNS0_9TransportE
                0x08003250       0x20 CMakeFiles/firmware.dir/home/airlab/robocom/Core/core/core-mw/src/RemotePublisher.cpp.obj
                0x08003250                core::mw::RemotePublisher::RemotePublisher(core::mw::Transport&)
                0x08003250                core::mw::RemotePublisher::RemotePublisher(core::mw::Transport&)
 .text._ZN4core2mw15RemotePublisherD2Ev
                0x08003270       0x14 CMakeFiles/firmware.dir/home/airlab/robocom/Core/core/core-mw/src/RemotePublisher.cpp.obj
                0x08003270                core::mw::RemotePublisher::~RemotePublisher()
                0x08003270                core::mw::RemotePublisher::~RemotePublisher()
 *fill*         0x08003284        0xc 
 .text._ZN4core2mw16RemoteSubscriberC2ERNS0_9TransportE
                0x08003290       0x24 CMakeFiles/firmware.dir/home/airlab/robocom/Core/core/core-mw/src/RemoteSubscriber.cpp.obj
                0x08003290                core::mw::RemoteSubscriber::RemoteSubscriber(core::mw::Transport&)
                0x08003290                core::mw::RemoteSubscriber::RemoteSubscriber(core::mw::Transport&)
 *fill*         0x080032b4        0xc 
 .text._ZN4core2mw16RemoteSubscriberD2Ev
                0x080032c0       0x14 CMakeFiles/firmware.dir/home/airlab/robocom/Core/core/core-mw/src/RemoteSubscriber.cpp.obj
                0x080032c0                core::mw::RemoteSubscriber::~RemoteSubscriber()
                0x080032c0                core::mw::RemoteSubscriber::~RemoteSubscriber()
 *fill*         0x080032d4        0xc 
 .text._ZN4core2mw5Topic20notify_locals_unsafeERNS0_7MessageERKNS_2os4TimeE
                0x080032e0       0x40 CMakeFiles/firmware.dir/home/airlab/robocom/Core/core/core-mw/src/Topic.cpp.obj
                0x080032e0                core::mw::Topic::notify_locals_unsafe(core::mw::Message&, core::os::Time const&)
 .text._ZN4core2mw5Topic5allocEv
                0x08003320       0x20 CMakeFiles/firmware.dir/home/airlab/robocom/Core/core/core-mw/src/Topic.cpp.obj
                0x08003320                core::mw::Topic::alloc()
 .text._ZN4core2mw5Topic14notify_remotesERNS0_7MessageERKNS_2os4TimeE
                0x08003340       0x6c CMakeFiles/firmware.dir/home/airlab/robocom/Core/core/core-mw/src/Topic.cpp.obj
                0x08003340                core::mw::Topic::notify_remotes(core::mw::Message&, core::os::Time const&)
 *fill*         0x080033ac        0x4 
 .text._ZN4core2mw5Topic9advertiseERNS0_14LocalPublisherERKNS_2os4TimeE
                0x080033b0       0x20 CMakeFiles/firmware.dir/home/airlab/robocom/Core/core/core-mw/src/Topic.cpp.obj
                0x080033b0                core::mw::Topic::advertise(core::mw::LocalPublisher&, core::os::Time const&)
 .text._ZN4core2mw5Topic9advertiseERNS0_15RemotePublisherERKNS_2os4TimeE
                0x080033d0       0x20 CMakeFiles/firmware.dir/home/airlab/robocom/Core/core/core-mw/src/Topic.cpp.obj
                0x080033d0                core::mw::Topic::advertise(core::mw::RemotePublisher&, core::os::Time const&)
 .text._ZN4core2mw5Topic9subscribeERNS0_15LocalSubscriberEj
                0x080033f0       0x20 CMakeFiles/firmware.dir/home/airlab/robocom/Core/core/core-mw/src/Topic.cpp.obj
                0x080033f0                core::mw::Topic::subscribe(core::mw::LocalSubscriber&, unsigned int)
 .text._ZN4core2mw5Topic9subscribeERNS0_16RemoteSubscriberEj
                0x08003410       0x20 CMakeFiles/firmware.dir/home/airlab/robocom/Core/core/core-mw/src/Topic.cpp.obj
                0x08003410                core::mw::Topic::subscribe(core::mw::RemoteSubscriber&, unsigned int)
 .text._ZNK4core2mw5Topic16patch_pubsub_msgERNS0_7MessageERNS0_9TransportE
                0x08003430       0x38 CMakeFiles/firmware.dir/home/airlab/robocom/Core/core/core-mw/src/Topic.cpp.obj
                0x08003430                core::mw::Topic::patch_pubsub_msg(core::mw::Message&, core::mw::Transport&) const
 *fill*         0x08003468        0x8 
 .text._ZN4core2mw5Topic12forward_copyERKNS0_7MessageERKNS_2os4TimeE
                0x08003470       0x8c CMakeFiles/firmware.dir/home/airlab/robocom/Core/core/core-mw/src/Topic.cpp.obj
                0x08003470                core::mw::Topic::forward_copy(core::mw::Message const&, core::os::Time const&)
 *fill*         0x080034fc        0x4 
 .text._ZN4core2mw5TopicC2EPKcjb
                0x08003500       0x30 CMakeFiles/firmware.dir/home/airlab/robocom/Core/core/core-mw/src/Topic.cpp.obj
                0x08003500                core::mw::Topic::Topic(char const*, unsigned int, bool)
                0x08003500                core::mw::Topic::Topic(char const*, unsigned int, bool)
 .text._ZN4core2mw13BasePublisher9has_topicERKS1_PKc
                0x08003530       0x24 CMakeFiles/firmware.dir/home/airlab/robocom/Core/core/core-mw/src/Transport.cpp.obj
                0x08003530                core::mw::BasePublisher::has_topic(core::mw::BasePublisher const&, char const*)
 *fill*         0x08003554        0xc 
 .text._ZN4core2mw9Transport15fill_raw_paramsERKNS0_5TopicEPh
                0x08003560       0x10 CMakeFiles/firmware.dir/home/airlab/robocom/Core/core/core-mw/src/Transport.cpp.obj
                0x08003560                core::mw::Transport::fill_raw_params(core::mw::Topic const&, unsigned char*)
 .text._ZN4core2mw9Transport15touch_publisherERNS0_5TopicEPKh
                0x08003570       0xa8 CMakeFiles/firmware.dir/home/airlab/robocom/Core/core/core-mw/src/Transport.cpp.obj
                0x08003570                core::mw::Transport::touch_publisher(core::mw::Topic&, unsigned char const*)
 *fill*         0x08003618        0x8 
 .text._ZN4core2mw9Transport16touch_subscriberERNS0_5TopicEjPh
                0x08003620      0x130 CMakeFiles/firmware.dir/home/airlab/robocom/Core/core/core-mw/src/Transport.cpp.obj
                0x08003620                core::mw::Transport::touch_subscriber(core::mw::Topic&, unsigned int, unsigned char*)
 .text._ZN4core2mw9Transport12advertise_cbERNS0_5TopicEPKh
                0x08003750        0x8 CMakeFiles/firmware.dir/home/airlab/robocom/Core/core/core-mw/src/Transport.cpp.obj
                0x08003750                core::mw::Transport::advertise_cb(core::mw::Topic&, unsigned char const*)
 *fill*         0x08003758        0x8 
 .text._ZN4core2mw9Transport12subscribe_cbERNS0_5TopicEjPh
                0x08003760        0x8 CMakeFiles/firmware.dir/home/airlab/robocom/Core/core/core-mw/src/Transport.cpp.obj
                0x08003760                core::mw::Transport::subscribe_cb(core::mw::Topic&, unsigned int, unsigned char*)
 *fill*         0x08003768        0x8 
 .text._ZN4core2mw9Transport9advertiseERNS0_15RemotePublisherEPKcRKNS_2os4TimeEj
                0x08003770       0x68 CMakeFiles/firmware.dir/home/airlab/robocom/Core/core/core-mw/src/Transport.cpp.obj
                0x08003770                core::mw::Transport::advertise(core::mw::RemotePublisher&, char const*, core::os::Time const&, unsigned int)
 *fill*         0x080037d8        0x8 
 .text._ZN4core2mw9Transport9subscribeERNS0_16RemoteSubscriberEPKcPNS0_7MessageEjj
                0x080037e0       0x6c CMakeFiles/firmware.dir/home/airlab/robocom/Core/core/core-mw/src/Transport.cpp.obj
                0x080037e0                core::mw::Transport::subscribe(core::mw::RemoteSubscriber&, char const*, core::mw::Message*, unsigned int, unsigned int)
 *fill*         0x0800384c        0x4 
 .text._ZN4core2mw9TransportC2EPKc
                0x08003850       0x2c CMakeFiles/firmware.dir/home/airlab/robocom/Core/core/core-mw/src/Transport.cpp.obj
                0x08003850                core::mw::Transport::Transport(char const*)
                0x08003850                core::mw::Transport::Transport(char const*)
 *fill*         0x0800387c        0x4 
 .text._ZN4core2mw9TransportD2Ev
                0x08003880        0xc CMakeFiles/firmware.dir/home/airlab/robocom/Core/core/core-mw/src/Transport.cpp.obj
                0x08003880                core::mw::Transport::~Transport()
                0x08003880                core::mw::Transport::~Transport()
 *fill*         0x0800388c        0x4 
 .text._ZN4core2mw8CoreNode12onInitializeEv
                0x08003890        0x4 CMakeFiles/firmware.dir/home/airlab/robocom/Core/core/core-mw/src/CoreNode.cpp.obj
                0x08003890                core::mw::CoreNode::onInitialize()
 *fill*         0x08003894        0xc 
 .text._ZN4core2mw8CoreNode11onConfigureEv
                0x080038a0        0x4 CMakeFiles/firmware.dir/home/airlab/robocom/Core/core/core-mw/src/CoreNode.cpp.obj
                0x080038a0                core::mw::CoreNode::onConfigure()
 *fill*         0x080038a4        0xc 
 .text._ZN4core2mw8CoreNode11onPrepareHWEv
                0x080038b0        0x4 CMakeFiles/firmware.dir/home/airlab/robocom/Core/core/core-mw/src/CoreNode.cpp.obj
                0x080038b0                core::mw::CoreNode::onPrepareHW()
 *fill*         0x080038b4        0xc 
 .text._ZN4core2mw8CoreNode11onPrepareMWEv
                0x080038c0        0x4 CMakeFiles/firmware.dir/home/airlab/robocom/Core/core/core-mw/src/CoreNode.cpp.obj
                0x080038c0                core::mw::CoreNode::onPrepareMW()
 *fill*         0x080038c4        0xc 
 .text._ZN4core2mw8CoreNode7onStartEv
                0x080038d0        0x4 CMakeFiles/firmware.dir/home/airlab/robocom/Core/core/core-mw/src/CoreNode.cpp.obj
                0x080038d0                core::mw::CoreNode::onStart()
 *fill*         0x080038d4        0xc 
 .text._ZN4core2mw8CoreNode6onLoopEv
                0x080038e0        0x4 CMakeFiles/firmware.dir/home/airlab/robocom/Core/core/core-mw/src/CoreNode.cpp.obj
                0x080038e0                core::mw::CoreNode::onLoop()
 *fill*         0x080038e4        0xc 
 .text._ZN4core2mw8CoreNode6onStopEv
                0x080038f0        0x4 CMakeFiles/firmware.dir/home/airlab/robocom/Core/core/core-mw/src/CoreNode.cpp.obj
                0x080038f0                core::mw::CoreNode::onStop()
 *fill*         0x080038f4        0xc 
 .text._ZN4core2mw8CoreNode7onErrorEv
                0x08003900        0x4 CMakeFiles/firmware.dir/home/airlab/robocom/Core/core/core-mw/src/CoreNode.cpp.obj
                0x08003900                core::mw::CoreNode::onError()
 *fill*         0x08003904        0xc 
 .text._ZN4core2mw8CoreNode10onFinalizeEv
                0x08003910        0x4 CMakeFiles/firmware.dir/home/airlab/robocom/Core/core/core-mw/src/CoreNode.cpp.obj
                0x08003910                core::mw::CoreNode::onFinalize()
 *fill*         0x08003914        0xc 
 .text._ZN4core2mw8CoreNodeD2Ev
                0x08003920       0x20 CMakeFiles/firmware.dir/home/airlab/robocom/Core/core/core-mw/src/CoreNode.cpp.obj
                0x08003920                core::mw::CoreNode::~CoreNode()
                0x08003920                core::mw::CoreNode::~CoreNode()
 .text._ZN4core2mw8CoreNodeD0Ev
                0x08003940       0x24 CMakeFiles/firmware.dir/home/airlab/robocom/Core/core/core-mw/src/CoreNode.cpp.obj
                0x08003940                core::mw::CoreNode::~CoreNode()
 *fill*         0x08003964        0xc 
 .text._ZN4core2mw8CoreNodeC2EPKcm
                0x08003970       0x44 CMakeFiles/firmware.dir/home/airlab/robocom/Core/core/core-mw/src/CoreNode.cpp.obj
                0x08003970                core::mw::CoreNode::CoreNode(char const*, unsigned long)
                0x08003970                core::mw::CoreNode::CoreNode(char const*, unsigned long)
 *fill*         0x080039b4        0xc 
 .text._ZNK4core2mw8CoreNode6_stateEv
                0x080039c0        0x4 CMakeFiles/firmware.dir/home/airlab/robocom/Core/core/core-mw/src/CoreNode.cpp.obj
                0x080039c0                core::mw::CoreNode::_state() const
 *fill*         0x080039c4        0xc 
 .text._ZN4core2mw8CoreNode5setupEv
                0x080039d0       0x6c CMakeFiles/firmware.dir/home/airlab/robocom/Core/core/core-mw/src/CoreNode.cpp.obj
                0x080039d0                core::mw::CoreNode::setup()
 *fill*         0x08003a3c        0x4 
 .text._ZNK4core2mw8CoreNode5stateEv
                0x08003a40        0x8 CMakeFiles/firmware.dir/home/airlab/robocom/Core/core/core-mw/src/CoreNode.cpp.obj
                0x08003a40                core::mw::CoreNode::state() const
 *fill*         0x08003a48        0x8 
 .text._ZN4core2mw8CoreNode6_stateENS0_9ICoreNode5StateE
                0x08003a50       0x20 CMakeFiles/firmware.dir/home/airlab/robocom/Core/core/core-mw/src/CoreNode.cpp.obj
                0x08003a50                core::mw::CoreNode::_state(core::mw::ICoreNode::State)
 .text._ZN4core2mw8CoreNode8teardownEv
                0x08003a70       0x24 CMakeFiles/firmware.dir/home/airlab/robocom/Core/core/core-mw/src/CoreNode.cpp.obj
                0x08003a70                core::mw::CoreNode::teardown()
 *fill*         0x08003a94        0xc 
 .text._ZN4core2mw8CoreNode7executeENS0_9ICoreNode6ActionE
                0x08003aa0       0xec CMakeFiles/firmware.dir/home/airlab/robocom/Core/core/core-mw/src/CoreNode.cpp.obj
                0x08003aa0                core::mw::CoreNode::execute(core::mw::ICoreNode::Action)
 *fill*         0x08003b8c        0x4 
 .text._ZN4core2mw8CoreNode4_runEv
                0x08003b90      0x200 CMakeFiles/firmware.dir/home/airlab/robocom/Core/core/core-mw/src/CoreNode.cpp.obj
                0x08003b90                core::mw::CoreNode::_run()
 .text._ZZN4core2mw8CoreNode5setupEvENUlPvE_4_FUNES2_
                0x08003d90        0x8 CMakeFiles/firmware.dir/home/airlab/robocom/Core/core/core-mw/src/CoreNode.cpp.obj
 *fill*         0x08003d98        0x8 
 .text._ZN4core2mw8CoreNode4spinERKNS_2os4TimeE
                0x08003da0        0xc CMakeFiles/firmware.dir/home/airlab/robocom/Core/core/core-mw/src/CoreNode.cpp.obj
                0x08003da0                core::mw::CoreNode::spin(core::os::Time const&)
 *fill*         0x08003dac        0x4 
 .text._ZN4core2mw15CoreNodeManagerD2Ev
                0x08003db0        0xc CMakeFiles/firmware.dir/home/airlab/robocom/Core/core/core-mw/src/CoreNodeManager.cpp.obj
                0x08003db0                core::mw::CoreNodeManager::~CoreNodeManager()
                0x08003db0                core::mw::CoreNodeManager::~CoreNodeManager()
 *fill*         0x08003dbc        0x4 
 .text._ZN4core2mw15CoreNodeManagerD0Ev
                0x08003dc0       0x14 CMakeFiles/firmware.dir/home/airlab/robocom/Core/core/core-mw/src/CoreNodeManager.cpp.obj
                0x08003dc0                core::mw::CoreNodeManager::~CoreNodeManager()
 *fill*         0x08003dd4        0xc 
 .text._ZN4core2mw15CoreNodeManagerC2Ev
                0x08003de0       0x10 CMakeFiles/firmware.dir/home/airlab/robocom/Core/core/core-mw/src/CoreNodeManager.cpp.obj
                0x08003de0                core::mw::CoreNodeManager::CoreNodeManager()
                0x08003de0                core::mw::CoreNodeManager::CoreNodeManager()
 .text._ZN4core2mw15CoreNodeManager3addERKNS0_8CoreNodeE
                0x08003df0       0x24 CMakeFiles/firmware.dir/home/airlab/robocom/Core/core/core-mw/src/CoreNodeManager.cpp.obj
                0x08003df0                core::mw::CoreNodeManager::add(core::mw::CoreNode const&)
 *fill*         0x08003e14        0xc 
 .text._ZN4core2mw15CoreNodeManager10syncronizeENS0_9ICoreNode6ActionENS2_5StateE
                0x08003e20       0xa8 CMakeFiles/firmware.dir/home/airlab/robocom/Core/core/core-mw/src/CoreNodeManager.cpp.obj
                0x08003e20                core::mw::CoreNodeManager::syncronize(core::mw::ICoreNode::Action, core::mw::ICoreNode::State)
 *fill*         0x08003ec8        0x8 
 .text._ZN4core2mw15CoreNodeManager5setupEv
                0x08003ed0       0x44 CMakeFiles/firmware.dir/home/airlab/robocom/Core/core/core-mw/src/CoreNodeManager.cpp.obj
                0x08003ed0                core::mw::CoreNodeManager::setup()
 *fill*         0x08003f14        0xc 
 .text._ZN4core2mw15CoreNodeManager3runEv
                0x08003f20       0x44 CMakeFiles/firmware.dir/home/airlab/robocom/Core/core/core-mw/src/CoreNodeManager.cpp.obj
                0x08003f20                core::mw::CoreNodeManager::run()
 *fill*         0x08003f64        0xc 
 .text._ZN4core2mw15CoreNodeManager4isOkEv
                0x08003f70       0x4c CMakeFiles/firmware.dir/home/airlab/robocom/Core/core/core-mw/src/CoreNodeManager.cpp.obj
                0x08003f70                core::mw::CoreNodeManager::isOk()
 *fill*         0x08003fbc        0x4 
 .text._ZNK4core2mw20CoreConfigurationMap13getFieldIndexENS_6StringILj24EEE
                0x08003fc0       0x58 CMakeFiles/firmware.dir/home/airlab/robocom/Core/core/core-mw/src/CoreConfiguration.cpp.obj
                0x08003fc0                core::mw::CoreConfigurationMap::getFieldIndex(core::String<24u>) const
 *fill*         0x08004018        0x8 
 .text._ZN4core2mw24CoreConfigurationStatic_3setEPNS0_21CoreConfigurationBaseERKNS0_20CoreConfigurationMap13FieldMetadataEPKv
                0x08004020       0x68 CMakeFiles/firmware.dir/home/airlab/robocom/Core/core/core-mw/src/CoreConfiguration.cpp.obj
                0x08004020                core::mw::CoreConfigurationStatic_::set(core::mw::CoreConfigurationBase*, core::mw::CoreConfigurationMap::FieldMetadata const&, void const*)
 *fill*         0x08004088        0x8 
 .text._ZN4core2mw24CoreConfigurationStatic_3setEPNS0_21CoreConfigurationBaseERKNS0_20CoreConfigurationMap13FieldMetadataEPKc
                0x08004090       0x38 CMakeFiles/firmware.dir/home/airlab/robocom/Core/core/core-mw/src/CoreConfiguration.cpp.obj
                0x08004090                core::mw::CoreConfigurationStatic_::set(core::mw::CoreConfigurationBase*, core::mw::CoreConfigurationMap::FieldMetadata const&, char const*)
 *fill*         0x080040c8        0x8 
 .text._ZN4core2mw24CoreConfigurationStatic_3getEPKNS0_21CoreConfigurationBaseERKNS0_20CoreConfigurationMap13FieldMetadataEPv
                0x080040d0       0x68 CMakeFiles/firmware.dir/home/airlab/robocom/Core/core/core-mw/src/CoreConfiguration.cpp.obj
                0x080040d0                core::mw::CoreConfigurationStatic_::get(core::mw::CoreConfigurationBase const*, core::mw::CoreConfigurationMap::FieldMetadata const&, void*)
 *fill*         0x08004138        0x8 
 .text._ZN4core2mw24CoreConfigurationStatic_3getEPKNS0_21CoreConfigurationBaseERKNS0_20CoreConfigurationMap13FieldMetadataEPc
                0x08004140       0x38 CMakeFiles/firmware.dir/home/airlab/robocom/Core/core/core-mw/src/CoreConfiguration.cpp.obj
                0x08004140                core::mw::CoreConfigurationStatic_::get(core::mw::CoreConfigurationBase const*, core::mw::CoreConfigurationMap::FieldMetadata const&, char*)
 *fill*         0x08004178        0x8 
 .text._Z41__static_initialization_and_destruction_0ii
                0x08004180       0x2c CMakeFiles/firmware.dir/home/airlab/robocom/Core/core/core-mw/src/CoreModule.cpp.obj
 *fill*         0x080041ac        0x4 
 .text._ZN4core2mw10CoreModule4haltEPKc
                0x080041b0        0x8 CMakeFiles/firmware.dir/home/airlab/robocom/Core/core/core-mw/src/CoreModule.cpp.obj
                0x080041b0                core::mw::CoreModule::halt(char const*)
 *fill*         0x080041b8        0x8 
 .text._ZN4core2mw10CoreModule5resetEv
                0x080041c0       0x1c CMakeFiles/firmware.dir/home/airlab/robocom/Core/core/core-mw/src/CoreModule.cpp.obj
                0x080041c0                core::mw::CoreModule::reset()
 *fill*         0x080041dc        0x4 
 .text._ZN4core2mw10CoreModule9keepAliveEv
                0x080041e0       0x10 CMakeFiles/firmware.dir/home/airlab/robocom/Core/core/core-mw/src/CoreModule.cpp.obj
                0x080041e0                core::mw::CoreModule::keepAlive()
 .text._ZN4core2mw10CoreModule17disableBootloaderEv
                0x080041f0       0x10 CMakeFiles/firmware.dir/home/airlab/robocom/Core/core/core-mw/src/CoreModule.cpp.obj
                0x080041f0                core::mw::CoreModule::disableBootloader()
 .text._ZN4core2mw10CoreModule16enableBootloaderEv
                0x08004200       0x10 CMakeFiles/firmware.dir/home/airlab/robocom/Core/core/core-mw/src/CoreModule.cpp.obj
                0x08004200                core::mw::CoreModule::enableBootloader()
 .text._ZN4core2mw10CoreModuleC2Ev
                0x08004210       0x14 CMakeFiles/firmware.dir/home/airlab/robocom/Core/core/core-mw/src/CoreModule.cpp.obj
                0x08004210                core::mw::CoreModule::CoreModule()
                0x08004210                core::mw::CoreModule::CoreModule()
 *fill*         0x08004224        0xc 
 .text._GLOBAL__sub_I__ZN4core2mw10CoreModule3ledE
                0x08004230       0x10 CMakeFiles/firmware.dir/home/airlab/robocom/Core/core/core-mw/src/CoreModule.cpp.obj
 .text._Z41__static_initialization_and_destruction_0ii
                0x08004240       0x8c CMakeFiles/firmware.dir/home/airlab/robocom/Core/core/core-mw/src/UID.cpp.obj
 *fill*         0x080042cc        0x4 
 .text._GLOBAL__sub_I__ZN4core2hw4UID_4_uidE
                0x080042d0       0x10 CMakeFiles/firmware.dir/home/airlab/robocom/Core/core/core-mw/src/UID.cpp.obj
 .text._ZN4core2mw10Middleware6rebootEv
                0x080042e0        0x8 CMakeFiles/firmware.dir/home/airlab/robocom/Core/core/core-mw/port/chibios/src/impl/Middleware_.cpp.obj
                0x080042e0                core::mw::Middleware::reboot()
 *fill*         0x080042e8        0x8 
 .text._ZN4core2mw10Middleware23preload_bootloader_modeEb
                0x080042f0       0x10 CMakeFiles/firmware.dir/home/airlab/robocom/Core/core/core-mw/port/chibios/src/impl/Middleware_.cpp.obj
                0x080042f0                core::mw::Middleware::preload_bootloader_mode(bool)
 .text._ZN4core2mw14RTCANTransport7send_cbER11rtcan_msg_t
                0x08004300       0x24 CMakeFiles/firmware.dir/home/airlab/robocom/Core/core/core-transport-rtcan/src/RTCANTransport.cpp.obj
                0x08004300                core::mw::RTCANTransport::send_cb(rtcan_msg_t&)
 *fill*         0x08004324        0xc 
 .text._ZN4core2mw14RTCANTransport7recv_cbER11rtcan_msg_t
                0x08004330       0x40 CMakeFiles/firmware.dir/home/airlab/robocom/Core/core/core-transport-rtcan/src/RTCANTransport.cpp.obj
                0x08004330                core::mw::RTCANTransport::recv_cb(rtcan_msg_t&)
 .text._ZN4core2mw14RTCANTransportD2Ev
                0x08004370       0x14 CMakeFiles/firmware.dir/home/airlab/robocom/Core/core/core-transport-rtcan/src/RTCANTransport.cpp.obj
                0x08004370                core::mw::RTCANTransport::~RTCANTransport()
                0x08004370                core::mw::RTCANTransport::~RTCANTransport()
 *fill*         0x08004384        0xc 
 .text._ZN4core2mw14RTCANTransportD0Ev
                0x08004390       0x14 CMakeFiles/firmware.dir/home/airlab/robocom/Core/core/core-transport-rtcan/src/RTCANTransport.cpp.obj
                0x08004390                core::mw::RTCANTransport::~RTCANTransport()
 *fill*         0x080043a4        0xc 
 .text._ZNK4core2mw14RTCANTransport16create_publisherERNS0_5TopicEPKh
                0x080043b0       0x94 CMakeFiles/firmware.dir/home/airlab/robocom/Core/core/core-transport-rtcan/src/RTCANTransport.cpp.obj
                0x080043b0                core::mw::RTCANTransport::create_publisher(core::mw::Topic&, unsigned char const*) const
 *fill*         0x08004444        0xc 
 .text._ZN4core2mw14RTCANTransport4sendEPNS0_7MessageEPNS0_15RTCANSubscriberE
                0x08004450       0x4c CMakeFiles/firmware.dir/home/airlab/robocom/Core/core/core-transport-rtcan/src/RTCANTransport.cpp.obj
                0x08004450                core::mw::RTCANTransport::send(core::mw::Message*, core::mw::RTCANSubscriber*)
 *fill*         0x0800449c        0x4 
 .text._ZN4core2mw14RTCANTransportC2EP11RTCANDriver
                0x080044a0       0x7c CMakeFiles/firmware.dir/home/airlab/robocom/Core/core/core-transport-rtcan/src/RTCANTransport.cpp.obj
                0x080044a0                core::mw::RTCANTransport::RTCANTransport(RTCANDriver*)
                0x080044a0                core::mw::RTCANTransport::RTCANTransport(RTCANDriver*)
 *fill*         0x0800451c        0x4 
 .text._ZNK4core2mw14RTCANTransport8topic_idERKNS0_5TopicE
                0x08004520       0xac CMakeFiles/firmware.dir/home/airlab/robocom/Core/core/core-transport-rtcan/src/RTCANTransport.cpp.obj
                0x08004520                core::mw::RTCANTransport::topic_id(core::mw::Topic const&) const
 *fill*         0x080045cc        0x4 
 .text._ZNK4core2mw14RTCANTransport17create_subscriberERNS0_5TopicEPNS0_22TimestampedMsgPtrQueue5EntryEj
                0x080045d0       0x30 CMakeFiles/firmware.dir/home/airlab/robocom/Core/core/core-transport-rtcan/src/RTCANTransport.cpp.obj
                0x080045d0                core::mw::RTCANTransport::create_subscriber(core::mw::Topic&, core::mw::TimestampedMsgPtrQueue::Entry*, unsigned int) const
 .text._ZN4core2mw14RTCANTransport15fill_raw_paramsERKNS0_5TopicEPh
                0x08004600        0xc CMakeFiles/firmware.dir/home/airlab/robocom/Core/core/core-transport-rtcan/src/RTCANTransport.cpp.obj
                0x08004600                core::mw::RTCANTransport::fill_raw_params(core::mw::Topic const&, unsigned char*)
 *fill*         0x0800460c        0x4 
 .text._ZN4core2mw14RTCANTransport10initializeERK11RTCANConfig
                0x08004610       0x94 CMakeFiles/firmware.dir/home/airlab/robocom/Core/core/core-transport-rtcan/src/RTCANTransport.cpp.obj
                0x08004610                core::mw::RTCANTransport::initialize(RTCANConfig const&)
 *fill*         0x080046a4        0xc 
 .text._ZN4core2mw14RTCANPublisherD2Ev
                0x080046b0       0x14 CMakeFiles/firmware.dir/home/airlab/robocom/Core/core/core-transport-rtcan/src/RTCANPublisher.cpp.obj
                0x080046b0                core::mw::RTCANPublisher::~RTCANPublisher()
                0x080046b0                core::mw::RTCANPublisher::~RTCANPublisher()
 *fill*         0x080046c4        0xc 
 .text._ZN4core2mw14RTCANPublisherD0Ev
                0x080046d0       0x14 CMakeFiles/firmware.dir/home/airlab/robocom/Core/core/core-transport-rtcan/src/RTCANPublisher.cpp.obj
                0x080046d0                core::mw::RTCANPublisher::~RTCANPublisher()
 *fill*         0x080046e4        0xc 
 .text._ZN4core2mw14RTCANPublisherC2ERNS0_9TransportE
                0x080046f0       0x14 CMakeFiles/firmware.dir/home/airlab/robocom/Core/core/core-transport-rtcan/src/RTCANPublisher.cpp.obj
                0x080046f0                core::mw::RTCANPublisher::RTCANPublisher(core::mw::Transport&)
                0x080046f0                core::mw::RTCANPublisher::RTCANPublisher(core::mw::Transport&)
 *fill*         0x08004704        0xc 
 .text._ZN4core2mw15RTCANSubscriber6notifyERNS0_7MessageERKNS_2os4TimeEb
                0x08004710       0x18 CMakeFiles/firmware.dir/home/airlab/robocom/Core/core/core-transport-rtcan/src/RTCANSubscriber.cpp.obj